Archive member included to satisfy reference by file (symbol)

/home/student/git/workspace_mct/YAHAL/libYAHAL_msp432.a(spi_msp432.cpp.o)
                              ./main.o (spi_msp432::spi_msp432(EUSCI_B_SPI_Type*, gpio_pin&, bool, unsigned short))
/home/student/git/workspace_mct/YAHAL/libYAHAL_msp432.a(gpio_msp432.cpp.o)
                              ./main.o (gpio_msp432::inst)
/home/student/git/workspace_mct/YAHAL/libYAHAL_msp432.a(timer_msp432.cpp.o)
                              ./main.o (timer_msp432::timer_msp432(Timer32_Type*))
/home/student/git/workspace_mct/YAHAL/libYAHAL_msp432.a(irq_dispatcher.cpp.o)
                              /home/student/git/workspace_mct/YAHAL/libYAHAL_msp432.a(spi_msp432.cpp.o) (irq_dispatcher::link_in())
/home/student/git/workspace_mct/YAHAL/libYAHAL_msp432.a(st7735s_drv.cpp.o)
                              ./main.o (st7735s_drv::Crystalfontz_128x128)
/home/student/git/workspace_mct/YAHAL/libYAHAL_msp432.a(String.cpp.o)
                              ./main.o (String::String(char const*))
/home/student/git/workspace_mct/YAHAL/libYAHAL_msp432.a(uGUI.cpp.o)
                              ./main.o (uGUI::uGUI(lcd_interface&))
/home/student/git/workspace_mct/YAHAL/libYAHAL_msp432.a(font_6x10.cpp.o)
                              ./main.o (font_6x10)
/home/student/git/workspace_mct/YAHAL/libYAHAL_msp432.a(font_5x8.cpp.o)
                              ./main.o (font_5x8)
/home/student/git/workspace_mct/YAHAL/libYAHAL_msp432.a(font_6x8.cpp.o)
                              ./main.o (font_6x8)
/home/student/git/workspace_mct/YAHAL/libYAHAL_msp432.a(font_8x12.cpp.o)
                              ./main.o (font_8x12)
/home/student/git/workspace_mct/YAHAL/libYAHAL_msp432.a(font_5x12.cpp.o)
                              ./main.o (font_5x12)
/home/student/git/workspace_mct/YAHAL/libYAHAL_msp432.a(font_7x12.cpp.o)
                              ./main.o (font_7x12)
/home/student/git/workspace_mct/YAHAL/libYAHAL_msp432.a(font_4x6.cpp.o)
                              ./main.o (font_4x6)
/opt/ti/ccsv7/tools/compiler/gcc-arm-none-eabi-6-2017-q1-update/bin/../lib/gcc/arm-none-eabi/6.3.1/thumb/v7e-m/fpv4-sp/hard/libgcc.a(unwind-arm.o)
                              ./main.o (__aeabi_unwind_cpp_pr0)
/opt/ti/ccsv7/tools/compiler/gcc-arm-none-eabi-6-2017-q1-update/bin/../lib/gcc/arm-none-eabi/6.3.1/thumb/v7e-m/fpv4-sp/hard/libgcc.a(libunwind.o)
                              /opt/ti/ccsv7/tools/compiler/gcc-arm-none-eabi-6-2017-q1-update/bin/../lib/gcc/arm-none-eabi/6.3.1/thumb/v7e-m/fpv4-sp/hard/libgcc.a(unwind-arm.o) (restore_core_regs)
/opt/ti/ccsv7/tools/compiler/gcc-arm-none-eabi-6-2017-q1-update/bin/../lib/gcc/arm-none-eabi/6.3.1/thumb/v7e-m/fpv4-sp/hard/libgcc.a(pr-support.o)
                              /opt/ti/ccsv7/tools/compiler/gcc-arm-none-eabi-6-2017-q1-update/bin/../lib/gcc/arm-none-eabi/6.3.1/thumb/v7e-m/fpv4-sp/hard/libgcc.a(unwind-arm.o) (__gnu_unwind_execute)
/opt/ti/ccsv7/tools/compiler/gcc-arm-none-eabi-6-2017-q1-update/bin/../lib/gcc/arm-none-eabi/6.3.1/../../../../arm-none-eabi/lib/thumb/v7e-m/fpv4-sp/hard/libc_nano.a(lib_a-abort.o)
                              /opt/ti/ccsv7/tools/compiler/gcc-arm-none-eabi-6-2017-q1-update/bin/../lib/gcc/arm-none-eabi/6.3.1/thumb/v7e-m/fpv4-sp/hard/libgcc.a(unwind-arm.o) (abort)
/opt/ti/ccsv7/tools/compiler/gcc-arm-none-eabi-6-2017-q1-update/bin/../lib/gcc/arm-none-eabi/6.3.1/../../../../arm-none-eabi/lib/thumb/v7e-m/fpv4-sp/hard/libc_nano.a(lib_a-aeabi_atexit.o)
                              ./main.o (__aeabi_atexit)
/opt/ti/ccsv7/tools/compiler/gcc-arm-none-eabi-6-2017-q1-update/bin/../lib/gcc/arm-none-eabi/6.3.1/../../../../arm-none-eabi/lib/thumb/v7e-m/fpv4-sp/hard/libc_nano.a(lib_a-cxa_atexit.o)
                              /opt/ti/ccsv7/tools/compiler/gcc-arm-none-eabi-6-2017-q1-update/bin/../lib/gcc/arm-none-eabi/6.3.1/../../../../arm-none-eabi/lib/thumb/v7e-m/fpv4-sp/hard/libc_nano.a(lib_a-aeabi_atexit.o) (__cxa_atexit)
/opt/ti/ccsv7/tools/compiler/gcc-arm-none-eabi-6-2017-q1-update/bin/../lib/gcc/arm-none-eabi/6.3.1/../../../../arm-none-eabi/lib/thumb/v7e-m/fpv4-sp/hard/libc_nano.a(lib_a-exit.o)
                              /opt/ti/ccsv7/tools/compiler/gcc-arm-none-eabi-6-2017-q1-update/bin/../lib/gcc/arm-none-eabi/6.3.1/../../../../arm-none-eabi/lib/thumb/v7e-m/fpv4-sp/hard/crt0.o (exit)
/opt/ti/ccsv7/tools/compiler/gcc-arm-none-eabi-6-2017-q1-update/bin/../lib/gcc/arm-none-eabi/6.3.1/../../../../arm-none-eabi/lib/thumb/v7e-m/fpv4-sp/hard/libc_nano.a(lib_a-impure.o)
                              /opt/ti/ccsv7/tools/compiler/gcc-arm-none-eabi-6-2017-q1-update/bin/../lib/gcc/arm-none-eabi/6.3.1/../../../../arm-none-eabi/lib/thumb/v7e-m/fpv4-sp/hard/libc_nano.a(lib_a-exit.o) (_global_impure_ptr)
/opt/ti/ccsv7/tools/compiler/gcc-arm-none-eabi-6-2017-q1-update/bin/../lib/gcc/arm-none-eabi/6.3.1/../../../../arm-none-eabi/lib/thumb/v7e-m/fpv4-sp/hard/libc_nano.a(lib_a-init.o)
[...]
Memory Configuration

Name             Origin             Length             Attributes
MAIN_FLASH       0x0000000000000000 0x0000000000040000 xr
INFO_FLASH       0x0000000000200000 0x0000000000004000 xr
SRAM_CODE        0x0000000001000000 0x0000000000010000 xrw
SRAM_DATA        0x0000000020000000 0x0000000000010000 rw
*default*        0x0000000000000000 0xffffffffffffffff

Linker script and memory map

LOAD /opt/ti/ccsv7/tools/compiler/gcc-arm-none-eabi-6-2017-q1-update/bin/../lib/gcc/arm-none-eabi/6.3.1/thumb/v7e-m/fpv4-sp/hard/crti.o
LOAD /opt/ti/ccsv7/tools/compiler/gcc-arm-none-eabi-6-2017-q1-update/bin/../lib/gcc/arm-none-eabi/6.3.1/thumb/v7e-m/fpv4-sp/hard/crtbegin.o
LOAD /opt/ti/ccsv7/tools/compiler/gcc-arm-none-eabi-6-2017-q1-update/bin/../lib/gcc/arm-none-eabi/6.3.1/../../../../arm-none-eabi/lib/thumb/v7e-m/fpv4-sp/hard/crt0.o
LOAD ./main.o
LOAD ./startup_msp432p401r_gcc.o
LOAD ./system_msp432p401r.o
                0x0000000000000000                PROVIDE (_intvecs_base_address, DEFINED (_intvecs_base_address)?_intvecs_base_address:0x0)

.intvecs        0x0000000000000000       0xe4
 *(.intvecs)
 .intvecs       0x0000000000000000       0xe4 ./startup_msp432p401r_gcc.o
                0x0000000000000000                interruptVectors
                0x0000000000200000                PROVIDE (_mailbox_base_address, 0x200000)

.flashMailbox
 *(.flashMailbox)
                0x0000000000201000                PROVIDE (_tlv_base_address, 0x201000)

.tlvTable
 *(.tlvTable)
                0x0000000000202000                PROVIDE (_bsl_base_address, 0x202000)

.bslArea
 *(.bslArea)
                0x0000000020000000                PROVIDE (_vtable_base_address, DEFINED (_vtable_base_address)?_vtable_base_address:0x20000000)

.vtable
 *(.vtable)

.text           0x00000000000000e4     0xa8a4
 CREATE_OBJECT_SYMBOLS
 *(.text)
 .text          0x00000000000000e4        0x0 /opt/ti/ccsv7/tools/compiler/gcc-arm-none-eabi-6-2017-q1-update/bin/../lib/gcc/arm-none-eabi/6.3.1/thumb/v7e-m/fpv4-sp/hard/crti.o
 .text          0x00000000000000e4       0x6c /opt/ti/ccsv7/tools/compiler/gcc-arm-none-eabi-6-2017-q1-update/bin/../lib/gcc/arm-none-eabi/6.3.1/thumb/v7e-m/fpv4-sp/hard/crtbegin.o
 .text          0x0000000000000150       0x74 /opt/ti/ccsv7/tools/compiler/gcc-arm-none-eabi-6-2017-q1-update/bin/../lib/gcc/arm-none-eabi/6.3.1/../../../../arm-none-eabi/lib/thumb/v7e-m/fpv4-sp/hard/crt0.o
                0x0000000000000150                _mainCRTStartup
                0x0000000000000150                _start
 .text          0x00000000000001c4      0x74c ./main.o
                0x00000000000001e0                callback1(void*)
                0x00000000000001fc                startTakt()
                0x0000000000000234                wartenAuf(gpio_msp432_pin*)
                0x000000000000025a                WriteBool(bool)
                0x00000000000002a4                sendeZahl(int)
                0x0000000000000302                ReadBool()
                0x000000000000034c                callback2(void*)
                0x0000000000000366                waithalbertakt()
                0x00000000000003d8                begriff(bool)
                0x000000000000055c                start()
                0x00000000000007bc                leseZahl()
                0x0000000000000828                leseerror()
                0x0000000000000856                main
 .text          0x0000000000000910       0x4c ./startup_msp432p401r_gcc.o
                0x0000000000000910                Reset_Handler
                0x0000000000000954                CS_IRQHandler
                0x0000000000000954                DebugMon_Handler
                0x0000000000000954                AES256_IRQHandler
                0x0000000000000954                HardFault_Handler
                0x0000000000000954                SysTick_Handler
                0x0000000000000954                PendSV_Handler
                0x0000000000000954                NMI_Handler
                0x0000000000000954                RTC_C_IRQHandler
                0x0000000000000954                FPU_IRQHandler
                0x0000000000000954                TA3_0_IRQHandler
                0x0000000000000954                UsageFault_Handler
                0x0000000000000954                DMA_INT3_IRQHandler
                0x0000000000000954                TA2_0_IRQHandler
                0x0000000000000954                DMA_INT1_IRQHandler
                0x0000000000000954                WDT_A_IRQHandler
                0x0000000000000954                TA2_N_IRQHandler
                0x0000000000000954                TA1_0_IRQHandler
                0x0000000000000954                PSS_IRQHandler
                0x0000000000000954                DMA_INT2_IRQHandler
                0x0000000000000954                DMA_INT0_IRQHandler
                0x0000000000000954                Default_Handler
                0x0000000000000954                T32_INTC_IRQHandler
                0x0000000000000954                TA3_N_IRQHandler
                0x0000000000000954                TA0_0_IRQHandler
                0x0000000000000954                MemManage_Handler
                0x0000000000000954                SVC_Handler
                0x0000000000000954                TA1_N_IRQHandler
                0x0000000000000954                COMP_E1_IRQHandler
                0x0000000000000954                FLCTL_IRQHandler
                0x0000000000000954                DMA_ERR_IRQHandler
                0x0000000000000954                ADC14_IRQHandler
                0x0000000000000954                BusFault_Handler
                0x0000000000000954                PCM_IRQHandler
                0x0000000000000954                TA0_N_IRQHandler
                0x0000000000000954                COMP_E0_IRQHandler
 .text          0x000000000000095c      0x3c0 ./system_msp432p401r.o
                0x000000000000095c                SystemCoreClockUpdate
                0x0000000000000c54                SystemInit
 .text          0x0000000000000d1c        0x0 /home/student/git/workspace_mct/YAHAL/libYAHAL_msp432.a(spi_msp432.cpp.o)
 .text          0x0000000000000d1c        0x0 /home/student/git/workspace_mct/YAHAL/libYAHAL_msp432.a(gpio_msp432.cpp.o)
 .text          0x0000000000000d1c        0x0 /home/student/git/workspace_mct/YAHAL/libYAHAL_msp432.a(timer_msp432.cpp.o)
 .text          0x0000000000000d1c        0x0 /home/student/git/workspace_mct/YAHAL/libYAHAL_msp432.a(irq_dispatcher.cpp.o)
 .text          0x0000000000000d1c        0x0 /home/student/git/workspace_mct/YAHAL/libYAHAL_msp432.a(st7735s_drv.cpp.o)
 .text          0x0000000000000d1c        0x0 /home/student/git/workspace_mct/YAHAL/libYAHAL_msp432.a(String.cpp.o)
 .text          0x0000000000000d1c        0x0 /home/student/git/workspace_mct/YAHAL/libYAHAL_msp432.a(uGUI.cpp.o)
 .text          0x0000000000000d1c        0x0 /home/student/git/workspace_mct/YAHAL/libYAHAL_msp432.a(font_6x10.cpp.o)
 .text          0x0000000000000d1c        0x0 /home/student/git/workspace_mct/YAHAL/libYAHAL_msp432.a(font_5x8.cpp.o)
 .text          0x0000000000000d1c        0x0 /home/student/git/workspace_mct/YAHAL/libYAHAL_msp432.a(font_6x8.cpp.o)
 .text          0x0000000000000d1c        0x0 /home/student/git/workspace_mct/YAHAL/libYAHAL_msp432.a(font_8x12.cpp.o)
 .text          0x0000000000000d1c        0x0 /home/student/git/workspace_mct/YAHAL/libYAHAL_msp432.a(font_5x12.cpp.o)
 .text          0x0000000000000d1c        0x0 /home/student/git/workspace_mct/YAHAL/libYAHAL_msp432.a(font_7x12.cpp.o)
 .text          0x0000000000000d1c        0x0 /home/student/git/workspace_mct/YAHAL/libYAHAL_msp432.a(font_4x6.cpp.o)
 .text          0x0000000000000d1c      0x9cc /opt/ti/ccsv7/tools/compiler/gcc-arm-none-eabi-6-2017-q1-update/bin/../lib/gcc/arm-none-eabi/6.3.1/thumb/v7e-m/fpv4-sp/hard/libgcc.a(unwind-arm.o)
                0x0000000000000fdc                _Unwind_GetCFA
                0x0000000000000fe0                __gnu_Unwind_RaiseException
                0x0000000000001040                __gnu_Unwind_ForcedUnwind
                0x0000000000001054                __gnu_Unwind_Resume
                0x0000000000001098                __gnu_Unwind_Resume_or_Rethrow
                0x00000000000010a8                _Unwind_Complete
                0x00000000000010ac                _Unwind_DeleteException
                0x00000000000010b8                _Unwind_VRS_Get
                0x0000000000001104                _Unwind_VRS_Set
                0x0000000000001154                __gnu_Unwind_Backtrace
                0x0000000000001494                __aeabi_unwind_cpp_pr0
                0x0000000000001498                __aeabi_unwind_cpp_pr1
                0x000000000000149c                __aeabi_unwind_cpp_pr2
                0x00000000000014a0                _Unwind_VRS_Pop
 .text          0x00000000000016e8      0x1ac /opt/ti/ccsv7/tools/compiler/gcc-arm-none-eabi-6-2017-q1-update/bin/../lib/gcc/arm-none-eabi/6.3.1/thumb/v7e-m/fpv4-sp/hard/libgcc.a(libunwind.o)
                0x00000000000016e8                __restore_core_regs
                0x00000000000016e8                restore_core_regs
                0x0000000000001700                __gnu_Unwind_Restore_VFP
                0x0000000000001708                __gnu_Unwind_Save_VFP
                0x0000000000001710                __gnu_Unwind_Restore_VFP_D
                0x0000000000001718                __gnu_Unwind_Save_VFP_D
                0x0000000000001720                __gnu_Unwind_Restore_VFP_D_16_to_31
                0x0000000000001728                __gnu_Unwind_Save_VFP_D_16_to_31
                0x0000000000001730                __gnu_Unwind_Restore_WMMXD
                0x0000000000001774                __gnu_Unwind_Save_WMMXD
                0x00000000000017b8                __gnu_Unwind_Restore_WMMXC
                0x00000000000017cc                __gnu_Unwind_Save_WMMXC
                0x00000000000017e0                ___Unwind_RaiseException
                0x00000000000017e0                _Unwind_RaiseException
                0x0000000000001804                ___Unwind_Resume
                0x0000000000001804                _Unwind_Resume
                0x0000000000001828                _Unwind_Resume_or_Rethrow
                0x0000000000001828                ___Unwind_Resume_or_Rethrow
                0x000000000000184c                ___Unwind_ForcedUnwind
                0x000000000000184c                _Unwind_ForcedUnwind
                0x0000000000001870                _Unwind_Backtrace
                0x0000000000001870                ___Unwind_Backtrace
 .text          0x0000000000001894      0x380 /opt/ti/ccsv7/tools/compiler/gcc-arm-none-eabi-6-2017-q1-update/bin/../lib/gcc/arm-none-eabi/6.3.1/thumb/v7e-m/fpv4-sp/hard/libgcc.a(pr-support.o)
                0x00000000000018ec                __gnu_unwind_execute
                0x0000000000001bbc                __gnu_unwind_frame
                0x0000000000001be4                _Unwind_GetRegionStart
                0x0000000000001bf0                _Unwind_GetLanguageSpecificData
                0x0000000000001c04                _Unwind_GetTextRelBase
                0x0000000000001c0c                _Unwind_GetDataRelBase
 .text          0x0000000000001c14        0x0 /opt/ti/ccsv7/tools/compiler/gcc-arm-none-eabi-6-2017-q1-update/bin/../lib/gcc/arm-none-eabi/6.3.1/../../../../arm-none-eabi/lib/thumb/v7e-m/fpv4-sp/hard/libc_nano.a(lib_a-abort.o)
 .text          0x0000000000001c14        0x0 /opt/ti/ccsv7/tools/compiler/gcc-arm-none-eabi-6-2017-q1-update/bin/../lib/gcc/arm-none-eabi/6.3.1/../../../../arm-none-eabi/lib/thumb/v7e-m/fpv4-sp/hard/libc_nano.a(lib_a-aeabi_atexit.o)
 .text          0x0000000000001c14        0x0 /opt/ti/ccsv7/tools/compiler/gcc-arm-none-eabi-6-2017-q1-update/bin/../lib/gcc/arm-none-eabi/6.3.1/../../../../arm-none-eabi/lib/thumb/v7e-m/fpv4-sp/hard/libc_nano.a(lib_a-cxa_atexit.o)
 .text          0x0000000000001c14        0x0 /opt/ti/ccsv7/tools/compiler/gcc-arm-none-eabi-6-2017-q1-update/bin/../lib/gcc/arm-none-eabi/6.3.1/../../../../arm-none-eabi/lib/thumb/v7e-m/fpv4-sp/hard/libc_nano.a(lib_a-exit.o)
 .text          0x0000000000001c14        0x0 /opt/ti/ccsv7/tools/compiler/gcc-arm-none-eabi-6-2017-q1-update/bin/../lib/gcc/arm-none-eabi/6.3.1/../../../../arm-none-eabi/lib/thumb/v7e-m/fpv4-sp/hard/libc_nano.a(lib_a-impure.o)
 .text          0x0000000000001c14        0x0 /opt/ti/ccsv7/tools/compiler/gcc-arm-none-eabi-6-2017-q1-update/bin/../lib/gcc/arm-none-eabi/6.3.1/../../../../arm-none-eabi/lib/thumb/v7e-m/fpv4-sp/hard/libc_nano.a(lib_a-init.o)
 .text          0x0000000000001c14        0x0 /opt/ti/ccsv7/tools/compiler/gcc-arm-none-eabi-6-2017-q1-update/bin/../lib/gcc/arm-none-eabi/6.3.1/../../../../arm-none-eabi/lib/thumb/v7e-m/fpv4-sp/hard/libc_nano.a(lib_a-memcpy-stub.o)
 .text          0x0000000000001c14        0x0 /opt/ti/ccsv7/tools/compiler/gcc-arm-none-eabi-6-2017-q1-update/bin/../lib/gcc/arm-none-eabi/6.3.1/../../../../arm-none-eabi/lib/thumb/v7e-m/fpv4-sp/hard/libc_nano.a(lib_a-memset.o)
 .text          0x0000000000001c14        0x0 /opt/ti/ccsv7/tools/compiler/gcc-arm-none-eabi-6-2017-q1-update/bin/../lib/gcc/arm-none-eabi/6.3.1/../../../../arm-none-eabi/lib/thumb/v7e-m/fpv4-sp/hard/libc_nano.a(lib_a-on_exit_args.o)
 .text          0x0000000000001c14        0x0 /opt/ti/ccsv7/tools/compiler/gcc-arm-none-eabi-6-2017-q1-update/bin/../lib/gcc/arm-none-eabi/6.3.1/../../../../arm-none-eabi/lib/thumb/v7e-m/fpv4-sp/hard/libc_nano.a(lib_a-rand.o)
 .text          0x0000000000001c14        0x0 /opt/ti/ccsv7/tools/compiler/gcc-arm-none-eabi-6-2017-q1-update/bin/../lib/gcc/arm-none-eabi/6.3.1/../../../../arm-none-eabi/lib/thumb/v7e-m/fpv4-sp/hard/libc_nano.a(lib_a-signal.o)
 .text          0x0000000000001c14        0x0 /opt/ti/ccsv7/tools/compiler/gcc-arm-none-eabi-6-2017-q1-update/bin/../lib/gcc/arm-none-eabi/6.3.1/../../../../arm-none-eabi/lib/thumb/v7e-m/fpv4-sp/hard/libc_nano.a(lib_a-signalr.o)
 .text          0x0000000000001c14        0x0 /opt/ti/ccsv7/tools/compiler/gcc-arm-none-eabi-6-2017-q1-update/bin/../lib/gcc/arm-none-eabi/6.3.1/../../../../arm-none-eabi/lib/thumb/v7e-m/fpv4-sp/hard/libc_nano.a(lib_a-strcat.o)
 .text          0x0000000000001c14        0x0 /opt/ti/ccsv7/tools/compiler/gcc-arm-none-eabi-6-2017-q1-update/bin/../lib/gcc/arm-none-eabi/6.3.1/../../../../arm-none-eabi/lib/thumb/v7e-m/fpv4-sp/hard/libc_nano.a(lib_a-strcpy.o)
 .text          0x0000000000001c14       0x10 /opt/ti/ccsv7/tools/compiler/gcc-arm-none-eabi-6-2017-q1-update/bin/../lib/gcc/arm-none-eabi/6.3.1/../../../../arm-none-eabi/lib/thumb/v7e-m/fpv4-sp/hard/libc_nano.a(lib_a-strlen.o)
                0x0000000000001c14                strlen
 .text          0x0000000000001c24        0x0 /opt/ti/ccsv7/tools/compiler/gcc-arm-none-eabi-6-2017-q1-update/bin/../lib/gcc/arm-none-eabi/6.3.1/../../../../arm-none-eabi/lib/thumb/v7e-m/fpv4-sp/hard/libc_nano.a(lib_a-time.o)
 .text          0x0000000000001c24        0x0 /opt/ti/ccsv7/tools/compiler/gcc-arm-none-eabi-6-2017-q1-update/bin/../lib/gcc/arm-none-eabi/6.3.1/../../../../arm-none-eabi/lib/thumb/v7e-m/fpv4-sp/hard/libc_nano.a(lib_a-gettimeofdayr.o)
 .text          0x0000000000001c24        0x0 /opt/ti/ccsv7/tools/compiler/gcc-arm-none-eabi-6-2017-q1-update/bin/../lib/gcc/arm-none-eabi/6.3.1/../../../../arm-none-eabi/lib/thumb/v7e-m/fpv4-sp/hard/libc_nano.a(lib_a-malloc.o)
 .text          0x0000000000001c24        0x0 /opt/ti/ccsv7/tools/compiler/gcc-arm-none-eabi-6-2017-q1-update/bin/../lib/gcc/arm-none-eabi/6.3.1/../../../../arm-none-eabi/lib/thumb/v7e-m/fpv4-sp/hard/libc_nano.a(lib_a-nano-freer.o)
 .text          0x0000000000001c24        0x0 /opt/ti/ccsv7/tools/compiler/gcc-arm-none-eabi-6-2017-q1-update/bin/../lib/gcc/arm-none-eabi/6.3.1/../../../../arm-none-eabi/lib/thumb/v7e-m/fpv4-sp/hard/libc_nano.a(lib_a-nano-mallocr.o)
 .text          0x0000000000001c24        0x0 /opt/ti/ccsv7/tools/compiler/gcc-arm-none-eabi-6-2017-q1-update/bin/../lib/gcc/arm-none-eabi/6.3.1/../../../../arm-none-eabi/lib/thumb/v7e-m/fpv4-sp/hard/libc_nano.a(lib_a-reent.o)
 .text          0x0000000000001c24        0x0 /opt/ti/ccsv7/tools/compiler/gcc-arm-none-eabi-6-2017-q1-update/bin/../lib/gcc/arm-none-eabi/6.3.1/../../../../arm-none-eabi/lib/thumb/v7e-m/fpv4-sp/hard/libc_nano.a(lib_a-sbrkr.o)
 .text          0x0000000000001c24        0x0 /opt/ti/ccsv7/tools/compiler/gcc-arm-none-eabi-6-2017-q1-update/bin/../lib/gcc/arm-none-eabi/6.3.1/../../../../arm-none-eabi/lib/thumb/v7e-m/fpv4-sp/hard/libc_nano.a(lib_a-mlock.o)
 .text          0x0000000000001c24        0x0 /opt/ti/ccsv7/tools/compiler/gcc-arm-none-eabi-6-2017-q1-update/bin/../lib/gcc/arm-none-eabi/6.3.1/../../../../arm-none-eabi/lib/thumb/v7e-m/fpv4-sp/hard/libsupc++_nano.a(class_type_info.o)
 .text          0x0000000000001c24        0x0 /opt/ti/ccsv7/tools/compiler/gcc-arm-none-eabi-6-2017-q1-update/bin/../lib/gcc/arm-none-eabi/6.3.1/../../../../arm-none-eabi/lib/thumb/v7e-m/fpv4-sp/hard/libsupc++_nano.a(del_op.o)
 .text          0x0000000000001c24        0x0 /opt/ti/ccsv7/tools/compiler/gcc-arm-none-eabi-6-2017-q1-update/bin/../lib/gcc/arm-none-eabi/6.3.1/../../../../arm-none-eabi/lib/thumb/v7e-m/fpv4-sp/hard/libsupc++_nano.a(del_ops.o)
 .text          0x0000000000001c24        0x0 /opt/ti/ccsv7/tools/compiler/gcc-arm-none-eabi-6-2017-q1-update/bin/../lib/gcc/arm-none-eabi/6.3.1/../../../../arm-none-eabi/lib/thumb/v7e-m/fpv4-sp/hard/libsupc++_nano.a(del_opv.o)
 .text          0x0000000000001c24        0x0 /opt/ti/ccsv7/tools/compiler/gcc-arm-none-eabi-6-2017-q1-update/bin/../lib/gcc/arm-none-eabi/6.3.1/../../../../arm-none-eabi/lib/thumb/v7e-m/fpv4-sp/hard/libsupc++_nano.a(eh_arm.o)
 .text          0x0000000000001c24        0x0 /opt/ti/ccsv7/tools/compiler/gcc-arm-none-eabi-6-2017-q1-update/bin/../lib/gcc/arm-none-eabi/6.3.1/../../../../arm-none-eabi/lib/thumb/v7e-m/fpv4-sp/hard/libsupc++_nano.a(eh_exception.o)
 .text          0x0000000000001c24        0x0 /opt/ti/ccsv7/tools/compiler/gcc-arm-none-eabi-6-2017-q1-update/bin/../lib/gcc/arm-none-eabi/6.3.1/../../../../arm-none-eabi/lib/thumb/v7e-m/fpv4-sp/hard/libsupc++_nano.a(eh_globals.o)
 .text          0x0000000000001c24        0x0 /opt/ti/ccsv7/tools/compiler/gcc-arm-none-eabi-6-2017-q1-update/bin/../lib/gcc/arm-none-eabi/6.3.1/../../../../arm-none-eabi/lib/thumb/v7e-m/fpv4-sp/hard/libsupc++_nano.a(eh_personality.o)
 .text          0x0000000000001c24        0x0 /opt/ti/ccsv7/tools/compiler/gcc-arm-none-eabi-6-2017-q1-update/bin/../lib/gcc/arm-none-eabi/6.3.1/../../../../arm-none-eabi/lib/thumb/v7e-m/fpv4-sp/hard/libsupc++_nano.a(eh_terminate.o)
 .text          0x0000000000001c24        0x0 /opt/ti/ccsv7/tools/compiler/gcc-arm-none-eabi-6-2017-q1-update/bin/../lib/gcc/arm-none-eabi/6.3.1/../../../../arm-none-eabi/lib/thumb/v7e-m/fpv4-sp/hard/libsupc++_nano.a(eh_unex_handler.o)
 .text          0x0000000000001c24        0x0 /opt/ti/ccsv7/tools/compiler/gcc-arm-none-eabi-6-2017-q1-update/bin/../lib/gcc/arm-none-eabi/6.3.1/../../../../arm-none-eabi/lib/thumb/v7e-m/fpv4-sp/hard/libsupc++_nano.a(new_opv.o)
 .text          0x0000000000001c24        0x0 /opt/ti/ccsv7/tools/compiler/gcc-arm-none-eabi-6-2017-q1-update/bin/../lib/gcc/arm-none-eabi/6.3.1/../../../../arm-none-eabi/lib/thumb/v7e-m/fpv4-sp/hard/libsupc++_nano.a(pure.o)
 .text          0x0000000000001c24        0x0 /opt/ti/ccsv7/tools/compiler/gcc-arm-none-eabi-6-2017-q1-update/bin/../lib/gcc/arm-none-eabi/6.3.1/../../../../arm-none-eabi/lib/thumb/v7e-m/fpv4-sp/hard/libsupc++_nano.a(si_class_type_info.o)
 .text          0x0000000000001c24        0x0 /opt/ti/ccsv7/tools/compiler/gcc-arm-none-eabi-6-2017-q1-update/bin/../lib/gcc/arm-none-eabi/6.3.1/../../../../arm-none-eabi/lib/thumb/v7e-m/fpv4-sp/hard/libsupc++_nano.a(tinfo.o)
 .text          0x0000000000001c24        0x0 /opt/ti/ccsv7/tools/compiler/gcc-arm-none-eabi-6-2017-q1-update/bin/../lib/gcc/arm-none-eabi/6.3.1/../../../../arm-none-eabi/lib/thumb/v7e-m/fpv4-sp/hard/libsupc++_nano.a(eh_call.o)
 .text          0x0000000000001c24        0x0 /opt/ti/ccsv7/tools/compiler/gcc-arm-none-eabi-6-2017-q1-update/bin/../lib/gcc/arm-none-eabi/6.3.1/../../../../arm-none-eabi/lib/thumb/v7e-m/fpv4-sp/hard/libsupc++_nano.a(eh_catch.o)
 .text          0x0000000000001c24        0x0 /opt/ti/ccsv7/tools/compiler/gcc-arm-none-eabi-6-2017-q1-update/bin/../lib/gcc/arm-none-eabi/6.3.1/../../../../arm-none-eabi/lib/thumb/v7e-m/fpv4-sp/hard/libsupc++_nano.a(eh_term_handler.o)
 .text          0x0000000000001c24        0x0 /opt/ti/ccsv7/tools/compiler/gcc-arm-none-eabi-6-2017-q1-update/bin/../lib/gcc/arm-none-eabi/6.3.1/../../../../arm-none-eabi/lib/thumb/v7e-m/fpv4-sp/hard/libsupc++_nano.a(new_op.o)
 .text          0x0000000000001c24        0x0 /opt/ti/ccsv7/tools/compiler/gcc-arm-none-eabi-6-2017-q1-update/bin/../lib/gcc/arm-none-eabi/6.3.1/../../../../arm-none-eabi/lib/thumb/v7e-m/fpv4-sp/hard/libsupc++_nano.a(new_handler.o)
 .text          0x0000000000001c24        0x0 /opt/ti/ccsv7/tools/compiler/gcc-arm-none-eabi-6-2017-q1-update/bin/../lib/gcc/arm-none-eabi/6.3.1/../../../../arm-none-eabi/lib/thumb/v7e-m/fpv4-sp/hard/libnosys.a(getpid.o)
 .text          0x0000000000001c24        0x0 /opt/ti/ccsv7/tools/compiler/gcc-arm-none-eabi-6-2017-q1-update/bin/../lib/gcc/arm-none-eabi/6.3.1/../../../../arm-none-eabi/lib/thumb/v7e-m/fpv4-sp/hard/libnosys.a(gettod.o)
 .text          0x0000000000001c24        0x0 /opt/ti/ccsv7/tools/compiler/gcc-arm-none-eabi-6-2017-q1-update/bin/../lib/gcc/arm-none-eabi/6.3.1/../../../../arm-none-eabi/lib/thumb/v7e-m/fpv4-sp/hard/libnosys.a(kill.o)
 .text          0x0000000000001c24        0x0 /opt/ti/ccsv7/tools/compiler/gcc-arm-none-eabi-6-2017-q1-update/bin/../lib/gcc/arm-none-eabi/6.3.1/../../../../arm-none-eabi/lib/thumb/v7e-m/fpv4-sp/hard/libnosys.a(sbrk.o)
 .text          0x0000000000001c24        0x0 /opt/ti/ccsv7/tools/compiler/gcc-arm-none-eabi-6-2017-q1-update/bin/../lib/gcc/arm-none-eabi/6.3.1/../../../../arm-none-eabi/lib/thumb/v7e-m/fpv4-sp/hard/libnosys.a(_exit.o)
 .text          0x0000000000001c24       0x14 /opt/ti/ccsv7/tools/compiler/gcc-arm-none-eabi-6-2017-q1-update/bin/../lib/gcc/arm-none-eabi/6.3.1/../../../../arm-none-eabi/lib/thumb/v7e-m/fpv4-sp/hard/libc_nano.a(lib_a-strcmp.o)
                0x0000000000001c24                strcmp
 .text          0x0000000000001c38        0x0 /opt/ti/ccsv7/tools/compiler/gcc-arm-none-eabi-6-2017-q1-update/bin/../lib/gcc/arm-none-eabi/6.3.1/thumb/v7e-m/fpv4-sp/hard/crtend.o
 .text          0x0000000000001c38        0x0 /opt/ti/ccsv7/tools/compiler/gcc-arm-none-eabi-6-2017-q1-update/bin/../lib/gcc/arm-none-eabi/6.3.1/thumb/v7e-m/fpv4-sp/hard/crtn.o
 *(.text.*)
 .text._ZN8gpio_pinC2ER14gpio_interfacet
                0x0000000000001c38       0x28 ./main.o
                0x0000000000001c38                gpio_pin::gpio_pin(gpio_interface&, unsigned short)
                0x0000000000001c38                gpio_pin::gpio_pin(gpio_interface&, unsigned short)
 .text._ZN8gpio_pin8gpioModeEt
                0x0000000000001c60       0x28 ./main.o
                0x0000000000001c60                gpio_pin::gpioMode(unsigned short)
 .text._ZN8gpio_pin8gpioReadEv
                0x0000000000001c88       0x28 ./main.o
                0x0000000000001c88                gpio_pin::gpioRead()
 .text._ZN8gpio_pin9gpioWriteEb
                0x0000000000001cb0       0x2a ./main.o
                0x0000000000001cb0                gpio_pin::gpioWrite(bool)
 .text._ZN8gpio_pin10gpioToggleEv
                0x0000000000001cda       0x26 ./main.o
                0x0000000000001cda                gpio_pin::gpioToggle()
 .text._ZN15gpio_msp432_pinC2Et
                0x0000000000001d00       0x28 ./main.o
                0x0000000000001d00                gpio_msp432_pin::gpio_msp432_pin(unsigned short)
                0x0000000000001d00                gpio_msp432_pin::gpio_msp432_pin(unsigned short)
 .text._ZN6StringcvPKcEv
                0x0000000000001d28       0x18 ./main.o
                0x0000000000001d28                String::operator char const*()
 .text._ZN8gpio_pinC2ER14gpio_interface
                0x0000000000001d40       0x24 /home/student/git/workspace_mct/YAHAL/libYAHAL_msp432.a(spi_msp432.cpp.o)
                0x0000000000001d40                gpio_pin::gpio_pin(gpio_interface&)
                0x0000000000001d40                gpio_pin::gpio_pin(gpio_interface&)
 .text._ZN8gpio_pin7setGpioEt
                0x0000000000001d64       0x1e /home/student/git/workspace_mct/YAHAL/libYAHAL_msp432.a(spi_msp432.cpp.o)
                0x0000000000001d64                gpio_pin::setGpio(unsigned short)
 *fill*         0x0000000000001d82        0x2 
 .text._ZN15gpio_msp432_pinC2Ev
                0x0000000000001d84       0x20 /home/student/git/workspace_mct/YAHAL/libYAHAL_msp432.a(spi_msp432.cpp.o)
                0x0000000000001d84                gpio_msp432_pin::gpio_msp432_pin()
                0x0000000000001d84                gpio_msp432_pin::gpio_msp432_pin()
 .text._ZN15gpio_msp432_pin6setSELEh
                0x0000000000001da4       0x28 /home/student/git/workspace_mct/YAHAL/libYAHAL_msp432.a(spi_msp432.cpp.o)
                0x0000000000001da4                gpio_msp432_pin::setSEL(unsigned char)
 .text._ZN15gpio_msp432_pin7setModeEt
                0x0000000000001dcc       0x28 /home/student/git/workspace_mct/YAHAL/libYAHAL_msp432.a(spi_msp432.cpp.o)
                0x0000000000001dcc                gpio_msp432_pin::setMode(unsigned short)
 .text._ZL17yahal_assert_funcv
                0x0000000000001df4       0x1c /home/student/git/workspace_mct/YAHAL/libYAHAL_msp432.a(spi_msp432.cpp.o)
 .text._ZN13spi_interfaceC2Ev
                0x0000000000001e10       0x20 /home/student/git/workspace_mct/YAHAL/libYAHAL_msp432.a(spi_msp432.cpp.o)
                0x0000000000001e10                spi_interface::spi_interface()
                0x0000000000001e10                spi_interface::spi_interface()
 .text._ZN13spi_interfaceD2Ev
                0x0000000000001e30       0x20 /home/student/git/workspace_mct/YAHAL/libYAHAL_msp432.a(spi_msp432.cpp.o)
                0x0000000000001e30                spi_interface::~spi_interface()
                0x0000000000001e30                spi_interface::~spi_interface()
 .text._ZN13spi_interfaceD0Ev
                0x0000000000001e50       0x1e /home/student/git/workspace_mct/YAHAL/libYAHAL_msp432.a(spi_msp432.cpp.o)
                0x0000000000001e50                spi_interface::~spi_interface()
 *fill*         0x0000000000001e6e        0x2 
 .text._ZN10spi_msp432C2EP16EUSCI_A_SPI_TypeR8gpio_pinbt
                0x0000000000001e70      0x210 /home/student/git/workspace_mct/YAHAL/libYAHAL_msp432.a(spi_msp432.cpp.o)
                0x0000000000001e70                spi_msp432::spi_msp432(EUSCI_A_SPI_Type*, gpio_pin&, bool, unsigned short)
                0x0000000000001e70                spi_msp432::spi_msp432(EUSCI_A_SPI_Type*, gpio_pin&, bool, unsigned short)
 .text._ZN10spi_msp432C2EP16EUSCI_B_SPI_TypeR8gpio_pinbt
                0x0000000000002080      0x20c /home/student/git/workspace_mct/YAHAL/libYAHAL_msp432.a(spi_msp432.cpp.o)
                0x0000000000002080                spi_msp432::spi_msp432(EUSCI_B_SPI_Type*, gpio_pin&, bool, unsigned short)
                0x0000000000002080                spi_msp432::spi_msp432(EUSCI_B_SPI_Type*, gpio_pin&, bool, unsigned short)
 .text._ZN10spi_msp432D2Ev
                0x000000000000228c       0xb4 /home/student/git/workspace_mct/YAHAL/libYAHAL_msp432.a(spi_msp432.cpp.o)
                0x000000000000228c                spi_msp432::~spi_msp432()
                0x000000000000228c                spi_msp432::~spi_msp432()
 .text._ZN10spi_msp432D0Ev
                0x0000000000002340       0x1e /home/student/git/workspace_mct/YAHAL/libYAHAL_msp432.a(spi_msp432.cpp.o)
                0x0000000000002340                spi_msp432::~spi_msp432()
 .text._ZN10spi_msp4328spi_initEv
                0x000000000000235e      0x114 /home/student/git/workspace_mct/YAHAL/libYAHAL_msp432.a(spi_msp432.cpp.o)
                0x000000000000235e                spi_msp432::spi_init()
 .text._ZN10spi_msp4328transferEPhS0_t
                0x0000000000002472       0xfc /home/student/git/workspace_mct/YAHAL/libYAHAL_msp432.a(spi_msp432.cpp.o)
                0x0000000000002472                spi_msp432::transfer(unsigned char*, unsigned char*, unsigned short)
 *fill*         0x000000000000256e        0x2 
 .text._ZN10spi_msp4328setSpeedEm
                0x0000000000002570       0x2c /home/student/git/workspace_mct/YAHAL/libYAHAL_msp432.a(spi_msp432.cpp.o)
                0x0000000000002570                spi_msp432::setSpeed(unsigned long)
 .text.EUSCIA0_SPI_IRQHandler
                0x000000000000259c        0xe /home/student/git/workspace_mct/YAHAL/libYAHAL_msp432.a(spi_msp432.cpp.o)
                0x000000000000259c                EUSCIA0_SPI_IRQHandler
 .text.EUSCIA1_SPI_IRQHandler
                0x00000000000025aa        0xe /home/student/git/workspace_mct/YAHAL/libYAHAL_msp432.a(spi_msp432.cpp.o)
                0x00000000000025aa                EUSCIA1_SPI_IRQHandler
 .text.EUSCIA2_SPI_IRQHandler
                0x00000000000025b8        0xe /home/student/git/workspace_mct/YAHAL/libYAHAL_msp432.a(spi_msp432.cpp.o)
                0x00000000000025b8                EUSCIA2_SPI_IRQHandler
 .text.EUSCIA3_SPI_IRQHandler
                0x00000000000025c6        0xe /home/student/git/workspace_mct/YAHAL/libYAHAL_msp432.a(spi_msp432.cpp.o)
                0x00000000000025c6                EUSCIA3_SPI_IRQHandler
 .text.EUSCIB0_SPI_IRQHandler
                0x00000000000025d4        0xe /home/student/git/workspace_mct/YAHAL/libYAHAL_msp432.a(spi_msp432.cpp.o)
                0x00000000000025d4                EUSCIB0_SPI_IRQHandler
 .text.EUSCIB1_SPI_IRQHandler
                0x00000000000025e2        0xe /home/student/git/workspace_mct/YAHAL/libYAHAL_msp432.a(spi_msp432.cpp.o)
                0x00000000000025e2                EUSCIB1_SPI_IRQHandler
 .text.EUSCIB2_SPI_IRQHandler
                0x00000000000025f0        0xe /home/student/git/workspace_mct/YAHAL/libYAHAL_msp432.a(spi_msp432.cpp.o)
                0x00000000000025f0                EUSCIB2_SPI_IRQHandler
 .text.EUSCIB3_SPI_IRQHandler
                0x00000000000025fe        0xe /home/student/git/workspace_mct/YAHAL/libYAHAL_msp432.a(spi_msp432.cpp.o)
                0x00000000000025fe                EUSCIB3_SPI_IRQHandler
 .text.__NVIC_EnableIRQ
                0x000000000000260c       0x3c /home/student/git/workspace_mct/YAHAL/libYAHAL_msp432.a(gpio_msp432.cpp.o)
 .text._ZN14gpio_interfaceD2Ev
                0x0000000000002648       0x20 /home/student/git/workspace_mct/YAHAL/libYAHAL_msp432.a(gpio_msp432.cpp.o)
                0x0000000000002648                gpio_interface::~gpio_interface()
                0x0000000000002648                gpio_interface::~gpio_interface()
 .text._ZN14gpio_interfaceD0Ev
                0x0000000000002668       0x1e /home/student/git/workspace_mct/YAHAL/libYAHAL_msp432.a(gpio_msp432.cpp.o)
                0x0000000000002668                gpio_interface::~gpio_interface()
 *fill*         0x0000000000002686        0x2 
 .text._ZN11gpio_msp432D2Ev
                0x0000000000002688       0x24 /home/student/git/workspace_mct/YAHAL/libYAHAL_msp432.a(gpio_msp432.cpp.o)
                0x0000000000002688                gpio_msp432::~gpio_msp432()
                0x0000000000002688                gpio_msp432::~gpio_msp432()
 .text._ZN11gpio_msp432D0Ev
                0x00000000000026ac       0x1e /home/student/git/workspace_mct/YAHAL/libYAHAL_msp432.a(gpio_msp432.cpp.o)
                0x00000000000026ac                gpio_msp432::~gpio_msp432()
 *fill*         0x00000000000026ca        0x2 
 .text._ZN14gpio_interfaceC2Ev
                0x00000000000026cc       0x20 /home/student/git/workspace_mct/YAHAL/libYAHAL_msp432.a(gpio_msp432.cpp.o)
                0x00000000000026cc                gpio_interface::gpio_interface()
                0x00000000000026cc                gpio_interface::gpio_interface()
 .text._ZN11gpio_msp432C2Ev
                0x00000000000026ec       0x24 /home/student/git/workspace_mct/YAHAL/libYAHAL_msp432.a(gpio_msp432.cpp.o)
                0x00000000000026ec                gpio_msp432::gpio_msp432()
                0x00000000000026ec                gpio_msp432::gpio_msp432()
 .text._ZL17yahal_assert_funcv
                0x0000000000002710       0x1c /home/student/git/workspace_mct/YAHAL/libYAHAL_msp432.a(gpio_msp432.cpp.o)
 .text._ZN11gpio_msp4328gpioModeEtt
                0x000000000000272c       0x30 /home/student/git/workspace_mct/YAHAL/libYAHAL_msp432.a(gpio_msp432.cpp.o)
                0x000000000000272c                gpio_msp432::gpioMode(unsigned short, unsigned short)
 .text._ZN11gpio_msp4328gpioReadEt
                0x000000000000275c       0x70 /home/student/git/workspace_mct/YAHAL/libYAHAL_msp432.a(gpio_msp432.cpp.o)
                0x000000000000275c                gpio_msp432::gpioRead(unsigned short)
 .text._ZN11gpio_msp4329gpioWriteEtb
                0x00000000000027cc      0x1d4 /home/student/git/workspace_mct/YAHAL/libYAHAL_msp432.a(gpio_msp432.cpp.o)
                0x00000000000027cc                gpio_msp432::gpioWrite(unsigned short, bool)
 .text._ZN11gpio_msp43210gpioToggleEt
                0x00000000000029a0       0x7c /home/student/git/workspace_mct/YAHAL/libYAHAL_msp432.a(gpio_msp432.cpp.o)
                0x00000000000029a0                gpio_msp432::gpioToggle(unsigned short)
 .text._ZN11gpio_msp43213gpioAttachIrqEtPFvtEt
                0x0000000000002a1c       0xf8 /home/student/git/workspace_mct/YAHAL/libYAHAL_msp432.a(gpio_msp432.cpp.o)
                0x0000000000002a1c                gpio_msp432::gpioAttachIrq(unsigned short, void (*)(unsigned short), unsigned short)
 .text._ZN11gpio_msp43213gpioDetachIrqEt
                0x0000000000002b14       0x70 /home/student/git/workspace_mct/YAHAL/libYAHAL_msp432.a(gpio_msp432.cpp.o)
                0x0000000000002b14                gpio_msp432::gpioDetachIrq(unsigned short)
 .text._ZN11gpio_msp43213gpioEnableIrqEt
                0x0000000000002b84       0x78 /home/student/git/workspace_mct/YAHAL/libYAHAL_msp432.a(gpio_msp432.cpp.o)
                0x0000000000002b84                gpio_msp432::gpioEnableIrq(unsigned short)
 .text._ZN11gpio_msp43214gpioDisableIrqEt
                0x0000000000002bfc       0x68 /home/student/git/workspace_mct/YAHAL/libYAHAL_msp432.a(gpio_msp432.cpp.o)
                0x0000000000002bfc                gpio_msp432::gpioDisableIrq(unsigned short)
 .text._ZN11gpio_msp4329handleIrqEhh
                0x0000000000002c64       0x3e /home/student/git/workspace_mct/YAHAL/libYAHAL_msp432.a(gpio_msp432.cpp.o)
                0x0000000000002c64                gpio_msp432::handleIrq(unsigned char, unsigned char)
 *fill*         0x0000000000002ca2        0x2 
 .text._ZN11gpio_msp4326setSELEth
                0x0000000000002ca4       0x94 /home/student/git/workspace_mct/YAHAL/libYAHAL_msp432.a(gpio_msp432.cpp.o)
                0x0000000000002ca4                gpio_msp432::setSEL(unsigned short, unsigned char)
 .text._ZN11gpio_msp4327setModeEtt
                0x0000000000002d38      0x2f4 /home/student/git/workspace_mct/YAHAL/libYAHAL_msp432.a(gpio_msp432.cpp.o)
                0x0000000000002d38                gpio_msp432::setMode(unsigned short, unsigned short)
 .text.PORT1_IRQHandler
                0x000000000000302c       0x44 /home/student/git/workspace_mct/YAHAL/libYAHAL_msp432.a(gpio_msp432.cpp.o)
                0x000000000000302c                PORT1_IRQHandler
 .text.PORT2_IRQHandler
                0x0000000000003070       0x44 /home/student/git/workspace_mct/YAHAL/libYAHAL_msp432.a(gpio_msp432.cpp.o)
                0x0000000000003070                PORT2_IRQHandler
 .text.PORT3_IRQHandler
                0x00000000000030b4       0x44 /home/student/git/workspace_mct/YAHAL/libYAHAL_msp432.a(gpio_msp432.cpp.o)
                0x00000000000030b4                PORT3_IRQHandler
 .text.PORT4_IRQHandler
                0x00000000000030f8       0x44 /home/student/git/workspace_mct/YAHAL/libYAHAL_msp432.a(gpio_msp432.cpp.o)
                0x00000000000030f8                PORT4_IRQHandler
 .text.PORT5_IRQHandler
                0x000000000000313c       0x44 /home/student/git/workspace_mct/YAHAL/libYAHAL_msp432.a(gpio_msp432.cpp.o)
                0x000000000000313c                PORT5_IRQHandler
 .text.PORT6_IRQHandler
                0x0000000000003180       0x44 /home/student/git/workspace_mct/YAHAL/libYAHAL_msp432.a(gpio_msp432.cpp.o)
                0x0000000000003180                PORT6_IRQHandler
 .text._Z41__static_initialization_and_destruction_0ii
                0x00000000000031c4       0x40 /home/student/git/workspace_mct/YAHAL/libYAHAL_msp432.a(gpio_msp432.cpp.o)
 .text._GLOBAL__sub_I_port_base
                0x0000000000003204       0x10 /home/student/git/workspace_mct/YAHAL/libYAHAL_msp432.a(gpio_msp432.cpp.o)
 .text.__NVIC_EnableIRQ
                0x0000000000003214       0x3c /home/student/git/workspace_mct/YAHAL/libYAHAL_msp432.a(timer_msp432.cpp.o)
 .text._ZL17yahal_assert_funcv
                0x0000000000003250       0x1c /home/student/git/workspace_mct/YAHAL/libYAHAL_msp432.a(timer_msp432.cpp.o)
 .text._ZN15timer_interfaceC2Ev
                0x000000000000326c       0x20 /home/student/git/workspace_mct/YAHAL/libYAHAL_msp432.a(timer_msp432.cpp.o)
                0x000000000000326c                timer_interface::timer_interface()
                0x000000000000326c                timer_interface::timer_interface()
 .text._ZN15timer_interfaceD2Ev
                0x000000000000328c       0x20 /home/student/git/workspace_mct/YAHAL/libYAHAL_msp432.a(timer_msp432.cpp.o)
                0x000000000000328c                timer_interface::~timer_interface()
                0x000000000000328c                timer_interface::~timer_interface()
 .text._ZN15timer_interfaceD0Ev
                0x00000000000032ac       0x1e /home/student/git/workspace_mct/YAHAL/libYAHAL_msp432.a(timer_msp432.cpp.o)
                0x00000000000032ac                timer_interface::~timer_interface()
 *fill*         0x00000000000032ca        0x2 
 .text._ZN12timer_msp432C2EP12Timer32_Type
                0x00000000000032cc       0x70 /home/student/git/workspace_mct/YAHAL/libYAHAL_msp432.a(timer_msp432.cpp.o)
                0x00000000000032cc                timer_msp432::timer_msp432(Timer32_Type*)
                0x00000000000032cc                timer_msp432::timer_msp432(Timer32_Type*)
 .text._ZN12timer_msp432D2Ev
                0x000000000000333c       0x2c /home/student/git/workspace_mct/YAHAL/libYAHAL_msp432.a(timer_msp432.cpp.o)
                0x000000000000333c                timer_msp432::~timer_msp432()
                0x000000000000333c                timer_msp432::~timer_msp432()
 .text._ZN12timer_msp432D0Ev
                0x0000000000003368       0x1e /home/student/git/workspace_mct/YAHAL/libYAHAL_msp432.a(timer_msp432.cpp.o)
                0x0000000000003368                timer_msp432::~timer_msp432()
 .text._ZN12timer_msp4329setPeriodEmN5TIMER10timer_modeE
                0x0000000000003386       0x60 /home/student/git/workspace_mct/YAHAL/libYAHAL_msp432.a(timer_msp432.cpp.o)
                0x0000000000003386                timer_msp432::setPeriod(unsigned long, TIMER::timer_mode)
 .text._ZN12timer_msp4329getPeriodEv
                0x00000000000033e6       0x18 /home/student/git/workspace_mct/YAHAL/libYAHAL_msp432.a(timer_msp432.cpp.o)
                0x00000000000033e6                timer_msp432::getPeriod()
 *fill*         0x00000000000033fe        0x2 
 .text._ZN12timer_msp43211setCallbackEPFvPvES0_
                0x0000000000003400       0x50 /home/student/git/workspace_mct/YAHAL/libYAHAL_msp432.a(timer_msp432.cpp.o)
                0x0000000000003400                timer_msp432::setCallback(void (*)(void*), void*)
 .text._ZN12timer_msp4325startEv
                0x0000000000003450       0x24 /home/student/git/workspace_mct/YAHAL/libYAHAL_msp432.a(timer_msp432.cpp.o)
                0x0000000000003450                timer_msp432::start()
 .text._ZN12timer_msp4324stopEv
                0x0000000000003474       0x24 /home/student/git/workspace_mct/YAHAL/libYAHAL_msp432.a(timer_msp432.cpp.o)
                0x0000000000003474                timer_msp432::stop()
 .text._ZN12timer_msp4329isRunningEv
                0x0000000000003498       0x28 /home/student/git/workspace_mct/YAHAL/libYAHAL_msp432.a(timer_msp432.cpp.o)
                0x0000000000003498                timer_msp432::isRunning()
 .text._ZN12timer_msp43210getCounterEv
                0x00000000000034c0       0x28 /home/student/git/workspace_mct/YAHAL/libYAHAL_msp432.a(timer_msp432.cpp.o)
                0x00000000000034c0                timer_msp432::getCounter()
 .text._ZN12timer_msp43212resetCounterEv
                0x00000000000034e8       0x1e /home/student/git/workspace_mct/YAHAL/libYAHAL_msp432.a(timer_msp432.cpp.o)
                0x00000000000034e8                timer_msp432::resetCounter()
 *fill*         0x0000000000003506        0x2 
 .text.T32_INT1_IRQHandler
                0x0000000000003508       0x50 /home/student/git/workspace_mct/YAHAL/libYAHAL_msp432.a(timer_msp432.cpp.o)
                0x0000000000003508                T32_INT1_IRQHandler
 .text.T32_INT2_IRQHandler
                0x0000000000003558       0x50 /home/student/git/workspace_mct/YAHAL/libYAHAL_msp432.a(timer_msp432.cpp.o)
                0x0000000000003558                T32_INT2_IRQHandler
 .text._ZN14irq_dispatcher7link_inEv
                0x00000000000035a8        0xe /home/student/git/workspace_mct/YAHAL/libYAHAL_msp432.a(irq_dispatcher.cpp.o)
                0x00000000000035a8                irq_dispatcher::link_in()
 .text.Default_EUSCI_Handler
                0x00000000000035b6        0x6 /home/student/git/workspace_mct/YAHAL/libYAHAL_msp432.a(irq_dispatcher.cpp.o)
                0x00000000000035b6                EUSCIB0_I2C_IRQHandler
                0x00000000000035b6                EUSCIA3_UART_IRQHandler
                0x00000000000035b6                EUSCIA0_UART_IRQHandler
                0x00000000000035b6                EUSCIB2_I2C_IRQHandler
                0x00000000000035b6                Default_EUSCI_Handler
                0x00000000000035b6                EUSCIB1_I2C_IRQHandler
                0x00000000000035b6                EUSCIB3_I2C_IRQHandler
                0x00000000000035b6                EUSCIA1_UART_IRQHandler
                0x00000000000035b6                EUSCIA2_UART_IRQHandler
 .text.EUSCIA0_IRQHandler
                0x00000000000035bc       0x30 /home/student/git/workspace_mct/YAHAL/libYAHAL_msp432.a(irq_dispatcher.cpp.o)
                0x00000000000035bc                EUSCIA0_IRQHandler
 .text.EUSCIA1_IRQHandler
                0x00000000000035ec       0x30 /home/student/git/workspace_mct/YAHAL/libYAHAL_msp432.a(irq_dispatcher.cpp.o)
                0x00000000000035ec                EUSCIA1_IRQHandler
 .text.EUSCIA2_IRQHandler
                0x000000000000361c       0x30 /home/student/git/workspace_mct/YAHAL/libYAHAL_msp432.a(irq_dispatcher.cpp.o)
                0x000000000000361c                EUSCIA2_IRQHandler
 .text.EUSCIA3_IRQHandler
                0x000000000000364c       0x30 /home/student/git/workspace_mct/YAHAL/libYAHAL_msp432.a(irq_dispatcher.cpp.o)
                0x000000000000364c                EUSCIA3_IRQHandler
 .text.EUSCIB0_IRQHandler
                0x000000000000367c       0x30 /home/student/git/workspace_mct/YAHAL/libYAHAL_msp432.a(irq_dispatcher.cpp.o)
                0x000000000000367c                EUSCIB0_IRQHandler
 .text.EUSCIB1_IRQHandler
                0x00000000000036ac       0x30 /home/student/git/workspace_mct/YAHAL/libYAHAL_msp432.a(irq_dispatcher.cpp.o)
                0x00000000000036ac                EUSCIB1_IRQHandler
 .text.EUSCIB2_IRQHandler
                0x00000000000036dc       0x30 /home/student/git/workspace_mct/YAHAL/libYAHAL_msp432.a(irq_dispatcher.cpp.o)
                0x00000000000036dc                EUSCIB2_IRQHandler
 .text.EUSCIB3_IRQHandler
                0x000000000000370c       0x30 /home/student/git/workspace_mct/YAHAL/libYAHAL_msp432.a(irq_dispatcher.cpp.o)
                0x000000000000370c                EUSCIB3_IRQHandler
 .text._ZL17yahal_assert_funcv
                0x000000000000373c       0x1c /home/student/git/workspace_mct/YAHAL/libYAHAL_msp432.a(st7735s_drv.cpp.o)
 .text._ZN13lcd_interface12convertColorEmm
                0x0000000000003758       0x78 /home/student/git/workspace_mct/YAHAL/libYAHAL_msp432.a(st7735s_drv.cpp.o)
                0x0000000000003758                lcd_interface::convertColor(unsigned long, unsigned long)
 .text._ZN11st7735s_drv6configC2Etttthhh
                0x00000000000037d0       0x56 /home/student/git/workspace_mct/YAHAL/libYAHAL_msp432.a(st7735s_drv.cpp.o)
                0x00000000000037d0                st7735s_drv::config::config(unsigned short, unsigned short, unsigned short, unsigned short, unsigned char, unsigned char, unsigned char)
                0x00000000000037d0                st7735s_drv::config::config(unsigned short, unsigned short, unsigned short, unsigned short, unsigned char, unsigned char, unsigned char)
 *fill*         0x0000000000003826        0x2 
 .text._ZN12pixel_streamC2Ev
                0x0000000000003828       0x20 /home/student/git/workspace_mct/YAHAL/libYAHAL_msp432.a(st7735s_drv.cpp.o)
                0x0000000000003828                pixel_stream::pixel_stream()
                0x0000000000003828                pixel_stream::pixel_stream()
 .text._ZN18pixel_stream_constC2Em
                0x0000000000003848       0x2c /home/student/git/workspace_mct/YAHAL/libYAHAL_msp432.a(st7735s_drv.cpp.o)
                0x0000000000003848                pixel_stream_const::pixel_stream_const(unsigned long)
                0x0000000000003848                pixel_stream_const::pixel_stream_const(unsigned long)
 .text._ZN18pixel_stream_const12getColorTypeEv
                0x0000000000003874       0x1c /home/student/git/workspace_mct/YAHAL/libYAHAL_msp432.a(st7735s_drv.cpp.o)
                0x0000000000003874                pixel_stream_const::getColorType()
 .text._ZN18pixel_stream_const7getNextEv
                0x0000000000003890       0x18 /home/student/git/workspace_mct/YAHAL/libYAHAL_msp432.a(st7735s_drv.cpp.o)
                0x0000000000003890                pixel_stream_const::getNext()
 .text._ZN18pixel_stream_const5resetEv
                0x00000000000038a8       0x14 /home/student/git/workspace_mct/YAHAL/libYAHAL_msp432.a(st7735s_drv.cpp.o)
                0x00000000000038a8                pixel_stream_const::reset()
 .text._Z5delayi
                0x00000000000038bc       0x3a /home/student/git/workspace_mct/YAHAL/libYAHAL_msp432.a(st7735s_drv.cpp.o)
                0x00000000000038bc                delay(int)
 *fill*         0x00000000000038f6        0x2 
 .text._ZN13lcd_interfaceC2Ev
                0x00000000000038f8       0x20 /home/student/git/workspace_mct/YAHAL/libYAHAL_msp432.a(st7735s_drv.cpp.o)
                0x00000000000038f8                lcd_interface::lcd_interface()
                0x00000000000038f8                lcd_interface::lcd_interface()
 .text._ZN13lcd_interfaceD2Ev
                0x0000000000003918       0x20 /home/student/git/workspace_mct/YAHAL/libYAHAL_msp432.a(st7735s_drv.cpp.o)
                0x0000000000003918                lcd_interface::~lcd_interface()
                0x0000000000003918                lcd_interface::~lcd_interface()
 .text._ZN13lcd_interfaceD0Ev
                0x0000000000003938       0x1e /home/student/git/workspace_mct/YAHAL/libYAHAL_msp432.a(st7735s_drv.cpp.o)
                0x0000000000003938                lcd_interface::~lcd_interface()
 *fill*         0x0000000000003956        0x2 
 .text._ZN11st7735s_drvC2ER13spi_interfaceR8gpio_pinS3_RNS_6configEP15mutex_interface
                0x0000000000003958      0x138 /home/student/git/workspace_mct/YAHAL/libYAHAL_msp432.a(st7735s_drv.cpp.o)
                0x0000000000003958                st7735s_drv::st7735s_drv(spi_interface&, gpio_pin&, gpio_pin&, st7735s_drv::config&, mutex_interface*)
                0x0000000000003958                st7735s_drv::st7735s_drv(spi_interface&, gpio_pin&, gpio_pin&, st7735s_drv::config&, mutex_interface*)
 .text._ZN11st7735s_drvD2Ev
                0x0000000000003a90       0x24 /home/student/git/workspace_mct/YAHAL/libYAHAL_msp432.a(st7735s_drv.cpp.o)
                0x0000000000003a90                st7735s_drv::~st7735s_drv()
                0x0000000000003a90                st7735s_drv::~st7735s_drv()
 .text._ZN11st7735s_drvD0Ev
                0x0000000000003ab4       0x1e /home/student/git/workspace_mct/YAHAL/libYAHAL_msp432.a(st7735s_drv.cpp.o)
                0x0000000000003ab4                st7735s_drv::~st7735s_drv()
 .text._ZN11st7735s_drv8getSizeXEv
                0x0000000000003ad2       0x32 /home/student/git/workspace_mct/YAHAL/libYAHAL_msp432.a(st7735s_drv.cpp.o)
                0x0000000000003ad2                st7735s_drv::getSizeX()
 .text._ZN11st7735s_drv8getSizeYEv
                0x0000000000003b04       0x32 /home/student/git/workspace_mct/YAHAL/libYAHAL_msp432.a(st7735s_drv.cpp.o)
                0x0000000000003b04                st7735s_drv::getSizeY()
 *fill*         0x0000000000003b36        0x2 
 .text._ZN11st7735s_drv14setOrientationENS_11OrientationE
                0x0000000000003b38       0xc8 /home/student/git/workspace_mct/YAHAL/libYAHAL_msp432.a(st7735s_drv.cpp.o)
                0x0000000000003b38                st7735s_drv::setOrientation(st7735s_drv::Orientation)
 .text._ZN11st7735s_drv9drawPixelEttm
                0x0000000000003c00       0xa0 /home/student/git/workspace_mct/YAHAL/libYAHAL_msp432.a(st7735s_drv.cpp.o)
                0x0000000000003c00                st7735s_drv::drawPixel(unsigned short, unsigned short, unsigned long)
 .text._ZN11st7735s_drv9drawHLineEtttm
                0x0000000000003ca0       0xcc /home/student/git/workspace_mct/YAHAL/libYAHAL_msp432.a(st7735s_drv.cpp.o)
                0x0000000000003ca0                st7735s_drv::drawHLine(unsigned short, unsigned short, unsigned short, unsigned long)
 .text._ZN11st7735s_drv9drawVLineEtttm
                0x0000000000003d6c       0xcc /home/student/git/workspace_mct/YAHAL/libYAHAL_msp432.a(st7735s_drv.cpp.o)
                0x0000000000003d6c                st7735s_drv::drawVLine(unsigned short, unsigned short, unsigned short, unsigned long)
 .text._ZN11st7735s_drv8drawAreaEttttR12pixel_stream
                0x0000000000003e38      0x124 /home/student/git/workspace_mct/YAHAL/libYAHAL_msp432.a(st7735s_drv.cpp.o)
                0x0000000000003e38                st7735s_drv::drawArea(unsigned short, unsigned short, unsigned short, unsigned short, pixel_stream&)
 .text._ZN11st7735s_drv8fillAreaEttttm
                0x0000000000003f5c       0x66 /home/student/git/workspace_mct/YAHAL/libYAHAL_msp432.a(st7735s_drv.cpp.o)
                0x0000000000003f5c                st7735s_drv::fillArea(unsigned short, unsigned short, unsigned short, unsigned short, unsigned long)
 .text._ZN11st7735s_drv6scrollEs
                0x0000000000003fc2       0xd8 /home/student/git/workspace_mct/YAHAL/libYAHAL_msp432.a(st7735s_drv.cpp.o)
                0x0000000000003fc2                st7735s_drv::scroll(short)
 .text._ZN11st7735s_drv11clearScreenEm
                0x000000000000409a       0xdc /home/student/git/workspace_mct/YAHAL/libYAHAL_msp432.a(st7735s_drv.cpp.o)
                0x000000000000409a                st7735s_drv::clearScreen(unsigned long)
 .text._ZN11st7735s_drv13inverseColorsEb
                0x0000000000004176       0x5e /home/student/git/workspace_mct/YAHAL/libYAHAL_msp432.a(st7735s_drv.cpp.o)
                0x0000000000004176                st7735s_drv::inverseColors(bool)
 .text._ZN11st7735s_drv6changeERtS0_
                0x00000000000041d4      0x108 /home/student/git/workspace_mct/YAHAL/libYAHAL_msp432.a(st7735s_drv.cpp.o)
                0x00000000000041d4                st7735s_drv::change(unsigned short&, unsigned short&)
 .text._ZN11st7735s_drv8setFrameEtttt
                0x00000000000042dc      0x22c /home/student/git/workspace_mct/YAHAL/libYAHAL_msp432.a(st7735s_drv.cpp.o)
                0x00000000000042dc                st7735s_drv::setFrame(unsigned short, unsigned short, unsigned short, unsigned short)
 .text._ZN11st7735s_drv9writeDataEh
                0x0000000000004508       0x2a /home/student/git/workspace_mct/YAHAL/libYAHAL_msp432.a(st7735s_drv.cpp.o)
                0x0000000000004508                st7735s_drv::writeData(unsigned char)
 .text._ZN11st7735s_drv12writeCommandEh
                0x0000000000004532       0x42 /home/student/git/workspace_mct/YAHAL/libYAHAL_msp432.a(st7735s_drv.cpp.o)
                0x0000000000004532                st7735s_drv::writeCommand(unsigned char)
 .text._ZN18pixel_stream_constD2Ev
                0x0000000000004574       0x20 /home/student/git/workspace_mct/YAHAL/libYAHAL_msp432.a(st7735s_drv.cpp.o)
                0x0000000000004574                pixel_stream_const::~pixel_stream_const()
                0x0000000000004574                pixel_stream_const::~pixel_stream_const()
 .text._ZN18pixel_stream_constD0Ev
                0x0000000000004594       0x1e /home/student/git/workspace_mct/YAHAL/libYAHAL_msp432.a(st7735s_drv.cpp.o)
                0x0000000000004594                pixel_stream_const::~pixel_stream_const()
 *fill*         0x00000000000045b2        0x2 
 .text._Z41__static_initialization_and_destruction_0ii
                0x00000000000045b4       0x44 /home/student/git/workspace_mct/YAHAL/libYAHAL_msp432.a(st7735s_drv.cpp.o)
 .text._GLOBAL__sub_I__ZN11st7735s_drv20Crystalfontz_128x128E
                0x00000000000045f8       0x10 /home/student/git/workspace_mct/YAHAL/libYAHAL_msp432.a(st7735s_drv.cpp.o)
 .text._ZL17yahal_assert_funcv
                0x0000000000004608       0x1c /home/student/git/workspace_mct/YAHAL/libYAHAL_msp432.a(String.cpp.o)
 .text._ZN6StringC2EPKc
                0x0000000000004624       0x54 /home/student/git/workspace_mct/YAHAL/libYAHAL_msp432.a(String.cpp.o)
                0x0000000000004624                String::String(char const*)
                0x0000000000004624                String::String(char const*)
 .text._ZN6StringC2ERKS_
                0x0000000000004678       0x54 /home/student/git/workspace_mct/YAHAL/libYAHAL_msp432.a(String.cpp.o)
                0x0000000000004678                String::String(String const&)
                0x0000000000004678                String::String(String const&)
 .text._ZN6StringC2Ec
                0x00000000000046cc       0x4c /home/student/git/workspace_mct/YAHAL/libYAHAL_msp432.a(String.cpp.o)
                0x00000000000046cc                String::String(char)
                0x00000000000046cc                String::String(char)
 .text._ZN6StringD2Ev
                0x0000000000004718       0x30 /home/student/git/workspace_mct/YAHAL/libYAHAL_msp432.a(String.cpp.o)
                0x0000000000004718                String::~String()
                0x0000000000004718                String::~String()
 .text._ZN6StringD0Ev
                0x0000000000004748       0x1e /home/student/git/workspace_mct/YAHAL/libYAHAL_msp432.a(String.cpp.o)
                0x0000000000004748                String::~String()
 .text._ZN6StringaSEPKc
                0x0000000000004766       0x3a /home/student/git/workspace_mct/YAHAL/libYAHAL_msp432.a(String.cpp.o)
                0x0000000000004766                String::operator=(char const*)
 .text._ZN6StringaSERKS_
                0x00000000000047a0       0x38 /home/student/git/workspace_mct/YAHAL/libYAHAL_msp432.a(String.cpp.o)
                0x00000000000047a0                String::operator=(String const&)
 .text._ZN6StringaSEc
                0x00000000000047d8       0x36 /home/student/git/workspace_mct/YAHAL/libYAHAL_msp432.a(String.cpp.o)
                0x00000000000047d8                String::operator=(char)
 *fill*         0x000000000000480e        0x2 
 .text._ZN6StringC2EOS_
                0x0000000000004810       0x40 /home/student/git/workspace_mct/YAHAL/libYAHAL_msp432.a(String.cpp.o)
                0x0000000000004810                String::String(String&&)
                0x0000000000004810                String::String(String&&)
 .text._ZN6StringaSEOS_
                0x0000000000004850       0x36 /home/student/git/workspace_mct/YAHAL/libYAHAL_msp432.a(String.cpp.o)
                0x0000000000004850                String::operator=(String&&)
 *fill*         0x0000000000004886        0x2 
 .text._ZNK6StringixEt
                0x0000000000004888       0x44 /home/student/git/workspace_mct/YAHAL/libYAHAL_msp432.a(String.cpp.o)
                0x0000000000004888                String::operator[](unsigned short) const
 .text._ZN6StringixEt
                0x00000000000048cc       0x44 /home/student/git/workspace_mct/YAHAL/libYAHAL_msp432.a(String.cpp.o)
                0x00000000000048cc                String::operator[](unsigned short)
 .text._ZN6String7reserveEt
                0x0000000000004910       0x56 /home/student/git/workspace_mct/YAHAL/libYAHAL_msp432.a(String.cpp.o)
                0x0000000000004910                String::reserve(unsigned short)
 .text._ZN6String13shrink_to_fitEv
                0x0000000000004966       0x5a /home/student/git/workspace_mct/YAHAL/libYAHAL_msp432.a(String.cpp.o)
                0x0000000000004966                String::shrink_to_fit()
 .text._ZN6String5clearEv
                0x00000000000049c0       0x22 /home/student/git/workspace_mct/YAHAL/libYAHAL_msp432.a(String.cpp.o)
                0x00000000000049c0                String::clear()
 .text._ZN6StringpLERKS_
                0x00000000000049e2       0x4a /home/student/git/workspace_mct/YAHAL/libYAHAL_msp432.a(String.cpp.o)
                0x00000000000049e2                String::operator+=(String const&)
 .text._ZN6String12reserve_onlyEt
                0x0000000000004a2c       0x4a /home/student/git/workspace_mct/YAHAL/libYAHAL_msp432.a(String.cpp.o)
                0x0000000000004a2c                String::reserve_only(unsigned short)
 .text._Z9to_Stringii
                0x0000000000004a76       0xe8 /home/student/git/workspace_mct/YAHAL/libYAHAL_msp432.a(String.cpp.o)
                0x0000000000004a76                to_String(int, int)
 .text._ZplRK6StringS1_
                0x0000000000004b5e       0x42 /home/student/git/workspace_mct/YAHAL/libYAHAL_msp432.a(String.cpp.o)
                0x0000000000004b5e                operator+(String const&, String const&)
 .text._ZSt4moveIRPcEONSt16remove_referenceIT_E4typeEOS3_
                0x0000000000004ba0       0x16 /home/student/git/workspace_mct/YAHAL/libYAHAL_msp432.a(String.cpp.o)
                0x0000000000004ba0                std::remove_reference<char*&>::type&& std::move<char*&>(char*&)
 .text._ZSt4swapIPcENSt9enable_ifIXsrSt6__and_IJSt21is_move_constructibleIT_ESt18is_move_assignableIS4_EEE5valueEvE4typeERS4_SB_
                0x0000000000004bb6       0x3e /home/student/git/workspace_mct/YAHAL/libYAHAL_msp432.a(String.cpp.o)
                0x0000000000004bb6                std::enable_if<std::__and_<std::is_move_constructible<char*>, std::is_move_assignable<char*> >::value, void>::type std::swap<char*>(char*&, char*&)
 .text._ZL17yahal_assert_funcv
                0x0000000000004bf4       0x1c /home/student/git/workspace_mct/YAHAL/libYAHAL_msp432.a(uGUI.cpp.o)
 .text._ZN19pixel_stream_rgb565C2EPKtj
                0x0000000000004c10       0x3c /home/student/git/workspace_mct/YAHAL/libYAHAL_msp432.a(uGUI.cpp.o)
                0x0000000000004c10                pixel_stream_rgb565::pixel_stream_rgb565(unsigned short const*, unsigned int)
                0x0000000000004c10                pixel_stream_rgb565::pixel_stream_rgb565(unsigned short const*, unsigned int)
 .text._ZN19pixel_stream_rgb565D2Ev
                0x0000000000004c4c       0x20 /home/student/git/workspace_mct/YAHAL/libYAHAL_msp432.a(uGUI.cpp.o)
                0x0000000000004c4c                pixel_stream_rgb565::~pixel_stream_rgb565()
                0x0000000000004c4c                pixel_stream_rgb565::~pixel_stream_rgb565()
 .text._ZN19pixel_stream_rgb565D0Ev
                0x0000000000004c6c       0x1e /home/student/git/workspace_mct/YAHAL/libYAHAL_msp432.a(uGUI.cpp.o)
                0x0000000000004c6c                pixel_stream_rgb565::~pixel_stream_rgb565()
 .text._ZN19pixel_stream_rgb56512getColorTypeEv
                0x0000000000004c8a       0x18 /home/student/git/workspace_mct/YAHAL/libYAHAL_msp432.a(uGUI.cpp.o)
                0x0000000000004c8a                pixel_stream_rgb565::getColorType()
 .text._ZN19pixel_stream_rgb5657getNextEv
                0x0000000000004ca2       0x2c /home/student/git/workspace_mct/YAHAL/libYAHAL_msp432.a(uGUI.cpp.o)
                0x0000000000004ca2                pixel_stream_rgb565::getNext()
 .text._ZN19pixel_stream_rgb5655resetEv
                0x0000000000004cce       0x1a /home/student/git/workspace_mct/YAHAL/libYAHAL_msp432.a(uGUI.cpp.o)
                0x0000000000004cce                pixel_stream_rgb565::reset()
 .text._ZN4uGUIC2ER13lcd_interface
                0x0000000000004ce8       0xf0 /home/student/git/workspace_mct/YAHAL/libYAHAL_msp432.a(uGUI.cpp.o)
                0x0000000000004ce8                uGUI::uGUI(lcd_interface&)
                0x0000000000004ce8                uGUI::uGUI(lcd_interface&)
 .text._ZN4uGUI10FontSelectEPKNS_4FONTE
                0x0000000000004dd8       0x32 /home/student/git/workspace_mct/YAHAL/libYAHAL_msp432.a(uGUI.cpp.o)
                0x0000000000004dd8                uGUI::FontSelect(uGUI::FONT const*)
 .text._ZN4uGUI10FillScreenEm
                0x0000000000004e0a       0x40 /home/student/git/workspace_mct/YAHAL/libYAHAL_msp432.a(uGUI.cpp.o)
                0x0000000000004e0a                uGUI::FillScreen(unsigned long)
 .text._ZN4uGUI9FillFrameEssssm
                0x0000000000004e4a       0x74 /home/student/git/workspace_mct/YAHAL/libYAHAL_msp432.a(uGUI.cpp.o)
                0x0000000000004e4a                uGUI::FillFrame(short, short, short, short, unsigned long)
 .text._ZN4uGUI14FillRoundFrameEsssssm
                0x0000000000004ebe      0x248 /home/student/git/workspace_mct/YAHAL/libYAHAL_msp432.a(uGUI.cpp.o)
                0x0000000000004ebe                uGUI::FillRoundFrame(short, short, short, short, short, unsigned long)
 .text._ZN4uGUI8DrawMeshEssssm
                0x0000000000005106       0x9c /home/student/git/workspace_mct/YAHAL/libYAHAL_msp432.a(uGUI.cpp.o)
                0x0000000000005106                uGUI::DrawMesh(short, short, short, short, unsigned long)
 .text._ZN4uGUI9DrawFrameEssssm
                0x00000000000051a2       0x9a /home/student/git/workspace_mct/YAHAL/libYAHAL_msp432.a(uGUI.cpp.o)
                0x00000000000051a2                uGUI::DrawFrame(short, short, short, short, unsigned long)
 .text._ZN4uGUI14DrawRoundFrameEsssssm
                0x000000000000523c      0x1c0 /home/student/git/workspace_mct/YAHAL/libYAHAL_msp432.a(uGUI.cpp.o)
                0x000000000000523c                uGUI::DrawRoundFrame(short, short, short, short, short, unsigned long)
 .text._ZN4uGUI9DrawPixelEssm
                0x00000000000053fc       0x30 /home/student/git/workspace_mct/YAHAL/libYAHAL_msp432.a(uGUI.cpp.o)
                0x00000000000053fc                uGUI::DrawPixel(short, short, unsigned long)
 .text._ZN4uGUI10DrawCircleEsssm
                0x000000000000542c      0x1d4 /home/student/git/workspace_mct/YAHAL/libYAHAL_msp432.a(uGUI.cpp.o)
                0x000000000000542c                uGUI::DrawCircle(short, short, short, unsigned long)
 .text._ZN4uGUI10FillCircleEsssm
                0x0000000000005600      0x1c4 /home/student/git/workspace_mct/YAHAL/libYAHAL_msp432.a(uGUI.cpp.o)
                0x0000000000005600                uGUI::FillCircle(short, short, short, unsigned long)
 .text._ZN4uGUI7DrawArcEssshm
                0x00000000000057c4      0x230 /home/student/git/workspace_mct/YAHAL/libYAHAL_msp432.a(uGUI.cpp.o)
                0x00000000000057c4                uGUI::DrawArc(short, short, short, unsigned char, unsigned long)
 .text._ZN4uGUI8DrawLineEssssm
                0x00000000000059f4      0x1fe /home/student/git/workspace_mct/YAHAL/libYAHAL_msp432.a(uGUI.cpp.o)
                0x00000000000059f4                uGUI::DrawLine(short, short, short, short, unsigned long)
 *fill*         0x0000000000005bf2        0x2 
 .text._ZN4uGUI7PutCharEcssmmb
                0x0000000000005bf4      0x250 /home/student/git/workspace_mct/YAHAL/libYAHAL_msp432.a(uGUI.cpp.o)
                0x0000000000005bf4                uGUI::PutChar(char, short, short, unsigned long, unsigned long, bool)
 .text._ZN4uGUI9PutStringEssPKcb
                0x0000000000005e44       0xdc /home/student/git/workspace_mct/YAHAL/libYAHAL_msp432.a(uGUI.cpp.o)
                0x0000000000005e44                uGUI::PutString(short, short, char const*, bool)
 .text._ZN4uGUI16ConsolePutStringEPc
                0x0000000000005f20      0x134 /home/student/git/workspace_mct/YAHAL/libYAHAL_msp432.a(uGUI.cpp.o)
                0x0000000000005f20                uGUI::ConsolePutString(char*)
 .text._ZN4uGUI14ConsoleSetAreaEssss
                0x0000000000006054       0x3e /home/student/git/workspace_mct/YAHAL/libYAHAL_msp432.a(uGUI.cpp.o)
                0x0000000000006054                uGUI::ConsoleSetArea(short, short, short, short)
 .text._ZN4uGUI19ConsoleSetForecolorEm
                0x0000000000006092       0x1c /home/student/git/workspace_mct/YAHAL/libYAHAL_msp432.a(uGUI.cpp.o)
                0x0000000000006092                uGUI::ConsoleSetForecolor(unsigned long)
 .text._ZN4uGUI19ConsoleSetBackcolorEm
                0x00000000000060ae       0x1c /home/student/git/workspace_mct/YAHAL/libYAHAL_msp432.a(uGUI.cpp.o)
                0x00000000000060ae                uGUI::ConsoleSetBackcolor(unsigned long)
 .text._ZN4uGUI12SetForecolorEm
                0x00000000000060ca       0x1c /home/student/git/workspace_mct/YAHAL/libYAHAL_msp432.a(uGUI.cpp.o)
                0x00000000000060ca                uGUI::SetForecolor(unsigned long)
 .text._ZN4uGUI12SetBackcolorEm
                0x00000000000060e6       0x1c /home/student/git/workspace_mct/YAHAL/libYAHAL_msp432.a(uGUI.cpp.o)
                0x00000000000060e6                uGUI::SetBackcolor(unsigned long)
 .text._ZN4uGUI7GetXDimEv
                0x0000000000006102       0x1a /home/student/git/workspace_mct/YAHAL/libYAHAL_msp432.a(uGUI.cpp.o)
                0x0000000000006102                uGUI::GetXDim()
 .text._ZN4uGUI7GetYDimEv
                0x000000000000611c       0x1a /home/student/git/workspace_mct/YAHAL/libYAHAL_msp432.a(uGUI.cpp.o)
                0x000000000000611c                uGUI::GetYDim()
 .text._ZN4uGUI13FontSetHSpaceEt
                0x0000000000006136       0x22 /home/student/git/workspace_mct/YAHAL/libYAHAL_msp432.a(uGUI.cpp.o)
                0x0000000000006136                uGUI::FontSetHSpace(unsigned short)
 .text._ZN4uGUI13FontSetVSpaceEt
                0x0000000000006158       0x22 /home/student/git/workspace_mct/YAHAL/libYAHAL_msp432.a(uGUI.cpp.o)
                0x0000000000006158                uGUI::FontSetVSpace(unsigned short)
 *fill*         0x000000000000617a        0x2 
 .text._ZN4uGUI8_PutTextEPNS_4TEXTE
                0x000000000000617c      0x430 /home/student/git/workspace_mct/YAHAL/libYAHAL_msp432.a(uGUI.cpp.o)
                0x000000000000617c                uGUI::_PutText(uGUI::TEXT*)
 .text._ZN4uGUI14_GetFreeObjectEPNS_6WINDOWE
                0x00000000000065ac       0x5c /home/student/git/workspace_mct/YAHAL/libYAHAL_msp432.a(uGUI.cpp.o)
                0x00000000000065ac                uGUI::_GetFreeObject(uGUI::WINDOW*)
 .text._ZN4uGUI13_SearchObjectEPNS_6WINDOWEhh
                0x0000000000006608       0x7c /home/student/git/workspace_mct/YAHAL/libYAHAL_msp432.a(uGUI.cpp.o)
                0x0000000000006608                uGUI::_SearchObject(uGUI::WINDOW*, unsigned char, unsigned char)
 .text._ZN4uGUI13_DeleteObjectEPNS_6WINDOWEhh
                0x0000000000006684       0x86 /home/student/git/workspace_mct/YAHAL/libYAHAL_msp432.a(uGUI.cpp.o)
                0x0000000000006684                uGUI::_DeleteObject(uGUI::WINDOW*, unsigned char, unsigned char)
 .text._ZN4uGUI17_ProcessTouchDataEPNS_6WINDOWE
                0x000000000000670a      0x174 /home/student/git/workspace_mct/YAHAL/libYAHAL_msp432.a(uGUI.cpp.o)
                0x000000000000670a                uGUI::_ProcessTouchData(uGUI::WINDOW*)
 .text._ZN4uGUI14_UpdateObjectsEPNS_6WINDOWE
                0x000000000000687e       0x96 /home/student/git/workspace_mct/YAHAL/libYAHAL_msp432.a(uGUI.cpp.o)
                0x000000000000687e                uGUI::_UpdateObjects(uGUI::WINDOW*)
 .text._ZN4uGUI13_HandleEventsEPNS_6WINDOWE
                0x0000000000006914       0x90 /home/student/git/workspace_mct/YAHAL/libYAHAL_msp432.a(uGUI.cpp.o)
                0x0000000000006914                uGUI::_HandleEvents(uGUI::WINDOW*)
 .text._ZN4uGUI16_DrawObjectFrameEssssPm
                0x00000000000069a4      0x280 /home/student/git/workspace_mct/YAHAL/libYAHAL_msp432.a(uGUI.cpp.o)
                0x00000000000069a4                uGUI::_DrawObjectFrame(short, short, short, short, unsigned long*)
 .text._ZN4uGUI6UpdateEv
                0x0000000000006c24      0x136 /home/student/git/workspace_mct/YAHAL/libYAHAL_msp432.a(uGUI.cpp.o)
                0x0000000000006c24                uGUI::Update()
 .text._ZN4uGUI13WaitForUpdateEv
                0x0000000000006d5a       0x36 /home/student/git/workspace_mct/YAHAL/libYAHAL_msp432.a(uGUI.cpp.o)
                0x0000000000006d5a                uGUI::WaitForUpdate()
 .text._ZN4uGUI7DrawBMPEssPNS_3BMPE
                0x0000000000006d90       0x9c /home/student/git/workspace_mct/YAHAL/libYAHAL_msp432.a(uGUI.cpp.o)
                0x0000000000006d90                uGUI::DrawBMP(short, short, uGUI::BMP*)
 .text._ZN4uGUI11TouchUpdateEssh
                0x0000000000006e2c       0x38 /home/student/git/workspace_mct/YAHAL/libYAHAL_msp432.a(uGUI.cpp.o)
                0x0000000000006e2c                uGUI::TouchUpdate(short, short, unsigned char)
 .text._ZN4uGUI12WindowCreateEPNS_6WINDOWEPNS_6OBJECTEhPFvPNS_7MESSAGEEE
                0x0000000000006e64      0x10c /home/student/git/workspace_mct/YAHAL/libYAHAL_msp432.a(uGUI.cpp.o)
                0x0000000000006e64                uGUI::WindowCreate(uGUI::WINDOW*, uGUI::OBJECT*, unsigned char, void (*)(uGUI::MESSAGE*))
 .text._ZN4uGUI12WindowDeleteEPNS_6WINDOWE
                0x0000000000006f70       0x76 /home/student/git/workspace_mct/YAHAL/libYAHAL_msp432.a(uGUI.cpp.o)
                0x0000000000006f70                uGUI::WindowDelete(uGUI::WINDOW*)
 .text._ZN4uGUI10WindowShowEPNS_6WINDOWE
                0x0000000000006fe6       0x46 /home/student/git/workspace_mct/YAHAL/libYAHAL_msp432.a(uGUI.cpp.o)
                0x0000000000006fe6                uGUI::WindowShow(uGUI::WINDOW*)
 .text._ZN4uGUI10WindowHideEPNS_6WINDOWE
                0x000000000000702c       0xc8 /home/student/git/workspace_mct/YAHAL/libYAHAL_msp432.a(uGUI.cpp.o)
                0x000000000000702c                uGUI::WindowHide(uGUI::WINDOW*)
 .text._ZN4uGUI12WindowResizeEPNS_6WINDOWEssss
                0x00000000000070f4      0x1ec /home/student/git/workspace_mct/YAHAL/libYAHAL_msp432.a(uGUI.cpp.o)
                0x00000000000070f4                uGUI::WindowResize(uGUI::WINDOW*, short, short, short, short)
 .text._ZN4uGUI11WindowAlertEPNS_6WINDOWE
                0x00000000000072e0       0x6c /home/student/git/workspace_mct/YAHAL/libYAHAL_msp432.a(uGUI.cpp.o)
                0x00000000000072e0                uGUI::WindowAlert(uGUI::WINDOW*)
 .text._ZN4uGUI18WindowSetForeColorEPNS_6WINDOWEm
                0x000000000000734c       0x46 /home/student/git/workspace_mct/YAHAL/libYAHAL_msp432.a(uGUI.cpp.o)
                0x000000000000734c                uGUI::WindowSetForeColor(uGUI::WINDOW*, unsigned long)
 .text._ZN4uGUI18WindowSetBackColorEPNS_6WINDOWEm
                0x0000000000007392       0x46 /home/student/git/workspace_mct/YAHAL/libYAHAL_msp432.a(uGUI.cpp.o)
                0x0000000000007392                uGUI::WindowSetBackColor(uGUI::WINDOW*, unsigned long)
 .text._ZN4uGUI23WindowSetTitleTextColorEPNS_6WINDOWEm
                0x00000000000073d8       0x46 /home/student/git/workspace_mct/YAHAL/libYAHAL_msp432.a(uGUI.cpp.o)
                0x00000000000073d8                uGUI::WindowSetTitleTextColor(uGUI::WINDOW*, unsigned long)
 .text._ZN4uGUI19WindowSetTitleColorEPNS_6WINDOWEm
                0x000000000000741e       0x46 /home/student/git/workspace_mct/YAHAL/libYAHAL_msp432.a(uGUI.cpp.o)
                0x000000000000741e                uGUI::WindowSetTitleColor(uGUI::WINDOW*, unsigned long)
 .text._ZN4uGUI31WindowSetTitleInactiveTextColorEPNS_6WINDOWEm
                0x0000000000007464       0x46 /home/student/git/workspace_mct/YAHAL/libYAHAL_msp432.a(uGUI.cpp.o)
                0x0000000000007464                uGUI::WindowSetTitleInactiveTextColor(uGUI::WINDOW*, unsigned long)
 .text._ZN4uGUI27WindowSetTitleInactiveColorEPNS_6WINDOWEm
                0x00000000000074aa       0x46 /home/student/git/workspace_mct/YAHAL/libYAHAL_msp432.a(uGUI.cpp.o)
                0x00000000000074aa                uGUI::WindowSetTitleInactiveColor(uGUI::WINDOW*, unsigned long)
 .text._ZN4uGUI18WindowSetTitleTextEPNS_6WINDOWEPc
                0x00000000000074f0       0x46 /home/student/git/workspace_mct/YAHAL/libYAHAL_msp432.a(uGUI.cpp.o)
                0x00000000000074f0                uGUI::WindowSetTitleText(uGUI::WINDOW*, char*)
 .text._ZN4uGUI22WindowSetTitleTextFontEPNS_6WINDOWEPKNS_4FONTE
                0x0000000000007536       0x7a /home/student/git/workspace_mct/YAHAL/libYAHAL_msp432.a(uGUI.cpp.o)
                0x0000000000007536                uGUI::WindowSetTitleTextFont(uGUI::WINDOW*, uGUI::FONT const*)
 .text._ZN4uGUI24WindowSetTitleTextHSpaceEPNS_6WINDOWEa
                0x00000000000075b0       0x4a /home/student/git/workspace_mct/YAHAL/libYAHAL_msp432.a(uGUI.cpp.o)
                0x00000000000075b0                uGUI::WindowSetTitleTextHSpace(uGUI::WINDOW*, signed char)
 .text._ZN4uGUI24WindowSetTitleTextVSpaceEPNS_6WINDOWEa
                0x00000000000075fa       0x4a /home/student/git/workspace_mct/YAHAL/libYAHAL_msp432.a(uGUI.cpp.o)
                0x00000000000075fa                uGUI::WindowSetTitleTextVSpace(uGUI::WINDOW*, signed char)
 .text._ZN4uGUI27WindowSetTitleTextAlignmentEPNS_6WINDOWEh
                0x0000000000007644       0x4a /home/student/git/workspace_mct/YAHAL/libYAHAL_msp432.a(uGUI.cpp.o)
                0x0000000000007644                uGUI::WindowSetTitleTextAlignment(uGUI::WINDOW*, unsigned char)
 .text._ZN4uGUI20WindowSetTitleHeightEPNS_6WINDOWEh
                0x000000000000768e       0x58 /home/student/git/workspace_mct/YAHAL/libYAHAL_msp432.a(uGUI.cpp.o)
                0x000000000000768e                uGUI::WindowSetTitleHeight(uGUI::WINDOW*, unsigned char)
 .text._ZN4uGUI15WindowSetXStartEPNS_6WINDOWEs
                0x00000000000076e6       0x76 /home/student/git/workspace_mct/YAHAL/libYAHAL_msp432.a(uGUI.cpp.o)
                0x00000000000076e6                uGUI::WindowSetXStart(uGUI::WINDOW*, short)
 .text._ZN4uGUI15WindowSetYStartEPNS_6WINDOWEs
                0x000000000000775c       0x76 /home/student/git/workspace_mct/YAHAL/libYAHAL_msp432.a(uGUI.cpp.o)
                0x000000000000775c                uGUI::WindowSetYStart(uGUI::WINDOW*, short)
 .text._ZN4uGUI13WindowSetXEndEPNS_6WINDOWEs
                0x00000000000077d2       0x76 /home/student/git/workspace_mct/YAHAL/libYAHAL_msp432.a(uGUI.cpp.o)
                0x00000000000077d2                uGUI::WindowSetXEnd(uGUI::WINDOW*, short)
 .text._ZN4uGUI13WindowSetYEndEPNS_6WINDOWEs
                0x0000000000007848       0x76 /home/student/git/workspace_mct/YAHAL/libYAHAL_msp432.a(uGUI.cpp.o)
                0x0000000000007848                uGUI::WindowSetYEnd(uGUI::WINDOW*, short)
 .text._ZN4uGUI14WindowSetStyleEPNS_6WINDOWEh
                0x00000000000078be       0x92 /home/student/git/workspace_mct/YAHAL/libYAHAL_msp432.a(uGUI.cpp.o)
                0x00000000000078be                uGUI::WindowSetStyle(uGUI::WINDOW*, unsigned char)
 .text._ZN4uGUI18WindowGetForeColorEPNS_6WINDOWE
                0x0000000000007950       0x34 /home/student/git/workspace_mct/YAHAL/libYAHAL_msp432.a(uGUI.cpp.o)
                0x0000000000007950                uGUI::WindowGetForeColor(uGUI::WINDOW*)
 .text._ZN4uGUI18WindowGetBackColorEPNS_6WINDOWE
                0x0000000000007984       0x34 /home/student/git/workspace_mct/YAHAL/libYAHAL_msp432.a(uGUI.cpp.o)
                0x0000000000007984                uGUI::WindowGetBackColor(uGUI::WINDOW*)
 .text._ZN4uGUI23WindowGetTitleTextColorEPNS_6WINDOWE
                0x00000000000079b8       0x34 /home/student/git/workspace_mct/YAHAL/libYAHAL_msp432.a(uGUI.cpp.o)
                0x00000000000079b8                uGUI::WindowGetTitleTextColor(uGUI::WINDOW*)
 .text._ZN4uGUI19WindowGetTitleColorEPNS_6WINDOWE
                0x00000000000079ec       0x34 /home/student/git/workspace_mct/YAHAL/libYAHAL_msp432.a(uGUI.cpp.o)
                0x00000000000079ec                uGUI::WindowGetTitleColor(uGUI::WINDOW*)
 .text._ZN4uGUI31WindowGetTitleInactiveTextColorEPNS_6WINDOWE
                0x0000000000007a20       0x34 /home/student/git/workspace_mct/YAHAL/libYAHAL_msp432.a(uGUI.cpp.o)
                0x0000000000007a20                uGUI::WindowGetTitleInactiveTextColor(uGUI::WINDOW*)
 .text._ZN4uGUI27WindowGetTitleInactiveColorEPNS_6WINDOWE
                0x0000000000007a54       0x34 /home/student/git/workspace_mct/YAHAL/libYAHAL_msp432.a(uGUI.cpp.o)
                0x0000000000007a54                uGUI::WindowGetTitleInactiveColor(uGUI::WINDOW*)
 .text._ZN4uGUI18WindowGetTitleTextEPNS_6WINDOWE
                0x0000000000007a88       0x34 /home/student/git/workspace_mct/YAHAL/libYAHAL_msp432.a(uGUI.cpp.o)
                0x0000000000007a88                uGUI::WindowGetTitleText(uGUI::WINDOW*)
 .text._ZN4uGUI22WindowGetTitleTextFontEPNS_6WINDOWE
                0x0000000000007abc       0x34 /home/student/git/workspace_mct/YAHAL/libYAHAL_msp432.a(uGUI.cpp.o)
                0x0000000000007abc                uGUI::WindowGetTitleTextFont(uGUI::WINDOW*)
 .text._ZN4uGUI24WindowGetTitleTextHSpaceEPNS_6WINDOWE
                0x0000000000007af0       0x38 /home/student/git/workspace_mct/YAHAL/libYAHAL_msp432.a(uGUI.cpp.o)
                0x0000000000007af0                uGUI::WindowGetTitleTextHSpace(uGUI::WINDOW*)
 .text._ZN4uGUI24WindowGetTitleTextVSpaceEPNS_6WINDOWE
                0x0000000000007b28       0x38 /home/student/git/workspace_mct/YAHAL/libYAHAL_msp432.a(uGUI.cpp.o)
                0x0000000000007b28                uGUI::WindowGetTitleTextVSpace(uGUI::WINDOW*)
 .text._ZN4uGUI27WindowGetTitleTextAlignmentEPNS_6WINDOWE
                0x0000000000007b60       0x36 /home/student/git/workspace_mct/YAHAL/libYAHAL_msp432.a(uGUI.cpp.o)
                0x0000000000007b60                uGUI::WindowGetTitleTextAlignment(uGUI::WINDOW*)
 .text._ZN4uGUI20WindowGetTitleHeightEPNS_6WINDOWE
                0x0000000000007b96       0x36 /home/student/git/workspace_mct/YAHAL/libYAHAL_msp432.a(uGUI.cpp.o)
                0x0000000000007b96                uGUI::WindowGetTitleHeight(uGUI::WINDOW*)
 .text._ZN4uGUI15WindowGetXStartEPNS_6WINDOWE
                0x0000000000007bcc       0x38 /home/student/git/workspace_mct/YAHAL/libYAHAL_msp432.a(uGUI.cpp.o)
                0x0000000000007bcc                uGUI::WindowGetXStart(uGUI::WINDOW*)
 .text._ZN4uGUI15WindowGetYStartEPNS_6WINDOWE
                0x0000000000007c04       0x38 /home/student/git/workspace_mct/YAHAL/libYAHAL_msp432.a(uGUI.cpp.o)
                0x0000000000007c04                uGUI::WindowGetYStart(uGUI::WINDOW*)
 .text._ZN4uGUI13WindowGetXEndEPNS_6WINDOWE
                0x0000000000007c3c       0x38 /home/student/git/workspace_mct/YAHAL/libYAHAL_msp432.a(uGUI.cpp.o)
                0x0000000000007c3c                uGUI::WindowGetXEnd(uGUI::WINDOW*)
 .text._ZN4uGUI13WindowGetYEndEPNS_6WINDOWE
                0x0000000000007c74       0x38 /home/student/git/workspace_mct/YAHAL/libYAHAL_msp432.a(uGUI.cpp.o)
                0x0000000000007c74                uGUI::WindowGetYEnd(uGUI::WINDOW*)
 .text._ZN4uGUI14WindowGetStyleEPNS_6WINDOWE
                0x0000000000007cac       0x34 /home/student/git/workspace_mct/YAHAL/libYAHAL_msp432.a(uGUI.cpp.o)
                0x0000000000007cac                uGUI::WindowGetStyle(uGUI::WINDOW*)
 .text._ZN4uGUI13WindowGetAreaEPNS_6WINDOWEPNS_4AREAE
                0x0000000000007ce0       0xd8 /home/student/git/workspace_mct/YAHAL/libYAHAL_msp432.a(uGUI.cpp.o)
                0x0000000000007ce0                uGUI::WindowGetArea(uGUI::WINDOW*, uGUI::AREA*)
 .text._ZN4uGUI19WindowGetInnerWidthEPNS_6WINDOWE
                0x0000000000007db8       0x66 /home/student/git/workspace_mct/YAHAL/libYAHAL_msp432.a(uGUI.cpp.o)
                0x0000000000007db8                uGUI::WindowGetInnerWidth(uGUI::WINDOW*)
 .text._ZN4uGUI19WindowGetOuterWidthEPNS_6WINDOWE
                0x0000000000007e1e       0x52 /home/student/git/workspace_mct/YAHAL/libYAHAL_msp432.a(uGUI.cpp.o)
                0x0000000000007e1e                uGUI::WindowGetOuterWidth(uGUI::WINDOW*)
 .text._ZN4uGUI20WindowGetInnerHeightEPNS_6WINDOWE
                0x0000000000007e70       0x82 /home/student/git/workspace_mct/YAHAL/libYAHAL_msp432.a(uGUI.cpp.o)
                0x0000000000007e70                uGUI::WindowGetInnerHeight(uGUI::WINDOW*)
 .text._ZN4uGUI20WindowGetOuterHeightEPNS_6WINDOWE
                0x0000000000007ef2       0x52 /home/student/git/workspace_mct/YAHAL/libYAHAL_msp432.a(uGUI.cpp.o)
                0x0000000000007ef2                uGUI::WindowGetOuterHeight(uGUI::WINDOW*)
 .text._ZN4uGUI16_WindowDrawTitleEPNS_6WINDOWE
                0x0000000000007f44      0x164 /home/student/git/workspace_mct/YAHAL/libYAHAL_msp432.a(uGUI.cpp.o)
                0x0000000000007f44                uGUI::_WindowDrawTitle(uGUI::WINDOW*)
 .text._ZN4uGUI13_WindowUpdateEPNS_6WINDOWE
                0x00000000000080a8      0x184 /home/student/git/workspace_mct/YAHAL/libYAHAL_msp432.a(uGUI.cpp.o)
                0x00000000000080a8                uGUI::_WindowUpdate(uGUI::WINDOW*)
 .text._ZN4uGUI12_WindowClearEPNS_6WINDOWE
                0x000000000000822c       0xa0 /home/student/git/workspace_mct/YAHAL/libYAHAL_msp432.a(uGUI.cpp.o)
                0x000000000000822c                uGUI::_WindowClear(uGUI::WINDOW*)
 .text._ZN4uGUI12ButtonCreateEPNS_6WINDOWEPNS_6BUTTONEhssss
                0x00000000000082cc       0xe8 /home/student/git/workspace_mct/YAHAL/libYAHAL_msp432.a(uGUI.cpp.o)
                0x00000000000082cc                uGUI::ButtonCreate(uGUI::WINDOW*, uGUI::BUTTON*, unsigned char, short, short, short, short)
 .text._ZN4uGUI12ButtonDeleteEPNS_6WINDOWEh
                0x00000000000083b4       0x24 /home/student/git/workspace_mct/YAHAL/libYAHAL_msp432.a(uGUI.cpp.o)
                0x00000000000083b4                uGUI::ButtonDelete(uGUI::WINDOW*, unsigned char)
 .text._ZN4uGUI10ButtonShowEPNS_6WINDOWEh
                0x00000000000083d8       0x52 /home/student/git/workspace_mct/YAHAL/libYAHAL_msp432.a(uGUI.cpp.o)
                0x00000000000083d8                uGUI::ButtonShow(uGUI::WINDOW*, unsigned char)
 .text._ZN4uGUI10ButtonHideEPNS_6WINDOWEh
                0x000000000000842a       0x76 /home/student/git/workspace_mct/YAHAL/libYAHAL_msp432.a(uGUI.cpp.o)
                0x000000000000842a                uGUI::ButtonHide(uGUI::WINDOW*, unsigned char)
 .text._ZN4uGUI18ButtonSetForeColorEPNS_6WINDOWEhm
                0x00000000000084a0       0x56 /home/student/git/workspace_mct/YAHAL/libYAHAL_msp432.a(uGUI.cpp.o)
                0x00000000000084a0                uGUI::ButtonSetForeColor(uGUI::WINDOW*, unsigned char, unsigned long)
 .text._ZN4uGUI18ButtonSetBackColorEPNS_6WINDOWEhm
                0x00000000000084f6       0x56 /home/student/git/workspace_mct/YAHAL/libYAHAL_msp432.a(uGUI.cpp.o)
                0x00000000000084f6                uGUI::ButtonSetBackColor(uGUI::WINDOW*, unsigned char, unsigned long)
 .text._ZN4uGUI27ButtonSetAlternateForeColorEPNS_6WINDOWEhm
                0x000000000000854c       0x56 /home/student/git/workspace_mct/YAHAL/libYAHAL_msp432.a(uGUI.cpp.o)
                0x000000000000854c                uGUI::ButtonSetAlternateForeColor(uGUI::WINDOW*, unsigned char, unsigned long)
 .text._ZN4uGUI27ButtonSetAlternateBackColorEPNS_6WINDOWEhm
                0x00000000000085a2       0x56 /home/student/git/workspace_mct/YAHAL/libYAHAL_msp432.a(uGUI.cpp.o)
                0x00000000000085a2                uGUI::ButtonSetAlternateBackColor(uGUI::WINDOW*, unsigned char, unsigned long)
 .text._ZN4uGUI13ButtonSetTextEPNS_6WINDOWEhPc
                0x00000000000085f8       0x56 /home/student/git/workspace_mct/YAHAL/libYAHAL_msp432.a(uGUI.cpp.o)
                0x00000000000085f8                uGUI::ButtonSetText(uGUI::WINDOW*, unsigned char, char*)
 .text._ZN4uGUI13ButtonSetFontEPNS_6WINDOWEhPKNS_4FONTE
                0x000000000000864e       0x56 /home/student/git/workspace_mct/YAHAL/libYAHAL_msp432.a(uGUI.cpp.o)
                0x000000000000864e                uGUI::ButtonSetFont(uGUI::WINDOW*, unsigned char, uGUI::FONT const*)
 .text._ZN4uGUI14ButtonSetStyleEPNS_6WINDOWEhh
                0x00000000000086a4       0xdc /home/student/git/workspace_mct/YAHAL/libYAHAL_msp432.a(uGUI.cpp.o)
                0x00000000000086a4                uGUI::ButtonSetStyle(uGUI::WINDOW*, unsigned char, unsigned char)
 .text._ZN4uGUI18ButtonGetForeColorEPNS_6WINDOWEh
                0x0000000000008780       0x44 /home/student/git/workspace_mct/YAHAL/libYAHAL_msp432.a(uGUI.cpp.o)
                0x0000000000008780                uGUI::ButtonGetForeColor(uGUI::WINDOW*, unsigned char)
 .text._ZN4uGUI18ButtonGetBackColorEPNS_6WINDOWEh
                0x00000000000087c4       0x44 /home/student/git/workspace_mct/YAHAL/libYAHAL_msp432.a(uGUI.cpp.o)
                0x00000000000087c4                uGUI::ButtonGetBackColor(uGUI::WINDOW*, unsigned char)
 .text._ZN4uGUI27ButtonGetAlternateForeColorEPNS_6WINDOWEh
                0x0000000000008808       0x44 /home/student/git/workspace_mct/YAHAL/libYAHAL_msp432.a(uGUI.cpp.o)
                0x0000000000008808                uGUI::ButtonGetAlternateForeColor(uGUI::WINDOW*, unsigned char)
 .text._ZN4uGUI27ButtonGetAlternateBackColorEPNS_6WINDOWEh
                0x000000000000884c       0x44 /home/student/git/workspace_mct/YAHAL/libYAHAL_msp432.a(uGUI.cpp.o)
                0x000000000000884c                uGUI::ButtonGetAlternateBackColor(uGUI::WINDOW*, unsigned char)
 .text._ZN4uGUI13ButtonGetTextEPNS_6WINDOWEh
                0x0000000000008890       0x44 /home/student/git/workspace_mct/YAHAL/libYAHAL_msp432.a(uGUI.cpp.o)
                0x0000000000008890                uGUI::ButtonGetText(uGUI::WINDOW*, unsigned char)
 .text._ZN4uGUI13ButtonGetFontEPNS_6WINDOWEh
                0x00000000000088d4       0x44 /home/student/git/workspace_mct/YAHAL/libYAHAL_msp432.a(uGUI.cpp.o)
                0x00000000000088d4                uGUI::ButtonGetFont(uGUI::WINDOW*, unsigned char)
 .text._ZN4uGUI14ButtonGetStyleEPNS_6WINDOWEh
                0x0000000000008918       0x44 /home/student/git/workspace_mct/YAHAL/libYAHAL_msp432.a(uGUI.cpp.o)
                0x0000000000008918                uGUI::ButtonGetStyle(uGUI::WINDOW*, unsigned char)
 .text._ZN4uGUI13_ButtonUpdateEPS_PNS_6WINDOWEPNS_6OBJECTE
                0x000000000000895c      0x384 /home/student/git/workspace_mct/YAHAL/libYAHAL_msp432.a(uGUI.cpp.o)
                0x000000000000895c                uGUI::_ButtonUpdate(uGUI*, uGUI::WINDOW*, uGUI::OBJECT*)
 .text._ZN4uGUI13TextboxCreateEPNS_6WINDOWEPNS_7TEXTBOXEhssss
                0x0000000000008ce0       0xe0 /home/student/git/workspace_mct/YAHAL/libYAHAL_msp432.a(uGUI.cpp.o)
                0x0000000000008ce0                uGUI::TextboxCreate(uGUI::WINDOW*, uGUI::TEXTBOX*, unsigned char, short, short, short, short)
 .text._ZN4uGUI13TextboxDeleteEPNS_6WINDOWEh
                0x0000000000008dc0       0x24 /home/student/git/workspace_mct/YAHAL/libYAHAL_msp432.a(uGUI.cpp.o)
                0x0000000000008dc0                uGUI::TextboxDelete(uGUI::WINDOW*, unsigned char)
 .text._ZN4uGUI11TextboxShowEPNS_6WINDOWEh
                0x0000000000008de4       0x52 /home/student/git/workspace_mct/YAHAL/libYAHAL_msp432.a(uGUI.cpp.o)
                0x0000000000008de4                uGUI::TextboxShow(uGUI::WINDOW*, unsigned char)
 .text._ZN4uGUI11TextboxHideEPNS_6WINDOWEh
                0x0000000000008e36       0x52 /home/student/git/workspace_mct/YAHAL/libYAHAL_msp432.a(uGUI.cpp.o)
                0x0000000000008e36                uGUI::TextboxHide(uGUI::WINDOW*, unsigned char)
 .text._ZN4uGUI19TextboxSetForeColorEPNS_6WINDOWEhm
                0x0000000000008e88       0x56 /home/student/git/workspace_mct/YAHAL/libYAHAL_msp432.a(uGUI.cpp.o)
                0x0000000000008e88                uGUI::TextboxSetForeColor(uGUI::WINDOW*, unsigned char, unsigned long)
 .text._ZN4uGUI19TextboxSetBackColorEPNS_6WINDOWEhm
                0x0000000000008ede       0x56 /home/student/git/workspace_mct/YAHAL/libYAHAL_msp432.a(uGUI.cpp.o)
                0x0000000000008ede                uGUI::TextboxSetBackColor(uGUI::WINDOW*, unsigned char, unsigned long)
 .text._ZN4uGUI14TextboxSetTextEPNS_6WINDOWEhPc
                0x0000000000008f34       0x56 /home/student/git/workspace_mct/YAHAL/libYAHAL_msp432.a(uGUI.cpp.o)
                0x0000000000008f34                uGUI::TextboxSetText(uGUI::WINDOW*, unsigned char, char*)
 .text._ZN4uGUI14TextboxSetFontEPNS_6WINDOWEhPKNS_4FONTE
                0x0000000000008f8a       0x56 /home/student/git/workspace_mct/YAHAL/libYAHAL_msp432.a(uGUI.cpp.o)
                0x0000000000008f8a                uGUI::TextboxSetFont(uGUI::WINDOW*, unsigned char, uGUI::FONT const*)
 .text._ZN4uGUI16TextboxSetHSpaceEPNS_6WINDOWEha
                0x0000000000008fe0       0x5c /home/student/git/workspace_mct/YAHAL/libYAHAL_msp432.a(uGUI.cpp.o)
                0x0000000000008fe0                uGUI::TextboxSetHSpace(uGUI::WINDOW*, unsigned char, signed char)
 .text._ZN4uGUI16TextboxSetVSpaceEPNS_6WINDOWEha
                0x000000000000903c       0x5c /home/student/git/workspace_mct/YAHAL/libYAHAL_msp432.a(uGUI.cpp.o)
                0x000000000000903c                uGUI::TextboxSetVSpace(uGUI::WINDOW*, unsigned char, signed char)
 .text._ZN4uGUI19TextboxSetAlignmentEPNS_6WINDOWEhh
                0x0000000000009098       0x5c /home/student/git/workspace_mct/YAHAL/libYAHAL_msp432.a(uGUI.cpp.o)
                0x0000000000009098                uGUI::TextboxSetAlignment(uGUI::WINDOW*, unsigned char, unsigned char)
 .text._ZN4uGUI19TextboxGetForeColorEPNS_6WINDOWEh
                0x00000000000090f4       0x44 /home/student/git/workspace_mct/YAHAL/libYAHAL_msp432.a(uGUI.cpp.o)
                0x00000000000090f4                uGUI::TextboxGetForeColor(uGUI::WINDOW*, unsigned char)
 .text._ZN4uGUI19TextboxGetBackColorEPNS_6WINDOWEh
                0x0000000000009138       0x44 /home/student/git/workspace_mct/YAHAL/libYAHAL_msp432.a(uGUI.cpp.o)
                0x0000000000009138                uGUI::TextboxGetBackColor(uGUI::WINDOW*, unsigned char)
 .text._ZN4uGUI14TextboxGetTextEPNS_6WINDOWEh
                0x000000000000917c       0x44 /home/student/git/workspace_mct/YAHAL/libYAHAL_msp432.a(uGUI.cpp.o)
                0x000000000000917c                uGUI::TextboxGetText(uGUI::WINDOW*, unsigned char)
 .text._ZN4uGUI14TextboxGetFontEPNS_6WINDOWEh
                0x00000000000091c0       0x44 /home/student/git/workspace_mct/YAHAL/libYAHAL_msp432.a(uGUI.cpp.o)
                0x00000000000091c0                uGUI::TextboxGetFont(uGUI::WINDOW*, unsigned char)
 .text._ZN4uGUI16TextboxGetHSpaceEPNS_6WINDOWEh
                0x0000000000009204       0x46 /home/student/git/workspace_mct/YAHAL/libYAHAL_msp432.a(uGUI.cpp.o)
                0x0000000000009204                uGUI::TextboxGetHSpace(uGUI::WINDOW*, unsigned char)
 .text._ZN4uGUI16TextboxGetVSpaceEPNS_6WINDOWEh
                0x000000000000924a       0x46 /home/student/git/workspace_mct/YAHAL/libYAHAL_msp432.a(uGUI.cpp.o)
                0x000000000000924a                uGUI::TextboxGetVSpace(uGUI::WINDOW*, unsigned char)
 .text._ZN4uGUI19TextboxGetAlignmentEPNS_6WINDOWEh
                0x0000000000009290       0x44 /home/student/git/workspace_mct/YAHAL/libYAHAL_msp432.a(uGUI.cpp.o)
                0x0000000000009290                uGUI::TextboxGetAlignment(uGUI::WINDOW*, unsigned char)
 .text._ZN4uGUI14_TextboxUpdateEPS_PNS_6WINDOWEPNS_6OBJECTE
                0x00000000000092d4      0x1a8 /home/student/git/workspace_mct/YAHAL/libYAHAL_msp432.a(uGUI.cpp.o)
                0x00000000000092d4                uGUI::_TextboxUpdate(uGUI*, uGUI::WINDOW*, uGUI::OBJECT*)
 .text._ZN4uGUI11ImageCreateEPNS_6WINDOWEPNS_5IMAGEEhssss
                0x000000000000947c       0xb8 /home/student/git/workspace_mct/YAHAL/libYAHAL_msp432.a(uGUI.cpp.o)
                0x000000000000947c                uGUI::ImageCreate(uGUI::WINDOW*, uGUI::IMAGE*, unsigned char, short, short, short, short)
 .text._ZN4uGUI11ImageDeleteEPNS_6WINDOWEh
                0x0000000000009534       0x24 /home/student/git/workspace_mct/YAHAL/libYAHAL_msp432.a(uGUI.cpp.o)
                0x0000000000009534                uGUI::ImageDelete(uGUI::WINDOW*, unsigned char)
 .text._ZN4uGUI9ImageShowEPNS_6WINDOWEh
                0x0000000000009558       0x52 /home/student/git/workspace_mct/YAHAL/libYAHAL_msp432.a(uGUI.cpp.o)
                0x0000000000009558                uGUI::ImageShow(uGUI::WINDOW*, unsigned char)
 .text._ZN4uGUI9ImageHideEPNS_6WINDOWEh
                0x00000000000095aa       0x52 /home/student/git/workspace_mct/YAHAL/libYAHAL_msp432.a(uGUI.cpp.o)