Archive member included to satisfy reference by file (symbol)

/home/student/git/workspace_mct/YAHAL/libYAHAL_msp432.a(spi_msp432.cpp.o)
                              ./main.o (spi_msp432::spi_msp432(EUSCI_B_SPI_Type*, gpio_pin&, bool, unsigned short))
/home/student/git/workspace_mct/YAHAL/libYAHAL_msp432.a(gpio_msp432.cpp.o)
                              ./main.o (gpio_msp432::inst)
/home/student/git/workspace_mct/YAHAL/libYAHAL_msp432.a(irq_dispatcher.cpp.o)
                              /home/student/git/workspace_mct/YAHAL/libYAHAL_msp432.a(spi_msp432.cpp.o) (irq_dispatcher::link_in())
/home/student/git/workspace_mct/YAHAL/libYAHAL_msp432.a(st7735s_drv.cpp.o)
                              ./main.o (st7735s_drv::Crystalfontz_128x128)
/home/student/git/workspace_mct/YAHAL/libYAHAL_msp432.a(uGUI.cpp.o)
                              ./main.o (uGUI::uGUI(lcd_interface&))
/home/student/git/workspace_mct/YAHAL/libYAHAL_msp432.a(font_6x10.cpp.o)
                              ./main.o (font_6x10)
/home/student/git/workspace_mct/YAHAL/libYAHAL_msp432.a(font_5x8.cpp.o)
                              ./main.o (font_5x8)
/home/student/git/workspace_mct/YAHAL/libYAHAL_msp432.a(font_6x8.cpp.o)
                              ./main.o (font_6x8)
/home/student/git/workspace_mct/YAHAL/libYAHAL_msp432.a(font_8x12.cpp.o)
                              ./main.o (font_8x12)
/home/student/git/workspace_mct/YAHAL/libYAHAL_msp432.a(font_5x12.cpp.o)
                              ./main.o (font_5x12)
/home/student/git/workspace_mct/YAHAL/libYAHAL_msp432.a(font_7x12.cpp.o)
                              ./main.o (font_7x12)
/home/student/git/workspace_mct/YAHAL/libYAHAL_msp432.a(font_4x6.cpp.o)
                              ./main.o (font_4x6)
/opt/ti/ccsv7/tools/compiler/gcc-arm-none-eabi-6-2017-q1-update/bin/../lib/gcc/arm-none-eabi/6.3.1/../../../../arm-none-eabi/lib/thumb/v7e-m/fpv4-sp/hard/libc_nano.a(lib_a-aeabi_atexit.o)
                              /home/student/git/workspace_mct/YAHAL/libYAHAL_msp432.a(gpio_msp432.cpp.o) (__aeabi_atexit)
/opt/ti/ccsv7/tools/compiler/gcc-arm-none-eabi-6-2017-q1-update/bin/../lib/gcc/arm-none-eabi/6.3.1/../../../../arm-none-eabi/lib/thumb/v7e-m/fpv4-sp/hard/libc_nano.a(lib_a-cxa_atexit.o)
                              /opt/ti/ccsv7/tools/compiler/gcc-arm-none-eabi-6-2017-q1-update/bin/../lib/gcc/arm-none-eabi/6.3.1/../../../../arm-none-eabi/lib/thumb/v7e-m/fpv4-sp/hard/libc_nano.a(lib_a-aeabi_atexit.o) (__cxa_atexit)
/opt/ti/ccsv7/tools/compiler/gcc-arm-none-eabi-6-2017-q1-update/bin/../lib/gcc/arm-none-eabi/6.3.1/../../../../arm-none-eabi/lib/thumb/v7e-m/fpv4-sp/hard/libc_nano.a(lib_a-exit.o)
                              /opt/ti/ccsv7/tools/compiler/gcc-arm-none-eabi-6-2017-q1-update/bin/../lib/gcc/arm-none-eabi/6.3.1/../../../../arm-none-eabi/lib/thumb/v7e-m/fpv4-sp/hard/crt0.o (exit)
/opt/ti/ccsv7/tools/compiler/gcc-arm-none-eabi-6-2017-q1-update/bin/../lib/gcc/arm-none-eabi/6.3.1/../../../../arm-none-eabi/lib/thumb/v7e-m/fpv4-sp/hard/libc_nano.a(lib_a-impure.o)
                              /opt/ti/ccsv7/tools/compiler/gcc-arm-none-eabi-6-2017-q1-update/bin/../lib/gcc/arm-none-eabi/6.3.1/../../../../arm-none-eabi/lib/thumb/v7e-m/fpv4-sp/hard/libc_nano.a(lib_a-exit.o) (_global_impure_ptr)
/opt/ti/ccsv7/tools/compiler/gcc-arm-none-eabi-6-2017-q1-update/bin/../lib/gcc/arm-none-eabi/6.3.1/../../../../arm-none-eabi/lib/thumb/v7e-m/fpv4-sp/hard/libc_nano.a(lib_a-init.o)
                              /opt/ti/ccsv7/tools/compiler/gcc-arm-none-eabi-6-2017-q1-update/bin/../lib/gcc/arm-none-eabi/6.3.1/../../../../arm-none-eabi/lib/thumb/v7e-m/fpv4-sp/hard/crt0.o (__libc_init_array)
/opt/ti/ccsv7/tools/compiler/gcc-arm-none-eabi-6-2017-q1-update/bin/../lib/gcc/arm-none-eabi/6.3.1/../../../../arm-none-eabi/lib/thumb/v7e-m/fpv4-sp/hard/libc_nano.a(lib_a-memset.o)
                              /opt/ti/ccsv7/tools/compiler/gcc-arm-none-eabi-6-2017-q1-update/bin/../lib/gcc/arm-none-eabi/6.3.1/../../../../arm-none-eabi/lib/thumb/v7e-m/fpv4-sp/hard/crt0.o (memset)
/opt/ti/ccsv7/tools/compiler/gcc-arm-none-eabi-6-2017-q1-update/bin/../lib/gcc/arm-none-eabi/6.3.1/../../../../arm-none-eabi/lib/thumb/v7e-m/fpv4-sp/hard/libc_nano.a(lib_a-on_exit_args.o)
                              /opt/ti/ccsv7/tools/compiler/gcc-arm-none-eabi-6-2017-q1-update/bin/../lib/gcc/arm-none-eabi/6.3.1/../../../../arm-none-eabi/lib/thumb/v7e-m/fpv4-sp/hard/libc_nano.a(lib_a-cxa_atexit.o) (__on_exit_args)
/opt/ti/ccsv7/tools/compiler/gcc-arm-none-eabi-6-2017-q1-update/bin/../lib/gcc/arm-none-eabi/6.3.1/../../../../arm-none-eabi/lib/thumb/v7e-m/fpv4-sp/hard/libc_nano.a(lib_a-rand.o)
                              ./main.o (rand)
/opt/ti/ccsv7/tools/compiler/gcc-arm-none-eabi-6-2017-q1-update/bin/../lib/gcc/arm-none-eabi/6.3.1/../../../../arm-none-eabi/lib/thumb/v7e-m/fpv4-sp/hard/libc_nano.a(lib_a-malloc.o)
[...]
Memory Configuration

Name             Origin             Length             Attributes
MAIN_FLASH       0x0000000000000000 0x0000000000040000 xr
INFO_FLASH       0x0000000000200000 0x0000000000004000 xr
SRAM_CODE        0x0000000001000000 0x0000000000010000 xrw
SRAM_DATA        0x0000000020000000 0x0000000000010000 rw
*default*        0x0000000000000000 0xffffffffffffffff

Linker script and memory map

LOAD /opt/ti/ccsv7/tools/compiler/gcc-arm-none-eabi-6-2017-q1-update/bin/../lib/gcc/arm-none-eabi/6.3.1/thumb/v7e-m/fpv4-sp/hard/crti.o
LOAD /opt/ti/ccsv7/tools/compiler/gcc-arm-none-eabi-6-2017-q1-update/bin/../lib/gcc/arm-none-eabi/6.3.1/thumb/v7e-m/fpv4-sp/hard/crtbegin.o
LOAD /opt/ti/ccsv7/tools/compiler/gcc-arm-none-eabi-6-2017-q1-update/bin/../lib/gcc/arm-none-eabi/6.3.1/../../../../arm-none-eabi/lib/thumb/v7e-m/fpv4-sp/hard/crt0.o
LOAD ./main.o
LOAD ./startup_msp432p401r_gcc.o
LOAD ./system_msp432p401r.o
                0x0000000000000000                PROVIDE (_intvecs_base_address, DEFINED (_intvecs_base_address)?_intvecs_base_address:0x0)

.intvecs        0x0000000000000000       0xe4
 *(.intvecs)
 .intvecs       0x0000000000000000       0xe4 ./startup_msp432p401r_gcc.o
                0x0000000000000000                interruptVectors
                0x0000000000200000                PROVIDE (_mailbox_base_address, 0x200000)

.flashMailbox
 *(.flashMailbox)
                0x0000000000201000                PROVIDE (_tlv_base_address, 0x201000)

.tlvTable
 *(.tlvTable)
                0x0000000000202000                PROVIDE (_bsl_base_address, 0x202000)

.bslArea
 *(.bslArea)
                0x0000000020000000                PROVIDE (_vtable_base_address, DEFINED (_vtable_base_address)?_vtable_base_address:0x20000000)

.vtable
 *(.vtable)

.text           0x00000000000000e4     0x9984
 CREATE_OBJECT_SYMBOLS
 *(.text)
 .text          0x00000000000000e4        0x0 /opt/ti/ccsv7/tools/compiler/gcc-arm-none-eabi-6-2017-q1-update/bin/../lib/gcc/arm-none-eabi/6.3.1/thumb/v7e-m/fpv4-sp/hard/crti.o
 .text          0x00000000000000e4       0x6c /opt/ti/ccsv7/tools/compiler/gcc-arm-none-eabi-6-2017-q1-update/bin/../lib/gcc/arm-none-eabi/6.3.1/thumb/v7e-m/fpv4-sp/hard/crtbegin.o
 .text          0x0000000000000150       0x74 /opt/ti/ccsv7/tools/compiler/gcc-arm-none-eabi-6-2017-q1-update/bin/../lib/gcc/arm-none-eabi/6.3.1/../../../../arm-none-eabi/lib/thumb/v7e-m/fpv4-sp/hard/crt0.o
                0x0000000000000150                _mainCRTStartup
                0x0000000000000150                _start
 .text          0x00000000000001c4      0x2e8 ./main.o
                0x00000000000001e0                main
 .text          0x00000000000004ac       0x4c ./startup_msp432p401r_gcc.o
                0x00000000000004ac                Reset_Handler
                0x00000000000004f0                CS_IRQHandler
                0x00000000000004f0                DebugMon_Handler
                0x00000000000004f0                AES256_IRQHandler
                0x00000000000004f0                HardFault_Handler
                0x00000000000004f0                SysTick_Handler
                0x00000000000004f0                PendSV_Handler
                0x00000000000004f0                NMI_Handler
                0x00000000000004f0                RTC_C_IRQHandler
                0x00000000000004f0                FPU_IRQHandler
                0x00000000000004f0                TA3_0_IRQHandler
                0x00000000000004f0                UsageFault_Handler
                0x00000000000004f0                DMA_INT3_IRQHandler
                0x00000000000004f0                TA2_0_IRQHandler
                0x00000000000004f0                DMA_INT1_IRQHandler
                0x00000000000004f0                WDT_A_IRQHandler
                0x00000000000004f0                TA2_N_IRQHandler
                0x00000000000004f0                TA1_0_IRQHandler
                0x00000000000004f0                PSS_IRQHandler
                0x00000000000004f0                DMA_INT2_IRQHandler
                0x00000000000004f0                DMA_INT0_IRQHandler
                0x00000000000004f0                Default_Handler
                0x00000000000004f0                T32_INTC_IRQHandler
                0x00000000000004f0                TA3_N_IRQHandler
                0x00000000000004f0                TA0_0_IRQHandler
                0x00000000000004f0                MemManage_Handler
                0x00000000000004f0                SVC_Handler
                0x00000000000004f0                TA1_N_IRQHandler
                0x00000000000004f0                COMP_E1_IRQHandler
                0x00000000000004f0                FLCTL_IRQHandler
                0x00000000000004f0                T32_INT1_IRQHandler
                0x00000000000004f0                DMA_ERR_IRQHandler
                0x00000000000004f0                ADC14_IRQHandler
                0x00000000000004f0                BusFault_Handler
                0x00000000000004f0                PCM_IRQHandler
                0x00000000000004f0                TA0_N_IRQHandler
                0x00000000000004f0                COMP_E0_IRQHandler
                0x00000000000004f0                T32_INT2_IRQHandler
 .text          0x00000000000004f8      0x3c0 ./system_msp432p401r.o
                0x00000000000004f8                SystemCoreClockUpdate
                0x00000000000007f0                SystemInit
 .text          0x00000000000008b8        0x0 /home/student/git/workspace_mct/YAHAL/libYAHAL_msp432.a(spi_msp432.cpp.o)
 .text          0x00000000000008b8        0x0 /home/student/git/workspace_mct/YAHAL/libYAHAL_msp432.a(gpio_msp432.cpp.o)
 .text          0x00000000000008b8        0x0 /home/student/git/workspace_mct/YAHAL/libYAHAL_msp432.a(irq_dispatcher.cpp.o)
 .text          0x00000000000008b8        0x0 /home/student/git/workspace_mct/YAHAL/libYAHAL_msp432.a(st7735s_drv.cpp.o)
 .text          0x00000000000008b8        0x0 /home/student/git/workspace_mct/YAHAL/libYAHAL_msp432.a(uGUI.cpp.o)
 .text          0x00000000000008b8        0x0 /home/student/git/workspace_mct/YAHAL/libYAHAL_msp432.a(font_6x10.cpp.o)
 .text          0x00000000000008b8        0x0 /home/student/git/workspace_mct/YAHAL/libYAHAL_msp432.a(font_5x8.cpp.o)
 .text          0x00000000000008b8        0x0 /home/student/git/workspace_mct/YAHAL/libYAHAL_msp432.a(font_6x8.cpp.o)
 .text          0x00000000000008b8        0x0 /home/student/git/workspace_mct/YAHAL/libYAHAL_msp432.a(font_8x12.cpp.o)
 .text          0x00000000000008b8        0x0 /home/student/git/workspace_mct/YAHAL/libYAHAL_msp432.a(font_5x12.cpp.o)
 .text          0x00000000000008b8        0x0 /home/student/git/workspace_mct/YAHAL/libYAHAL_msp432.a(font_7x12.cpp.o)
 .text          0x00000000000008b8        0x0 /home/student/git/workspace_mct/YAHAL/libYAHAL_msp432.a(font_4x6.cpp.o)
 .text          0x00000000000008b8        0x0 /opt/ti/ccsv7/tools/compiler/gcc-arm-none-eabi-6-2017-q1-update/bin/../lib/gcc/arm-none-eabi/6.3.1/../../../../arm-none-eabi/lib/thumb/v7e-m/fpv4-sp/hard/libc_nano.a(lib_a-aeabi_atexit.o)
 .text          0x00000000000008b8        0x0 /opt/ti/ccsv7/tools/compiler/gcc-arm-none-eabi-6-2017-q1-update/bin/../lib/gcc/arm-none-eabi/6.3.1/../../../../arm-none-eabi/lib/thumb/v7e-m/fpv4-sp/hard/libc_nano.a(lib_a-cxa_atexit.o)
 .text          0x00000000000008b8        0x0 /opt/ti/ccsv7/tools/compiler/gcc-arm-none-eabi-6-2017-q1-update/bin/../lib/gcc/arm-none-eabi/6.3.1/../../../../arm-none-eabi/lib/thumb/v7e-m/fpv4-sp/hard/libc_nano.a(lib_a-exit.o)
 .text          0x00000000000008b8        0x0 /opt/ti/ccsv7/tools/compiler/gcc-arm-none-eabi-6-2017-q1-update/bin/../lib/gcc/arm-none-eabi/6.3.1/../../../../arm-none-eabi/lib/thumb/v7e-m/fpv4-sp/hard/libc_nano.a(lib_a-impure.o)
 .text          0x00000000000008b8        0x0 /opt/ti/ccsv7/tools/compiler/gcc-arm-none-eabi-6-2017-q1-update/bin/../lib/gcc/arm-none-eabi/6.3.1/../../../../arm-none-eabi/lib/thumb/v7e-m/fpv4-sp/hard/libc_nano.a(lib_a-init.o)
 .text          0x00000000000008b8        0x0 /opt/ti/ccsv7/tools/compiler/gcc-arm-none-eabi-6-2017-q1-update/bin/../lib/gcc/arm-none-eabi/6.3.1/../../../../arm-none-eabi/lib/thumb/v7e-m/fpv4-sp/hard/libc_nano.a(lib_a-memset.o)
 .text          0x00000000000008b8        0x0 /opt/ti/ccsv7/tools/compiler/gcc-arm-none-eabi-6-2017-q1-update/bin/../lib/gcc/arm-none-eabi/6.3.1/../../../../arm-none-eabi/lib/thumb/v7e-m/fpv4-sp/hard/libc_nano.a(lib_a-on_exit_args.o)
 .text          0x00000000000008b8        0x0 /opt/ti/ccsv7/tools/compiler/gcc-arm-none-eabi-6-2017-q1-update/bin/../lib/gcc/arm-none-eabi/6.3.1/../../../../arm-none-eabi/lib/thumb/v7e-m/fpv4-sp/hard/libc_nano.a(lib_a-rand.o)
 .text          0x00000000000008b8        0x0 /opt/ti/ccsv7/tools/compiler/gcc-arm-none-eabi-6-2017-q1-update/bin/../lib/gcc/arm-none-eabi/6.3.1/../../../../arm-none-eabi/lib/thumb/v7e-m/fpv4-sp/hard/libc_nano.a(lib_a-malloc.o)
 .text          0x00000000000008b8        0x0 /opt/ti/ccsv7/tools/compiler/gcc-arm-none-eabi-6-2017-q1-update/bin/../lib/gcc/arm-none-eabi/6.3.1/../../../../arm-none-eabi/lib/thumb/v7e-m/fpv4-sp/hard/libc_nano.a(lib_a-nano-freer.o)
 .text          0x00000000000008b8        0x0 /opt/ti/ccsv7/tools/compiler/gcc-arm-none-eabi-6-2017-q1-update/bin/../lib/gcc/arm-none-eabi/6.3.1/../../../../arm-none-eabi/lib/thumb/v7e-m/fpv4-sp/hard/libc_nano.a(lib_a-nano-mallocr.o)
 .text          0x00000000000008b8        0x0 /opt/ti/ccsv7/tools/compiler/gcc-arm-none-eabi-6-2017-q1-update/bin/../lib/gcc/arm-none-eabi/6.3.1/../../../../arm-none-eabi/lib/thumb/v7e-m/fpv4-sp/hard/libc_nano.a(lib_a-sbrkr.o)
 .text          0x00000000000008b8        0x0 /opt/ti/ccsv7/tools/compiler/gcc-arm-none-eabi-6-2017-q1-update/bin/../lib/gcc/arm-none-eabi/6.3.1/../../../../arm-none-eabi/lib/thumb/v7e-m/fpv4-sp/hard/libc_nano.a(lib_a-mlock.o)
 .text          0x00000000000008b8        0x0 /opt/ti/ccsv7/tools/compiler/gcc-arm-none-eabi-6-2017-q1-update/bin/../lib/gcc/arm-none-eabi/6.3.1/../../../../arm-none-eabi/lib/thumb/v7e-m/fpv4-sp/hard/libc_nano.a(lib_a-reent.o)
 .text          0x00000000000008b8        0x0 /opt/ti/ccsv7/tools/compiler/gcc-arm-none-eabi-6-2017-q1-update/bin/../lib/gcc/arm-none-eabi/6.3.1/../../../../arm-none-eabi/lib/thumb/v7e-m/fpv4-sp/hard/libsupc++_nano.a(class_type_info.o)
 .text          0x00000000000008b8        0x0 /opt/ti/ccsv7/tools/compiler/gcc-arm-none-eabi-6-2017-q1-update/bin/../lib/gcc/arm-none-eabi/6.3.1/../../../../arm-none-eabi/lib/thumb/v7e-m/fpv4-sp/hard/libsupc++_nano.a(del_op.o)
 .text          0x00000000000008b8        0x0 /opt/ti/ccsv7/tools/compiler/gcc-arm-none-eabi-6-2017-q1-update/bin/../lib/gcc/arm-none-eabi/6.3.1/../../../../arm-none-eabi/lib/thumb/v7e-m/fpv4-sp/hard/libsupc++_nano.a(del_ops.o)
 .text          0x00000000000008b8        0x0 /opt/ti/ccsv7/tools/compiler/gcc-arm-none-eabi-6-2017-q1-update/bin/../lib/gcc/arm-none-eabi/6.3.1/../../../../arm-none-eabi/lib/thumb/v7e-m/fpv4-sp/hard/libsupc++_nano.a(eh_arm.o)
 .text          0x00000000000008b8        0x0 /opt/ti/ccsv7/tools/compiler/gcc-arm-none-eabi-6-2017-q1-update/bin/../lib/gcc/arm-none-eabi/6.3.1/../../../../arm-none-eabi/lib/thumb/v7e-m/fpv4-sp/hard/libsupc++_nano.a(eh_exception.o)
 .text          0x00000000000008b8        0x0 /opt/ti/ccsv7/tools/compiler/gcc-arm-none-eabi-6-2017-q1-update/bin/../lib/gcc/arm-none-eabi/6.3.1/../../../../arm-none-eabi/lib/thumb/v7e-m/fpv4-sp/hard/libsupc++_nano.a(eh_globals.o)
 .text          0x00000000000008b8        0x0 /opt/ti/ccsv7/tools/compiler/gcc-arm-none-eabi-6-2017-q1-update/bin/../lib/gcc/arm-none-eabi/6.3.1/../../../../arm-none-eabi/lib/thumb/v7e-m/fpv4-sp/hard/libsupc++_nano.a(eh_personality.o)
 .text          0x00000000000008b8        0x0 /opt/ti/ccsv7/tools/compiler/gcc-arm-none-eabi-6-2017-q1-update/bin/../lib/gcc/arm-none-eabi/6.3.1/../../../../arm-none-eabi/lib/thumb/v7e-m/fpv4-sp/hard/libsupc++_nano.a(eh_terminate.o)
 .text          0x00000000000008b8        0x0 /opt/ti/ccsv7/tools/compiler/gcc-arm-none-eabi-6-2017-q1-update/bin/../lib/gcc/arm-none-eabi/6.3.1/../../../../arm-none-eabi/lib/thumb/v7e-m/fpv4-sp/hard/libsupc++_nano.a(eh_unex_handler.o)
 .text          0x00000000000008b8        0x0 /opt/ti/ccsv7/tools/compiler/gcc-arm-none-eabi-6-2017-q1-update/bin/../lib/gcc/arm-none-eabi/6.3.1/../../../../arm-none-eabi/lib/thumb/v7e-m/fpv4-sp/hard/libsupc++_nano.a(pure.o)
 .text          0x00000000000008b8        0x0 /opt/ti/ccsv7/tools/compiler/gcc-arm-none-eabi-6-2017-q1-update/bin/../lib/gcc/arm-none-eabi/6.3.1/../../../../arm-none-eabi/lib/thumb/v7e-m/fpv4-sp/hard/libsupc++_nano.a(si_class_type_info.o)
 .text          0x00000000000008b8        0x0 /opt/ti/ccsv7/tools/compiler/gcc-arm-none-eabi-6-2017-q1-update/bin/../lib/gcc/arm-none-eabi/6.3.1/../../../../arm-none-eabi/lib/thumb/v7e-m/fpv4-sp/hard/libsupc++_nano.a(tinfo.o)
 .text          0x00000000000008b8        0x0 /opt/ti/ccsv7/tools/compiler/gcc-arm-none-eabi-6-2017-q1-update/bin/../lib/gcc/arm-none-eabi/6.3.1/../../../../arm-none-eabi/lib/thumb/v7e-m/fpv4-sp/hard/libsupc++_nano.a(eh_call.o)
 .text          0x00000000000008b8        0x0 /opt/ti/ccsv7/tools/compiler/gcc-arm-none-eabi-6-2017-q1-update/bin/../lib/gcc/arm-none-eabi/6.3.1/../../../../arm-none-eabi/lib/thumb/v7e-m/fpv4-sp/hard/libsupc++_nano.a(eh_catch.o)
 .text          0x00000000000008b8        0x0 /opt/ti/ccsv7/tools/compiler/gcc-arm-none-eabi-6-2017-q1-update/bin/../lib/gcc/arm-none-eabi/6.3.1/../../../../arm-none-eabi/lib/thumb/v7e-m/fpv4-sp/hard/libsupc++_nano.a(eh_term_handler.o)
 .text          0x00000000000008b8      0x9cc /opt/ti/ccsv7/tools/compiler/gcc-arm-none-eabi-6-2017-q1-update/bin/../lib/gcc/arm-none-eabi/6.3.1/thumb/v7e-m/fpv4-sp/hard/libgcc.a(unwind-arm.o)
                0x0000000000000b78                _Unwind_GetCFA
                0x0000000000000b7c                __gnu_Unwind_RaiseException
                0x0000000000000bdc                __gnu_Unwind_ForcedUnwind
                0x0000000000000bf0                __gnu_Unwind_Resume
                0x0000000000000c34                __gnu_Unwind_Resume_or_Rethrow
                0x0000000000000c44                _Unwind_Complete
                0x0000000000000c48                _Unwind_DeleteException
                0x0000000000000c54                _Unwind_VRS_Get
                0x0000000000000ca0                _Unwind_VRS_Set
                0x0000000000000cf0                __gnu_Unwind_Backtrace
                0x0000000000001030                __aeabi_unwind_cpp_pr0
                0x0000000000001034                __aeabi_unwind_cpp_pr1
                0x0000000000001038                __aeabi_unwind_cpp_pr2
                0x000000000000103c                _Unwind_VRS_Pop
 .text          0x0000000000001284      0x1ac /opt/ti/ccsv7/tools/compiler/gcc-arm-none-eabi-6-2017-q1-update/bin/../lib/gcc/arm-none-eabi/6.3.1/thumb/v7e-m/fpv4-sp/hard/libgcc.a(libunwind.o)
                0x0000000000001284                __restore_core_regs
                0x0000000000001284                restore_core_regs
                0x000000000000129c                __gnu_Unwind_Restore_VFP
                0x00000000000012a4                __gnu_Unwind_Save_VFP
                0x00000000000012ac                __gnu_Unwind_Restore_VFP_D
                0x00000000000012b4                __gnu_Unwind_Save_VFP_D
                0x00000000000012bc                __gnu_Unwind_Restore_VFP_D_16_to_31
                0x00000000000012c4                __gnu_Unwind_Save_VFP_D_16_to_31
                0x00000000000012cc                __gnu_Unwind_Restore_WMMXD
                0x0000000000001310                __gnu_Unwind_Save_WMMXD
                0x0000000000001354                __gnu_Unwind_Restore_WMMXC
                0x0000000000001368                __gnu_Unwind_Save_WMMXC
                0x000000000000137c                ___Unwind_RaiseException
                0x000000000000137c                _Unwind_RaiseException
                0x00000000000013a0                ___Unwind_Resume
                0x00000000000013a0                _Unwind_Resume
                0x00000000000013c4                _Unwind_Resume_or_Rethrow
                0x00000000000013c4                ___Unwind_Resume_or_Rethrow
                0x00000000000013e8                ___Unwind_ForcedUnwind
                0x00000000000013e8                _Unwind_ForcedUnwind
                0x000000000000140c                _Unwind_Backtrace
                0x000000000000140c                ___Unwind_Backtrace
 .text          0x0000000000001430      0x380 /opt/ti/ccsv7/tools/compiler/gcc-arm-none-eabi-6-2017-q1-update/bin/../lib/gcc/arm-none-eabi/6.3.1/thumb/v7e-m/fpv4-sp/hard/libgcc.a(pr-support.o)
                0x0000000000001488                __gnu_unwind_execute
                0x0000000000001758                __gnu_unwind_frame
                0x0000000000001780                _Unwind_GetRegionStart
                0x000000000000178c                _Unwind_GetLanguageSpecificData
                0x00000000000017a0                _Unwind_GetTextRelBase
                0x00000000000017a8                _Unwind_GetDataRelBase
 .text          0x00000000000017b0        0x0 /opt/ti/ccsv7/tools/compiler/gcc-arm-none-eabi-6-2017-q1-update/bin/../lib/gcc/arm-none-eabi/6.3.1/../../../../arm-none-eabi/lib/thumb/v7e-m/fpv4-sp/hard/libnosys.a(sbrk.o)
 .text          0x00000000000017b0        0x0 /opt/ti/ccsv7/tools/compiler/gcc-arm-none-eabi-6-2017-q1-update/bin/../lib/gcc/arm-none-eabi/6.3.1/../../../../arm-none-eabi/lib/thumb/v7e-m/fpv4-sp/hard/libnosys.a(_exit.o)
 .text          0x00000000000017b0        0x0 /opt/ti/ccsv7/tools/compiler/gcc-arm-none-eabi-6-2017-q1-update/bin/../lib/gcc/arm-none-eabi/6.3.1/../../../../arm-none-eabi/lib/thumb/v7e-m/fpv4-sp/hard/libc_nano.a(lib_a-abort.o)
 .text          0x00000000000017b0        0x0 /opt/ti/ccsv7/tools/compiler/gcc-arm-none-eabi-6-2017-q1-update/bin/../lib/gcc/arm-none-eabi/6.3.1/../../../../arm-none-eabi/lib/thumb/v7e-m/fpv4-sp/hard/libc_nano.a(lib_a-memcpy-stub.o)
 .text          0x00000000000017b0        0x0 /opt/ti/ccsv7/tools/compiler/gcc-arm-none-eabi-6-2017-q1-update/bin/../lib/gcc/arm-none-eabi/6.3.1/../../../../arm-none-eabi/lib/thumb/v7e-m/fpv4-sp/hard/libc_nano.a(lib_a-signal.o)
 .text          0x00000000000017b0        0x0 /opt/ti/ccsv7/tools/compiler/gcc-arm-none-eabi-6-2017-q1-update/bin/../lib/gcc/arm-none-eabi/6.3.1/../../../../arm-none-eabi/lib/thumb/v7e-m/fpv4-sp/hard/libc_nano.a(lib_a-signalr.o)
 .text          0x00000000000017b0       0x14 /opt/ti/ccsv7/tools/compiler/gcc-arm-none-eabi-6-2017-q1-update/bin/../lib/gcc/arm-none-eabi/6.3.1/../../../../arm-none-eabi/lib/thumb/v7e-m/fpv4-sp/hard/libc_nano.a(lib_a-strcmp.o)
                0x00000000000017b0                strcmp
 .text          0x00000000000017c4        0x0 /opt/ti/ccsv7/tools/compiler/gcc-arm-none-eabi-6-2017-q1-update/bin/../lib/gcc/arm-none-eabi/6.3.1/../../../../arm-none-eabi/lib/thumb/v7e-m/fpv4-sp/hard/libnosys.a(getpid.o)
 .text          0x00000000000017c4        0x0 /opt/ti/ccsv7/tools/compiler/gcc-arm-none-eabi-6-2017-q1-update/bin/../lib/gcc/arm-none-eabi/6.3.1/../../../../arm-none-eabi/lib/thumb/v7e-m/fpv4-sp/hard/libnosys.a(kill.o)
 .text          0x00000000000017c4        0x0 /opt/ti/ccsv7/tools/compiler/gcc-arm-none-eabi-6-2017-q1-update/bin/../lib/gcc/arm-none-eabi/6.3.1/thumb/v7e-m/fpv4-sp/hard/crtend.o
 .text          0x00000000000017c4        0x0 /opt/ti/ccsv7/tools/compiler/gcc-arm-none-eabi-6-2017-q1-update/bin/../lib/gcc/arm-none-eabi/6.3.1/thumb/v7e-m/fpv4-sp/hard/crtn.o
 *(.text.*)
 .text._ZN8gpio_pinC2ER14gpio_interfacet
                0x00000000000017c4       0x28 ./main.o
                0x00000000000017c4                gpio_pin::gpio_pin(gpio_interface&, unsigned short)
                0x00000000000017c4                gpio_pin::gpio_pin(gpio_interface&, unsigned short)
 .text._ZN15gpio_msp432_pinC2Et
                0x00000000000017ec       0x28 ./main.o
                0x00000000000017ec                gpio_msp432_pin::gpio_msp432_pin(unsigned short)
                0x00000000000017ec                gpio_msp432_pin::gpio_msp432_pin(unsigned short)
 .text._ZN8gpio_pinC2ER14gpio_interface
                0x0000000000001814       0x24 /home/student/git/workspace_mct/YAHAL/libYAHAL_msp432.a(spi_msp432.cpp.o)
                0x0000000000001814                gpio_pin::gpio_pin(gpio_interface&)
                0x0000000000001814                gpio_pin::gpio_pin(gpio_interface&)
 .text._ZN8gpio_pin7setGpioEt
                0x0000000000001838       0x1e /home/student/git/workspace_mct/YAHAL/libYAHAL_msp432.a(spi_msp432.cpp.o)
                0x0000000000001838                gpio_pin::setGpio(unsigned short)
 .text._ZN8gpio_pin8gpioModeEt
                0x0000000000001856       0x28 /home/student/git/workspace_mct/YAHAL/libYAHAL_msp432.a(spi_msp432.cpp.o)
                0x0000000000001856                gpio_pin::gpioMode(unsigned short)
 .text._ZN8gpio_pin8gpioReadEv
                0x000000000000187e       0x28 /home/student/git/workspace_mct/YAHAL/libYAHAL_msp432.a(spi_msp432.cpp.o)
                0x000000000000187e                gpio_pin::gpioRead()
 .text._ZN8gpio_pin9gpioWriteEb
                0x00000000000018a6       0x2a /home/student/git/workspace_mct/YAHAL/libYAHAL_msp432.a(spi_msp432.cpp.o)
                0x00000000000018a6                gpio_pin::gpioWrite(bool)
 .text._ZN15gpio_msp432_pinC2Ev
                0x00000000000018d0       0x20 /home/student/git/workspace_mct/YAHAL/libYAHAL_msp432.a(spi_msp432.cpp.o)
                0x00000000000018d0                gpio_msp432_pin::gpio_msp432_pin()
                0x00000000000018d0                gpio_msp432_pin::gpio_msp432_pin()
 .text._ZN15gpio_msp432_pin6setSELEh
                0x00000000000018f0       0x28 /home/student/git/workspace_mct/YAHAL/libYAHAL_msp432.a(spi_msp432.cpp.o)
                0x00000000000018f0                gpio_msp432_pin::setSEL(unsigned char)
 .text._ZN15gpio_msp432_pin7setModeEt
                0x0000000000001918       0x28 /home/student/git/workspace_mct/YAHAL/libYAHAL_msp432.a(spi_msp432.cpp.o)
                0x0000000000001918                gpio_msp432_pin::setMode(unsigned short)
 .text._ZL17yahal_assert_funcv
                0x0000000000001940       0x1c /home/student/git/workspace_mct/YAHAL/libYAHAL_msp432.a(spi_msp432.cpp.o)
 .text._ZN13spi_interfaceC2Ev
                0x000000000000195c       0x20 /home/student/git/workspace_mct/YAHAL/libYAHAL_msp432.a(spi_msp432.cpp.o)
                0x000000000000195c                spi_interface::spi_interface()
                0x000000000000195c                spi_interface::spi_interface()
 .text._ZN13spi_interfaceD2Ev
                0x000000000000197c       0x20 /home/student/git/workspace_mct/YAHAL/libYAHAL_msp432.a(spi_msp432.cpp.o)
                0x000000000000197c                spi_interface::~spi_interface()
                0x000000000000197c                spi_interface::~spi_interface()
 .text._ZN13spi_interfaceD0Ev
                0x000000000000199c       0x1e /home/student/git/workspace_mct/YAHAL/libYAHAL_msp432.a(spi_msp432.cpp.o)
                0x000000000000199c                spi_interface::~spi_interface()
 *fill*         0x00000000000019ba        0x2 
 .text._ZN10spi_msp432C2EP16EUSCI_A_SPI_TypeR8gpio_pinbt
                0x00000000000019bc      0x210 /home/student/git/workspace_mct/YAHAL/libYAHAL_msp432.a(spi_msp432.cpp.o)
                0x00000000000019bc                spi_msp432::spi_msp432(EUSCI_A_SPI_Type*, gpio_pin&, bool, unsigned short)
                0x00000000000019bc                spi_msp432::spi_msp432(EUSCI_A_SPI_Type*, gpio_pin&, bool, unsigned short)
 .text._ZN10spi_msp432C2EP16EUSCI_B_SPI_TypeR8gpio_pinbt
                0x0000000000001bcc      0x20c /home/student/git/workspace_mct/YAHAL/libYAHAL_msp432.a(spi_msp432.cpp.o)
                0x0000000000001bcc                spi_msp432::spi_msp432(EUSCI_B_SPI_Type*, gpio_pin&, bool, unsigned short)
                0x0000000000001bcc                spi_msp432::spi_msp432(EUSCI_B_SPI_Type*, gpio_pin&, bool, unsigned short)
 .text._ZN10spi_msp432D2Ev
                0x0000000000001dd8       0xb4 /home/student/git/workspace_mct/YAHAL/libYAHAL_msp432.a(spi_msp432.cpp.o)
                0x0000000000001dd8                spi_msp432::~spi_msp432()
                0x0000000000001dd8                spi_msp432::~spi_msp432()
 .text._ZN10spi_msp432D0Ev
                0x0000000000001e8c       0x1e /home/student/git/workspace_mct/YAHAL/libYAHAL_msp432.a(spi_msp432.cpp.o)
                0x0000000000001e8c                spi_msp432::~spi_msp432()
 .text._ZN10spi_msp4328spi_initEv
                0x0000000000001eaa      0x114 /home/student/git/workspace_mct/YAHAL/libYAHAL_msp432.a(spi_msp432.cpp.o)
                0x0000000000001eaa                spi_msp432::spi_init()
 .text._ZN10spi_msp4328transferEPhS0_t
                0x0000000000001fbe       0xfc /home/student/git/workspace_mct/YAHAL/libYAHAL_msp432.a(spi_msp432.cpp.o)
                0x0000000000001fbe                spi_msp432::transfer(unsigned char*, unsigned char*, unsigned short)
 *fill*         0x00000000000020ba        0x2 
 .text._ZN10spi_msp4328setSpeedEm
                0x00000000000020bc       0x2c /home/student/git/workspace_mct/YAHAL/libYAHAL_msp432.a(spi_msp432.cpp.o)
                0x00000000000020bc                spi_msp432::setSpeed(unsigned long)
 .text.EUSCIA0_SPI_IRQHandler
                0x00000000000020e8        0xe /home/student/git/workspace_mct/YAHAL/libYAHAL_msp432.a(spi_msp432.cpp.o)
                0x00000000000020e8                EUSCIA0_SPI_IRQHandler
 .text.EUSCIA1_SPI_IRQHandler
                0x00000000000020f6        0xe /home/student/git/workspace_mct/YAHAL/libYAHAL_msp432.a(spi_msp432.cpp.o)
                0x00000000000020f6                EUSCIA1_SPI_IRQHandler
 .text.EUSCIA2_SPI_IRQHandler
                0x0000000000002104        0xe /home/student/git/workspace_mct/YAHAL/libYAHAL_msp432.a(spi_msp432.cpp.o)
                0x0000000000002104                EUSCIA2_SPI_IRQHandler
 .text.EUSCIA3_SPI_IRQHandler
                0x0000000000002112        0xe /home/student/git/workspace_mct/YAHAL/libYAHAL_msp432.a(spi_msp432.cpp.o)
                0x0000000000002112                EUSCIA3_SPI_IRQHandler
 .text.EUSCIB0_SPI_IRQHandler
                0x0000000000002120        0xe /home/student/git/workspace_mct/YAHAL/libYAHAL_msp432.a(spi_msp432.cpp.o)
                0x0000000000002120                EUSCIB0_SPI_IRQHandler
 .text.EUSCIB1_SPI_IRQHandler
                0x000000000000212e        0xe /home/student/git/workspace_mct/YAHAL/libYAHAL_msp432.a(spi_msp432.cpp.o)
                0x000000000000212e                EUSCIB1_SPI_IRQHandler
 .text.EUSCIB2_SPI_IRQHandler
                0x000000000000213c        0xe /home/student/git/workspace_mct/YAHAL/libYAHAL_msp432.a(spi_msp432.cpp.o)
                0x000000000000213c                EUSCIB2_SPI_IRQHandler
 .text.EUSCIB3_SPI_IRQHandler
                0x000000000000214a        0xe /home/student/git/workspace_mct/YAHAL/libYAHAL_msp432.a(spi_msp432.cpp.o)
                0x000000000000214a                EUSCIB3_SPI_IRQHandler
 .text.__NVIC_EnableIRQ
                0x0000000000002158       0x3c /home/student/git/workspace_mct/YAHAL/libYAHAL_msp432.a(gpio_msp432.cpp.o)
 .text._ZN14gpio_interfaceD2Ev
                0x0000000000002194       0x20 /home/student/git/workspace_mct/YAHAL/libYAHAL_msp432.a(gpio_msp432.cpp.o)
                0x0000000000002194                gpio_interface::~gpio_interface()
                0x0000000000002194                gpio_interface::~gpio_interface()
 .text._ZN14gpio_interfaceD0Ev
                0x00000000000021b4       0x1e /home/student/git/workspace_mct/YAHAL/libYAHAL_msp432.a(gpio_msp432.cpp.o)
                0x00000000000021b4                gpio_interface::~gpio_interface()
 *fill*         0x00000000000021d2        0x2 
 .text._ZN11gpio_msp432D2Ev
                0x00000000000021d4       0x24 /home/student/git/workspace_mct/YAHAL/libYAHAL_msp432.a(gpio_msp432.cpp.o)
                0x00000000000021d4                gpio_msp432::~gpio_msp432()
                0x00000000000021d4                gpio_msp432::~gpio_msp432()
 .text._ZN11gpio_msp432D0Ev
                0x00000000000021f8       0x1e /home/student/git/workspace_mct/YAHAL/libYAHAL_msp432.a(gpio_msp432.cpp.o)
                0x00000000000021f8                gpio_msp432::~gpio_msp432()
 *fill*         0x0000000000002216        0x2 
 .text._ZN14gpio_interfaceC2Ev
                0x0000000000002218       0x20 /home/student/git/workspace_mct/YAHAL/libYAHAL_msp432.a(gpio_msp432.cpp.o)
                0x0000000000002218                gpio_interface::gpio_interface()
                0x0000000000002218                gpio_interface::gpio_interface()
 .text._ZN11gpio_msp432C2Ev
                0x0000000000002238       0x24 /home/student/git/workspace_mct/YAHAL/libYAHAL_msp432.a(gpio_msp432.cpp.o)
                0x0000000000002238                gpio_msp432::gpio_msp432()
                0x0000000000002238                gpio_msp432::gpio_msp432()
 .text._ZL17yahal_assert_funcv
                0x000000000000225c       0x1c /home/student/git/workspace_mct/YAHAL/libYAHAL_msp432.a(gpio_msp432.cpp.o)
 .text._ZN11gpio_msp4328gpioModeEtt
                0x0000000000002278       0x30 /home/student/git/workspace_mct/YAHAL/libYAHAL_msp432.a(gpio_msp432.cpp.o)
                0x0000000000002278                gpio_msp432::gpioMode(unsigned short, unsigned short)
 .text._ZN11gpio_msp4328gpioReadEt
                0x00000000000022a8       0x70 /home/student/git/workspace_mct/YAHAL/libYAHAL_msp432.a(gpio_msp432.cpp.o)
                0x00000000000022a8                gpio_msp432::gpioRead(unsigned short)
 .text._ZN11gpio_msp4329gpioWriteEtb
                0x0000000000002318      0x1d4 /home/student/git/workspace_mct/YAHAL/libYAHAL_msp432.a(gpio_msp432.cpp.o)
                0x0000000000002318                gpio_msp432::gpioWrite(unsigned short, bool)
 .text._ZN11gpio_msp43210gpioToggleEt
                0x00000000000024ec       0x7c /home/student/git/workspace_mct/YAHAL/libYAHAL_msp432.a(gpio_msp432.cpp.o)
                0x00000000000024ec                gpio_msp432::gpioToggle(unsigned short)
 .text._ZN11gpio_msp43213gpioAttachIrqEtPFvtEt
                0x0000000000002568       0xf8 /home/student/git/workspace_mct/YAHAL/libYAHAL_msp432.a(gpio_msp432.cpp.o)
                0x0000000000002568                gpio_msp432::gpioAttachIrq(unsigned short, void (*)(unsigned short), unsigned short)
 .text._ZN11gpio_msp43213gpioDetachIrqEt
                0x0000000000002660       0x70 /home/student/git/workspace_mct/YAHAL/libYAHAL_msp432.a(gpio_msp432.cpp.o)
                0x0000000000002660                gpio_msp432::gpioDetachIrq(unsigned short)
 .text._ZN11gpio_msp43213gpioEnableIrqEt
                0x00000000000026d0       0x78 /home/student/git/workspace_mct/YAHAL/libYAHAL_msp432.a(gpio_msp432.cpp.o)
                0x00000000000026d0                gpio_msp432::gpioEnableIrq(unsigned short)
 .text._ZN11gpio_msp43214gpioDisableIrqEt
                0x0000000000002748       0x68 /home/student/git/workspace_mct/YAHAL/libYAHAL_msp432.a(gpio_msp432.cpp.o)
                0x0000000000002748                gpio_msp432::gpioDisableIrq(unsigned short)
 .text._ZN11gpio_msp4329handleIrqEhh
                0x00000000000027b0       0x3e /home/student/git/workspace_mct/YAHAL/libYAHAL_msp432.a(gpio_msp432.cpp.o)
                0x00000000000027b0                gpio_msp432::handleIrq(unsigned char, unsigned char)
 *fill*         0x00000000000027ee        0x2 
 .text._ZN11gpio_msp4326setSELEth
                0x00000000000027f0       0x94 /home/student/git/workspace_mct/YAHAL/libYAHAL_msp432.a(gpio_msp432.cpp.o)
                0x00000000000027f0                gpio_msp432::setSEL(unsigned short, unsigned char)
 .text._ZN11gpio_msp4327setModeEtt
                0x0000000000002884      0x2f4 /home/student/git/workspace_mct/YAHAL/libYAHAL_msp432.a(gpio_msp432.cpp.o)
                0x0000000000002884                gpio_msp432::setMode(unsigned short, unsigned short)
 .text.PORT1_IRQHandler
                0x0000000000002b78       0x44 /home/student/git/workspace_mct/YAHAL/libYAHAL_msp432.a(gpio_msp432.cpp.o)
                0x0000000000002b78                PORT1_IRQHandler
 .text.PORT2_IRQHandler
                0x0000000000002bbc       0x44 /home/student/git/workspace_mct/YAHAL/libYAHAL_msp432.a(gpio_msp432.cpp.o)
                0x0000000000002bbc                PORT2_IRQHandler
 .text.PORT3_IRQHandler
                0x0000000000002c00       0x44 /home/student/git/workspace_mct/YAHAL/libYAHAL_msp432.a(gpio_msp432.cpp.o)
                0x0000000000002c00                PORT3_IRQHandler
 .text.PORT4_IRQHandler
                0x0000000000002c44       0x44 /home/student/git/workspace_mct/YAHAL/libYAHAL_msp432.a(gpio_msp432.cpp.o)
                0x0000000000002c44                PORT4_IRQHandler
 .text.PORT5_IRQHandler
                0x0000000000002c88       0x44 /home/student/git/workspace_mct/YAHAL/libYAHAL_msp432.a(gpio_msp432.cpp.o)
                0x0000000000002c88                PORT5_IRQHandler
 .text.PORT6_IRQHandler
                0x0000000000002ccc       0x44 /home/student/git/workspace_mct/YAHAL/libYAHAL_msp432.a(gpio_msp432.cpp.o)
                0x0000000000002ccc                PORT6_IRQHandler
 .text._Z41__static_initialization_and_destruction_0ii
                0x0000000000002d10       0x40 /home/student/git/workspace_mct/YAHAL/libYAHAL_msp432.a(gpio_msp432.cpp.o)
 .text._GLOBAL__sub_I_port_base
                0x0000000000002d50       0x10 /home/student/git/workspace_mct/YAHAL/libYAHAL_msp432.a(gpio_msp432.cpp.o)
 .text._ZN14irq_dispatcher7link_inEv
                0x0000000000002d60        0xe /home/student/git/workspace_mct/YAHAL/libYAHAL_msp432.a(irq_dispatcher.cpp.o)
                0x0000000000002d60                irq_dispatcher::link_in()
 .text.Default_EUSCI_Handler
                0x0000000000002d6e        0x6 /home/student/git/workspace_mct/YAHAL/libYAHAL_msp432.a(irq_dispatcher.cpp.o)
                0x0000000000002d6e                EUSCIB0_I2C_IRQHandler
                0x0000000000002d6e                EUSCIA3_UART_IRQHandler
                0x0000000000002d6e                EUSCIA0_UART_IRQHandler
                0x0000000000002d6e                EUSCIB2_I2C_IRQHandler
                0x0000000000002d6e                Default_EUSCI_Handler
                0x0000000000002d6e                EUSCIB1_I2C_IRQHandler
                0x0000000000002d6e                EUSCIB3_I2C_IRQHandler
                0x0000000000002d6e                EUSCIA1_UART_IRQHandler
                0x0000000000002d6e                EUSCIA2_UART_IRQHandler
 .text.EUSCIA0_IRQHandler
                0x0000000000002d74       0x30 /home/student/git/workspace_mct/YAHAL/libYAHAL_msp432.a(irq_dispatcher.cpp.o)
                0x0000000000002d74                EUSCIA0_IRQHandler
 .text.EUSCIA1_IRQHandler
                0x0000000000002da4       0x30 /home/student/git/workspace_mct/YAHAL/libYAHAL_msp432.a(irq_dispatcher.cpp.o)
                0x0000000000002da4                EUSCIA1_IRQHandler
 .text.EUSCIA2_IRQHandler
                0x0000000000002dd4       0x30 /home/student/git/workspace_mct/YAHAL/libYAHAL_msp432.a(irq_dispatcher.cpp.o)
                0x0000000000002dd4                EUSCIA2_IRQHandler
 .text.EUSCIA3_IRQHandler
                0x0000000000002e04       0x30 /home/student/git/workspace_mct/YAHAL/libYAHAL_msp432.a(irq_dispatcher.cpp.o)
                0x0000000000002e04                EUSCIA3_IRQHandler
 .text.EUSCIB0_IRQHandler
                0x0000000000002e34       0x30 /home/student/git/workspace_mct/YAHAL/libYAHAL_msp432.a(irq_dispatcher.cpp.o)
                0x0000000000002e34                EUSCIB0_IRQHandler
 .text.EUSCIB1_IRQHandler
                0x0000000000002e64       0x30 /home/student/git/workspace_mct/YAHAL/libYAHAL_msp432.a(irq_dispatcher.cpp.o)
                0x0000000000002e64                EUSCIB1_IRQHandler
 .text.EUSCIB2_IRQHandler
                0x0000000000002e94       0x30 /home/student/git/workspace_mct/YAHAL/libYAHAL_msp432.a(irq_dispatcher.cpp.o)
                0x0000000000002e94                EUSCIB2_IRQHandler
 .text.EUSCIB3_IRQHandler
                0x0000000000002ec4       0x30 /home/student/git/workspace_mct/YAHAL/libYAHAL_msp432.a(irq_dispatcher.cpp.o)
                0x0000000000002ec4                EUSCIB3_IRQHandler
 .text._ZL17yahal_assert_funcv
                0x0000000000002ef4       0x1c /home/student/git/workspace_mct/YAHAL/libYAHAL_msp432.a(st7735s_drv.cpp.o)
 .text._ZN13lcd_interface12convertColorEmm
                0x0000000000002f10       0x78 /home/student/git/workspace_mct/YAHAL/libYAHAL_msp432.a(st7735s_drv.cpp.o)
                0x0000000000002f10                lcd_interface::convertColor(unsigned long, unsigned long)
 .text._ZN11st7735s_drv6configC2Etttthhh
                0x0000000000002f88       0x56 /home/student/git/workspace_mct/YAHAL/libYAHAL_msp432.a(st7735s_drv.cpp.o)
                0x0000000000002f88                st7735s_drv::config::config(unsigned short, unsigned short, unsigned short, unsigned short, unsigned char, unsigned char, unsigned char)
                0x0000000000002f88                st7735s_drv::config::config(unsigned short, unsigned short, unsigned short, unsigned short, unsigned char, unsigned char, unsigned char)
 *fill*         0x0000000000002fde        0x2 
 .text._ZN12pixel_streamC2Ev
                0x0000000000002fe0       0x20 /home/student/git/workspace_mct/YAHAL/libYAHAL_msp432.a(st7735s_drv.cpp.o)
                0x0000000000002fe0                pixel_stream::pixel_stream()
                0x0000000000002fe0                pixel_stream::pixel_stream()
 .text._ZN18pixel_stream_constC2Em
                0x0000000000003000       0x2c /home/student/git/workspace_mct/YAHAL/libYAHAL_msp432.a(st7735s_drv.cpp.o)
                0x0000000000003000                pixel_stream_const::pixel_stream_const(unsigned long)
                0x0000000000003000                pixel_stream_const::pixel_stream_const(unsigned long)
 .text._ZN18pixel_stream_const12getColorTypeEv
                0x000000000000302c       0x1c /home/student/git/workspace_mct/YAHAL/libYAHAL_msp432.a(st7735s_drv.cpp.o)
                0x000000000000302c                pixel_stream_const::getColorType()
 .text._ZN18pixel_stream_const7getNextEv
                0x0000000000003048       0x18 /home/student/git/workspace_mct/YAHAL/libYAHAL_msp432.a(st7735s_drv.cpp.o)
                0x0000000000003048                pixel_stream_const::getNext()
 .text._ZN18pixel_stream_const5resetEv
                0x0000000000003060       0x14 /home/student/git/workspace_mct/YAHAL/libYAHAL_msp432.a(st7735s_drv.cpp.o)
                0x0000000000003060                pixel_stream_const::reset()
 .text._Z5delayi
                0x0000000000003074       0x3a /home/student/git/workspace_mct/YAHAL/libYAHAL_msp432.a(st7735s_drv.cpp.o)
                0x0000000000003074                delay(int)
 *fill*         0x00000000000030ae        0x2 
 .text._ZN13lcd_interfaceC2Ev
                0x00000000000030b0       0x20 /home/student/git/workspace_mct/YAHAL/libYAHAL_msp432.a(st7735s_drv.cpp.o)
                0x00000000000030b0                lcd_interface::lcd_interface()
                0x00000000000030b0                lcd_interface::lcd_interface()
 .text._ZN13lcd_interfaceD2Ev
                0x00000000000030d0       0x20 /home/student/git/workspace_mct/YAHAL/libYAHAL_msp432.a(st7735s_drv.cpp.o)
                0x00000000000030d0                lcd_interface::~lcd_interface()
                0x00000000000030d0                lcd_interface::~lcd_interface()
 .text._ZN13lcd_interfaceD0Ev
                0x00000000000030f0       0x1e /home/student/git/workspace_mct/YAHAL/libYAHAL_msp432.a(st7735s_drv.cpp.o)
                0x00000000000030f0                lcd_interface::~lcd_interface()
 *fill*         0x000000000000310e        0x2 
 .text._ZN11st7735s_drvC2ER13spi_interfaceR8gpio_pinS3_RNS_6configEP15mutex_interface
                0x0000000000003110      0x138 /home/student/git/workspace_mct/YAHAL/libYAHAL_msp432.a(st7735s_drv.cpp.o)
                0x0000000000003110                st7735s_drv::st7735s_drv(spi_interface&, gpio_pin&, gpio_pin&, st7735s_drv::config&, mutex_interface*)
                0x0000000000003110                st7735s_drv::st7735s_drv(spi_interface&, gpio_pin&, gpio_pin&, st7735s_drv::config&, mutex_interface*)
 .text._ZN11st7735s_drvD2Ev
                0x0000000000003248       0x24 /home/student/git/workspace_mct/YAHAL/libYAHAL_msp432.a(st7735s_drv.cpp.o)
                0x0000000000003248                st7735s_drv::~st7735s_drv()
                0x0000000000003248                st7735s_drv::~st7735s_drv()
 .text._ZN11st7735s_drvD0Ev
                0x000000000000326c       0x1e /home/student/git/workspace_mct/YAHAL/libYAHAL_msp432.a(st7735s_drv.cpp.o)
                0x000000000000326c                st7735s_drv::~st7735s_drv()
 .text._ZN11st7735s_drv8getSizeXEv
                0x000000000000328a       0x32 /home/student/git/workspace_mct/YAHAL/libYAHAL_msp432.a(st7735s_drv.cpp.o)
                0x000000000000328a                st7735s_drv::getSizeX()
 .text._ZN11st7735s_drv8getSizeYEv
                0x00000000000032bc       0x32 /home/student/git/workspace_mct/YAHAL/libYAHAL_msp432.a(st7735s_drv.cpp.o)
                0x00000000000032bc                st7735s_drv::getSizeY()
 *fill*         0x00000000000032ee        0x2 
 .text._ZN11st7735s_drv14setOrientationENS_11OrientationE
                0x00000000000032f0       0xc8 /home/student/git/workspace_mct/YAHAL/libYAHAL_msp432.a(st7735s_drv.cpp.o)
                0x00000000000032f0                st7735s_drv::setOrientation(st7735s_drv::Orientation)
 .text._ZN11st7735s_drv9drawPixelEttm
                0x00000000000033b8       0xa0 /home/student/git/workspace_mct/YAHAL/libYAHAL_msp432.a(st7735s_drv.cpp.o)
                0x00000000000033b8                st7735s_drv::drawPixel(unsigned short, unsigned short, unsigned long)
 .text._ZN11st7735s_drv9drawHLineEtttm
                0x0000000000003458       0xcc /home/student/git/workspace_mct/YAHAL/libYAHAL_msp432.a(st7735s_drv.cpp.o)
                0x0000000000003458                st7735s_drv::drawHLine(unsigned short, unsigned short, unsigned short, unsigned long)
 .text._ZN11st7735s_drv9drawVLineEtttm
                0x0000000000003524       0xcc /home/student/git/workspace_mct/YAHAL/libYAHAL_msp432.a(st7735s_drv.cpp.o)
                0x0000000000003524                st7735s_drv::drawVLine(unsigned short, unsigned short, unsigned short, unsigned long)
 .text._ZN11st7735s_drv8drawAreaEttttR12pixel_stream
                0x00000000000035f0      0x124 /home/student/git/workspace_mct/YAHAL/libYAHAL_msp432.a(st7735s_drv.cpp.o)
                0x00000000000035f0                st7735s_drv::drawArea(unsigned short, unsigned short, unsigned short, unsigned short, pixel_stream&)
 .text._ZN11st7735s_drv8fillAreaEttttm
                0x0000000000003714       0x66 /home/student/git/workspace_mct/YAHAL/libYAHAL_msp432.a(st7735s_drv.cpp.o)
                0x0000000000003714                st7735s_drv::fillArea(unsigned short, unsigned short, unsigned short, unsigned short, unsigned long)
 .text._ZN11st7735s_drv6scrollEs
                0x000000000000377a       0xd8 /home/student/git/workspace_mct/YAHAL/libYAHAL_msp432.a(st7735s_drv.cpp.o)
                0x000000000000377a                st7735s_drv::scroll(short)
 .text._ZN11st7735s_drv11clearScreenEm
                0x0000000000003852       0xdc /home/student/git/workspace_mct/YAHAL/libYAHAL_msp432.a(st7735s_drv.cpp.o)
                0x0000000000003852                st7735s_drv::clearScreen(unsigned long)
 .text._ZN11st7735s_drv13inverseColorsEb
                0x000000000000392e       0x5e /home/student/git/workspace_mct/YAHAL/libYAHAL_msp432.a(st7735s_drv.cpp.o)
                0x000000000000392e                st7735s_drv::inverseColors(bool)
 .text._ZN11st7735s_drv6changeERtS0_
                0x000000000000398c      0x108 /home/student/git/workspace_mct/YAHAL/libYAHAL_msp432.a(st7735s_drv.cpp.o)
                0x000000000000398c                st7735s_drv::change(unsigned short&, unsigned short&)
 .text._ZN11st7735s_drv8setFrameEtttt
                0x0000000000003a94      0x22c /home/student/git/workspace_mct/YAHAL/libYAHAL_msp432.a(st7735s_drv.cpp.o)
                0x0000000000003a94                st7735s_drv::setFrame(unsigned short, unsigned short, unsigned short, unsigned short)
 .text._ZN11st7735s_drv9writeDataEh
                0x0000000000003cc0       0x2a /home/student/git/workspace_mct/YAHAL/libYAHAL_msp432.a(st7735s_drv.cpp.o)
                0x0000000000003cc0                st7735s_drv::writeData(unsigned char)
 .text._ZN11st7735s_drv12writeCommandEh
                0x0000000000003cea       0x42 /home/student/git/workspace_mct/YAHAL/libYAHAL_msp432.a(st7735s_drv.cpp.o)
                0x0000000000003cea                st7735s_drv::writeCommand(unsigned char)
 .text._ZN18pixel_stream_constD2Ev
                0x0000000000003d2c       0x20 /home/student/git/workspace_mct/YAHAL/libYAHAL_msp432.a(st7735s_drv.cpp.o)
                0x0000000000003d2c                pixel_stream_const::~pixel_stream_const()
                0x0000000000003d2c                pixel_stream_const::~pixel_stream_const()
 .text._ZN18pixel_stream_constD0Ev
                0x0000000000003d4c       0x1e /home/student/git/workspace_mct/YAHAL/libYAHAL_msp432.a(st7735s_drv.cpp.o)
                0x0000000000003d4c                pixel_stream_const::~pixel_stream_const()
 *fill*         0x0000000000003d6a        0x2 
 .text._Z41__static_initialization_and_destruction_0ii
                0x0000000000003d6c       0x44 /home/student/git/workspace_mct/YAHAL/libYAHAL_msp432.a(st7735s_drv.cpp.o)
 .text._GLOBAL__sub_I__ZN11st7735s_drv20Crystalfontz_128x128E
                0x0000000000003db0       0x10 /home/student/git/workspace_mct/YAHAL/libYAHAL_msp432.a(st7735s_drv.cpp.o)
 .text._ZL17yahal_assert_funcv
                0x0000000000003dc0       0x1c /home/student/git/workspace_mct/YAHAL/libYAHAL_msp432.a(uGUI.cpp.o)
 .text._ZN19pixel_stream_rgb565C2EPKtj
                0x0000000000003ddc       0x3c /home/student/git/workspace_mct/YAHAL/libYAHAL_msp432.a(uGUI.cpp.o)
                0x0000000000003ddc                pixel_stream_rgb565::pixel_stream_rgb565(unsigned short const*, unsigned int)
                0x0000000000003ddc                pixel_stream_rgb565::pixel_stream_rgb565(unsigned short const*, unsigned int)
 .text._ZN19pixel_stream_rgb565D2Ev
                0x0000000000003e18       0x20 /home/student/git/workspace_mct/YAHAL/libYAHAL_msp432.a(uGUI.cpp.o)
                0x0000000000003e18                pixel_stream_rgb565::~pixel_stream_rgb565()
                0x0000000000003e18                pixel_stream_rgb565::~pixel_stream_rgb565()
 .text._ZN19pixel_stream_rgb565D0Ev
                0x0000000000003e38       0x1e /home/student/git/workspace_mct/YAHAL/libYAHAL_msp432.a(uGUI.cpp.o)
                0x0000000000003e38                pixel_stream_rgb565::~pixel_stream_rgb565()
 .text._ZN19pixel_stream_rgb56512getColorTypeEv
                0x0000000000003e56       0x18 /home/student/git/workspace_mct/YAHAL/libYAHAL_msp432.a(uGUI.cpp.o)
                0x0000000000003e56                pixel_stream_rgb565::getColorType()
 .text._ZN19pixel_stream_rgb5657getNextEv
                0x0000000000003e6e       0x2c /home/student/git/workspace_mct/YAHAL/libYAHAL_msp432.a(uGUI.cpp.o)
                0x0000000000003e6e                pixel_stream_rgb565::getNext()
 .text._ZN19pixel_stream_rgb5655resetEv
                0x0000000000003e9a       0x1a /home/student/git/workspace_mct/YAHAL/libYAHAL_msp432.a(uGUI.cpp.o)
                0x0000000000003e9a                pixel_stream_rgb565::reset()
 .text._ZN4uGUIC2ER13lcd_interface
                0x0000000000003eb4       0xf0 /home/student/git/workspace_mct/YAHAL/libYAHAL_msp432.a(uGUI.cpp.o)
                0x0000000000003eb4                uGUI::uGUI(lcd_interface&)
                0x0000000000003eb4                uGUI::uGUI(lcd_interface&)
 .text._ZN4uGUI10FontSelectEPKNS_4FONTE
                0x0000000000003fa4       0x32 /home/student/git/workspace_mct/YAHAL/libYAHAL_msp432.a(uGUI.cpp.o)
                0x0000000000003fa4                uGUI::FontSelect(uGUI::FONT const*)
 .text._ZN4uGUI10FillScreenEm
                0x0000000000003fd6       0x40 /home/student/git/workspace_mct/YAHAL/libYAHAL_msp432.a(uGUI.cpp.o)
                0x0000000000003fd6                uGUI::FillScreen(unsigned long)
 .text._ZN4uGUI9FillFrameEssssm
                0x0000000000004016       0x74 /home/student/git/workspace_mct/YAHAL/libYAHAL_msp432.a(uGUI.cpp.o)
                0x0000000000004016                uGUI::FillFrame(short, short, short, short, unsigned long)
 .text._ZN4uGUI14FillRoundFrameEsssssm
                0x000000000000408a      0x248 /home/student/git/workspace_mct/YAHAL/libYAHAL_msp432.a(uGUI.cpp.o)
                0x000000000000408a                uGUI::FillRoundFrame(short, short, short, short, short, unsigned long)
 .text._ZN4uGUI8DrawMeshEssssm
                0x00000000000042d2       0x9c /home/student/git/workspace_mct/YAHAL/libYAHAL_msp432.a(uGUI.cpp.o)
                0x00000000000042d2                uGUI::DrawMesh(short, short, short, short, unsigned long)
 .text._ZN4uGUI9DrawFrameEssssm
                0x000000000000436e       0x9a /home/student/git/workspace_mct/YAHAL/libYAHAL_msp432.a(uGUI.cpp.o)
                0x000000000000436e                uGUI::DrawFrame(short, short, short, short, unsigned long)
 .text._ZN4uGUI14DrawRoundFrameEsssssm
                0x0000000000004408      0x1c0 /home/student/git/workspace_mct/YAHAL/libYAHAL_msp432.a(uGUI.cpp.o)
                0x0000000000004408                uGUI::DrawRoundFrame(short, short, short, short, short, unsigned long)
 .text._ZN4uGUI9DrawPixelEssm
                0x00000000000045c8       0x30 /home/student/git/workspace_mct/YAHAL/libYAHAL_msp432.a(uGUI.cpp.o)
                0x00000000000045c8                uGUI::DrawPixel(short, short, unsigned long)
 .text._ZN4uGUI10DrawCircleEsssm
                0x00000000000045f8      0x1d4 /home/student/git/workspace_mct/YAHAL/libYAHAL_msp432.a(uGUI.cpp.o)
                0x00000000000045f8                uGUI::DrawCircle(short, short, short, unsigned long)
 .text._ZN4uGUI10FillCircleEsssm
                0x00000000000047cc      0x1c4 /home/student/git/workspace_mct/YAHAL/libYAHAL_msp432.a(uGUI.cpp.o)
                0x00000000000047cc                uGUI::FillCircle(short, short, short, unsigned long)
 .text._ZN4uGUI7DrawArcEssshm
                0x0000000000004990      0x230 /home/student/git/workspace_mct/YAHAL/libYAHAL_msp432.a(uGUI.cpp.o)
                0x0000000000004990                uGUI::DrawArc(short, short, short, unsigned char, unsigned long)
 .text._ZN4uGUI8DrawLineEssssm
                0x0000000000004bc0      0x1fe /home/student/git/workspace_mct/YAHAL/libYAHAL_msp432.a(uGUI.cpp.o)
                0x0000000000004bc0                uGUI::DrawLine(short, short, short, short, unsigned long)
 *fill*         0x0000000000004dbe        0x2 
 .text._ZN4uGUI7PutCharEcssmmb
                0x0000000000004dc0      0x250 /home/student/git/workspace_mct/YAHAL/libYAHAL_msp432.a(uGUI.cpp.o)
                0x0000000000004dc0                uGUI::PutChar(char, short, short, unsigned long, unsigned long, bool)
 .text._ZN4uGUI9PutStringEssPKcb
                0x0000000000005010       0xdc /home/student/git/workspace_mct/YAHAL/libYAHAL_msp432.a(uGUI.cpp.o)
                0x0000000000005010                uGUI::PutString(short, short, char const*, bool)
 .text._ZN4uGUI16ConsolePutStringEPc
                0x00000000000050ec      0x134 /home/student/git/workspace_mct/YAHAL/libYAHAL_msp432.a(uGUI.cpp.o)
                0x00000000000050ec                uGUI::ConsolePutString(char*)
 .text._ZN4uGUI14ConsoleSetAreaEssss
                0x0000000000005220       0x3e /home/student/git/workspace_mct/YAHAL/libYAHAL_msp432.a(uGUI.cpp.o)
                0x0000000000005220                uGUI::ConsoleSetArea(short, short, short, short)
 .text._ZN4uGUI19ConsoleSetForecolorEm
                0x000000000000525e       0x1c /home/student/git/workspace_mct/YAHAL/libYAHAL_msp432.a(uGUI.cpp.o)
                0x000000000000525e                uGUI::ConsoleSetForecolor(unsigned long)
 .text._ZN4uGUI19ConsoleSetBackcolorEm
                0x000000000000527a       0x1c /home/student/git/workspace_mct/YAHAL/libYAHAL_msp432.a(uGUI.cpp.o)
                0x000000000000527a                uGUI::ConsoleSetBackcolor(unsigned long)
 .text._ZN4uGUI12SetForecolorEm
                0x0000000000005296       0x1c /home/student/git/workspace_mct/YAHAL/libYAHAL_msp432.a(uGUI.cpp.o)
                0x0000000000005296                uGUI::SetForecolor(unsigned long)
 .text._ZN4uGUI12SetBackcolorEm
                0x00000000000052b2       0x1c /home/student/git/workspace_mct/YAHAL/libYAHAL_msp432.a(uGUI.cpp.o)
                0x00000000000052b2                uGUI::SetBackcolor(unsigned long)
 .text._ZN4uGUI7GetXDimEv
                0x00000000000052ce       0x1a /home/student/git/workspace_mct/YAHAL/libYAHAL_msp432.a(uGUI.cpp.o)
                0x00000000000052ce                uGUI::GetXDim()
 .text._ZN4uGUI7GetYDimEv
                0x00000000000052e8       0x1a /home/student/git/workspace_mct/YAHAL/libYAHAL_msp432.a(uGUI.cpp.o)
                0x00000000000052e8                uGUI::GetYDim()
 .text._ZN4uGUI13FontSetHSpaceEt
                0x0000000000005302       0x22 /home/student/git/workspace_mct/YAHAL/libYAHAL_msp432.a(uGUI.cpp.o)
                0x0000000000005302                uGUI::FontSetHSpace(unsigned short)
 .text._ZN4uGUI13FontSetVSpaceEt
                0x0000000000005324       0x22 /home/student/git/workspace_mct/YAHAL/libYAHAL_msp432.a(uGUI.cpp.o)
                0x0000000000005324                uGUI::FontSetVSpace(unsigned short)
 *fill*         0x0000000000005346        0x2 
 .text._ZN4uGUI8_PutTextEPNS_4TEXTE
                0x0000000000005348      0x430 /home/student/git/workspace_mct/YAHAL/libYAHAL_msp432.a(uGUI.cpp.o)
                0x0000000000005348                uGUI::_PutText(uGUI::TEXT*)
 .text._ZN4uGUI14_GetFreeObjectEPNS_6WINDOWE
                0x0000000000005778       0x5c /home/student/git/workspace_mct/YAHAL/libYAHAL_msp432.a(uGUI.cpp.o)
                0x0000000000005778                uGUI::_GetFreeObject(uGUI::WINDOW*)
 .text._ZN4uGUI13_SearchObjectEPNS_6WINDOWEhh
                0x00000000000057d4       0x7c /home/student/git/workspace_mct/YAHAL/libYAHAL_msp432.a(uGUI.cpp.o)
                0x00000000000057d4                uGUI::_SearchObject(uGUI::WINDOW*, unsigned char, unsigned char)
 .text._ZN4uGUI13_DeleteObjectEPNS_6WINDOWEhh
                0x0000000000005850       0x86 /home/student/git/workspace_mct/YAHAL/libYAHAL_msp432.a(uGUI.cpp.o)
                0x0000000000005850                uGUI::_DeleteObject(uGUI::WINDOW*, unsigned char, unsigned char)
 .text._ZN4uGUI17_ProcessTouchDataEPNS_6WINDOWE
                0x00000000000058d6      0x174 /home/student/git/workspace_mct/YAHAL/libYAHAL_msp432.a(uGUI.cpp.o)
                0x00000000000058d6                uGUI::_ProcessTouchData(uGUI::WINDOW*)
 .text._ZN4uGUI14_UpdateObjectsEPNS_6WINDOWE
                0x0000000000005a4a       0x96 /home/student/git/workspace_mct/YAHAL/libYAHAL_msp432.a(uGUI.cpp.o)
                0x0000000000005a4a                uGUI::_UpdateObjects(uGUI::WINDOW*)
 .text._ZN4uGUI13_HandleEventsEPNS_6WINDOWE
                0x0000000000005ae0       0x90 /home/student/git/workspace_mct/YAHAL/libYAHAL_msp432.a(uGUI.cpp.o)
                0x0000000000005ae0                uGUI::_HandleEvents(uGUI::WINDOW*)
 .text._ZN4uGUI16_DrawObjectFrameEssssPm
                0x0000000000005b70      0x280 /home/student/git/workspace_mct/YAHAL/libYAHAL_msp432.a(uGUI.cpp.o)
                0x0000000000005b70                uGUI::_DrawObjectFrame(short, short, short, short, unsigned long*)
 .text._ZN4uGUI6UpdateEv
                0x0000000000005df0      0x136 /home/student/git/workspace_mct/YAHAL/libYAHAL_msp432.a(uGUI.cpp.o)
                0x0000000000005df0                uGUI::Update()
 .text._ZN4uGUI13WaitForUpdateEv
                0x0000000000005f26       0x36 /home/student/git/workspace_mct/YAHAL/libYAHAL_msp432.a(uGUI.cpp.o)
                0x0000000000005f26                uGUI::WaitForUpdate()
 .text._ZN4uGUI7DrawBMPEssPNS_3BMPE
                0x0000000000005f5c       0x9c /home/student/git/workspace_mct/YAHAL/libYAHAL_msp432.a(uGUI.cpp.o)
                0x0000000000005f5c                uGUI::DrawBMP(short, short, uGUI::BMP*)
 .text._ZN4uGUI11TouchUpdateEssh
                0x0000000000005ff8       0x38 /home/student/git/workspace_mct/YAHAL/libYAHAL_msp432.a(uGUI.cpp.o)
                0x0000000000005ff8                uGUI::TouchUpdate(short, short, unsigned char)
 .text._ZN4uGUI12WindowCreateEPNS_6WINDOWEPNS_6OBJECTEhPFvPNS_7MESSAGEEE
                0x0000000000006030      0x10c /home/student/git/workspace_mct/YAHAL/libYAHAL_msp432.a(uGUI.cpp.o)
                0x0000000000006030                uGUI::WindowCreate(uGUI::WINDOW*, uGUI::OBJECT*, unsigned char, void (*)(uGUI::MESSAGE*))
 .text._ZN4uGUI12WindowDeleteEPNS_6WINDOWE
                0x000000000000613c       0x76 /home/student/git/workspace_mct/YAHAL/libYAHAL_msp432.a(uGUI.cpp.o)
                0x000000000000613c                uGUI::WindowDelete(uGUI::WINDOW*)
 .text._ZN4uGUI10WindowShowEPNS_6WINDOWE
                0x00000000000061b2       0x46 /home/student/git/workspace_mct/YAHAL/libYAHAL_msp432.a(uGUI.cpp.o)
                0x00000000000061b2                uGUI::WindowShow(uGUI::WINDOW*)
 .text._ZN4uGUI10WindowHideEPNS_6WINDOWE
                0x00000000000061f8       0xc8 /home/student/git/workspace_mct/YAHAL/libYAHAL_msp432.a(uGUI.cpp.o)
                0x00000000000061f8                uGUI::WindowHide(uGUI::WINDOW*)
 .text._ZN4uGUI12WindowResizeEPNS_6WINDOWEssss
                0x00000000000062c0      0x1ec /home/student/git/workspace_mct/YAHAL/libYAHAL_msp432.a(uGUI.cpp.o)
                0x00000000000062c0                uGUI::WindowResize(uGUI::WINDOW*, short, short, short, short)
 .text._ZN4uGUI11WindowAlertEPNS_6WINDOWE
                0x00000000000064ac       0x6c /home/student/git/workspace_mct/YAHAL/libYAHAL_msp432.a(uGUI.cpp.o)
                0x00000000000064ac                uGUI::WindowAlert(uGUI::WINDOW*)
 .text._ZN4uGUI18WindowSetForeColorEPNS_6WINDOWEm
                0x0000000000006518       0x46 /home/student/git/workspace_mct/YAHAL/libYAHAL_msp432.a(uGUI.cpp.o)
                0x0000000000006518                uGUI::WindowSetForeColor(uGUI::WINDOW*, unsigned long)
 .text._ZN4uGUI18WindowSetBackColorEPNS_6WINDOWEm
                0x000000000000655e       0x46 /home/student/git/workspace_mct/YAHAL/libYAHAL_msp432.a(uGUI.cpp.o)
                0x000000000000655e                uGUI::WindowSetBackColor(uGUI::WINDOW*, unsigned long)
 .text._ZN4uGUI23WindowSetTitleTextColorEPNS_6WINDOWEm
                0x00000000000065a4       0x46 /home/student/git/workspace_mct/YAHAL/libYAHAL_msp432.a(uGUI.cpp.o)
                0x00000000000065a4                uGUI::WindowSetTitleTextColor(uGUI::WINDOW*, unsigned long)
 .text._ZN4uGUI19WindowSetTitleColorEPNS_6WINDOWEm
                0x00000000000065ea       0x46 /home/student/git/workspace_mct/YAHAL/libYAHAL_msp432.a(uGUI.cpp.o)
                0x00000000000065ea                uGUI::WindowSetTitleColor(uGUI::WINDOW*, unsigned long)
 .text._ZN4uGUI31WindowSetTitleInactiveTextColorEPNS_6WINDOWEm
                0x0000000000006630       0x46 /home/student/git/workspace_mct/YAHAL/libYAHAL_msp432.a(uGUI.cpp.o)
                0x0000000000006630                uGUI::WindowSetTitleInactiveTextColor(uGUI::WINDOW*, unsigned long)
 .text._ZN4uGUI27WindowSetTitleInactiveColorEPNS_6WINDOWEm
                0x0000000000006676       0x46 /home/student/git/workspace_mct/YAHAL/libYAHAL_msp432.a(uGUI.cpp.o)
                0x0000000000006676                uGUI::WindowSetTitleInactiveColor(uGUI::WINDOW*, unsigned long)
 .text._ZN4uGUI18WindowSetTitleTextEPNS_6WINDOWEPc
                0x00000000000066bc       0x46 /home/student/git/workspace_mct/YAHAL/libYAHAL_msp432.a(uGUI.cpp.o)
                0x00000000000066bc                uGUI::WindowSetTitleText(uGUI::WINDOW*, char*)
 .text._ZN4uGUI22WindowSetTitleTextFontEPNS_6WINDOWEPKNS_4FONTE
                0x0000000000006702       0x7a /home/student/git/workspace_mct/YAHAL/libYAHAL_msp432.a(uGUI.cpp.o)
                0x0000000000006702                uGUI::WindowSetTitleTextFont(uGUI::WINDOW*, uGUI::FONT const*)
 .text._ZN4uGUI24WindowSetTitleTextHSpaceEPNS_6WINDOWEa
                0x000000000000677c       0x4a /home/student/git/workspace_mct/YAHAL/libYAHAL_msp432.a(uGUI.cpp.o)
                0x000000000000677c                uGUI::WindowSetTitleTextHSpace(uGUI::WINDOW*, signed char)
 .text._ZN4uGUI24WindowSetTitleTextVSpaceEPNS_6WINDOWEa
                0x00000000000067c6       0x4a /home/student/git/workspace_mct/YAHAL/libYAHAL_msp432.a(uGUI.cpp.o)
                0x00000000000067c6                uGUI::WindowSetTitleTextVSpace(uGUI::WINDOW*, signed char)
 .text._ZN4uGUI27WindowSetTitleTextAlignmentEPNS_6WINDOWEh
                0x0000000000006810       0x4a /home/student/git/workspace_mct/YAHAL/libYAHAL_msp432.a(uGUI.cpp.o)
                0x0000000000006810                uGUI::WindowSetTitleTextAlignment(uGUI::WINDOW*, unsigned char)
 .text._ZN4uGUI20WindowSetTitleHeightEPNS_6WINDOWEh
                0x000000000000685a       0x58 /home/student/git/workspace_mct/YAHAL/libYAHAL_msp432.a(uGUI.cpp.o)
                0x000000000000685a                uGUI::WindowSetTitleHeight(uGUI::WINDOW*, unsigned char)
 .text._ZN4uGUI15WindowSetXStartEPNS_6WINDOWEs
                0x00000000000068b2       0x76 /home/student/git/workspace_mct/YAHAL/libYAHAL_msp432.a(uGUI.cpp.o)
                0x00000000000068b2                uGUI::WindowSetXStart(uGUI::WINDOW*, short)
 .text._ZN4uGUI15WindowSetYStartEPNS_6WINDOWEs
                0x0000000000006928       0x76 /home/student/git/workspace_mct/YAHAL/libYAHAL_msp432.a(uGUI.cpp.o)
                0x0000000000006928                uGUI::WindowSetYStart(uGUI::WINDOW*, short)
 .text._ZN4uGUI13WindowSetXEndEPNS_6WINDOWEs
                0x000000000000699e       0x76 /home/student/git/workspace_mct/YAHAL/libYAHAL_msp432.a(uGUI.cpp.o)
                0x000000000000699e                uGUI::WindowSetXEnd(uGUI::WINDOW*, short)
 .text._ZN4uGUI13WindowSetYEndEPNS_6WINDOWEs
                0x0000000000006a14       0x76 /home/student/git/workspace_mct/YAHAL/libYAHAL_msp432.a(uGUI.cpp.o)
                0x0000000000006a14                uGUI::WindowSetYEnd(uGUI::WINDOW*, short)
 .text._ZN4uGUI14WindowSetStyleEPNS_6WINDOWEh
                0x0000000000006a8a       0x92 /home/student/git/workspace_mct/YAHAL/libYAHAL_msp432.a(uGUI.cpp.o)
                0x0000000000006a8a                uGUI::WindowSetStyle(uGUI::WINDOW*, unsigned char)
 .text._ZN4uGUI18WindowGetForeColorEPNS_6WINDOWE
                0x0000000000006b1c       0x34 /home/student/git/workspace_mct/YAHAL/libYAHAL_msp432.a(uGUI.cpp.o)
                0x0000000000006b1c                uGUI::WindowGetForeColor(uGUI::WINDOW*)
 .text._ZN4uGUI18WindowGetBackColorEPNS_6WINDOWE
                0x0000000000006b50       0x34 /home/student/git/workspace_mct/YAHAL/libYAHAL_msp432.a(uGUI.cpp.o)
                0x0000000000006b50                uGUI::WindowGetBackColor(uGUI::WINDOW*)
 .text._ZN4uGUI23WindowGetTitleTextColorEPNS_6WINDOWE
                0x0000000000006b84       0x34 /home/student/git/workspace_mct/YAHAL/libYAHAL_msp432.a(uGUI.cpp.o)
                0x0000000000006b84                uGUI::WindowGetTitleTextColor(uGUI::WINDOW*)
 .text._ZN4uGUI19WindowGetTitleColorEPNS_6WINDOWE
                0x0000000000006bb8       0x34 /home/student/git/workspace_mct/YAHAL/libYAHAL_msp432.a(uGUI.cpp.o)
                0x0000000000006bb8                uGUI::WindowGetTitleColor(uGUI::WINDOW*)
 .text._ZN4uGUI31WindowGetTitleInactiveTextColorEPNS_6WINDOWE
                0x0000000000006bec       0x34 /home/student/git/workspace_mct/YAHAL/libYAHAL_msp432.a(uGUI.cpp.o)
                0x0000000000006bec                uGUI::WindowGetTitleInactiveTextColor(uGUI::WINDOW*)
 .text._ZN4uGUI27WindowGetTitleInactiveColorEPNS_6WINDOWE
                0x0000000000006c20       0x34 /home/student/git/workspace_mct/YAHAL/libYAHAL_msp432.a(uGUI.cpp.o)
                0x0000000000006c20                uGUI::WindowGetTitleInactiveColor(uGUI::WINDOW*)
 .text._ZN4uGUI18WindowGetTitleTextEPNS_6WINDOWE
                0x0000000000006c54       0x34 /home/student/git/workspace_mct/YAHAL/libYAHAL_msp432.a(uGUI.cpp.o)
                0x0000000000006c54                uGUI::WindowGetTitleText(uGUI::WINDOW*)
 .text._ZN4uGUI22WindowGetTitleTextFontEPNS_6WINDOWE
                0x0000000000006c88       0x34 /home/student/git/workspace_mct/YAHAL/libYAHAL_msp432.a(uGUI.cpp.o)
                0x0000000000006c88                uGUI::WindowGetTitleTextFont(uGUI::WINDOW*)
 .text._ZN4uGUI24WindowGetTitleTextHSpaceEPNS_6WINDOWE
                0x0000000000006cbc       0x38 /home/student/git/workspace_mct/YAHAL/libYAHAL_msp432.a(uGUI.cpp.o)
                0x0000000000006cbc                uGUI::WindowGetTitleTextHSpace(uGUI::WINDOW*)
 .text._ZN4uGUI24WindowGetTitleTextVSpaceEPNS_6WINDOWE
                0x0000000000006cf4       0x38 /home/student/git/workspace_mct/YAHAL/libYAHAL_msp432.a(uGUI.cpp.o)
                0x0000000000006cf4                uGUI::WindowGetTitleTextVSpace(uGUI::WINDOW*)
 .text._ZN4uGUI27WindowGetTitleTextAlignmentEPNS_6WINDOWE
                0x0000000000006d2c       0x36 /home/student/git/workspace_mct/YAHAL/libYAHAL_msp432.a(uGUI.cpp.o)
                0x0000000000006d2c                uGUI::WindowGetTitleTextAlignment(uGUI::WINDOW*)
 .text._ZN4uGUI20WindowGetTitleHeightEPNS_6WINDOWE
                0x0000000000006d62       0x36 /home/student/git/workspace_mct/YAHAL/libYAHAL_msp432.a(uGUI.cpp.o)
                0x0000000000006d62                uGUI::WindowGetTitleHeight(uGUI::WINDOW*)
 .text._ZN4uGUI15WindowGetXStartEPNS_6WINDOWE
                0x0000000000006d98       0x38 /home/student/git/workspace_mct/YAHAL/libYAHAL_msp432.a(uGUI.cpp.o)
                0x0000000000006d98                uGUI::WindowGetXStart(uGUI::WINDOW*)
 .text._ZN4uGUI15WindowGetYStartEPNS_6WINDOWE
                0x0000000000006dd0       0x38 /home/student/git/workspace_mct/YAHAL/libYAHAL_msp432.a(uGUI.cpp.o)
                0x0000000000006dd0                uGUI::WindowGetYStart(uGUI::WINDOW*)
 .text._ZN4uGUI13WindowGetXEndEPNS_6WINDOWE
                0x0000000000006e08       0x38 /home/student/git/workspace_mct/YAHAL/libYAHAL_msp432.a(uGUI.cpp.o)
                0x0000000000006e08                uGUI::WindowGetXEnd(uGUI::WINDOW*)
 .text._ZN4uGUI13WindowGetYEndEPNS_6WINDOWE
                0x0000000000006e40       0x38 /home/student/git/workspace_mct/YAHAL/libYAHAL_msp432.a(uGUI.cpp.o)
                0x0000000000006e40                uGUI::WindowGetYEnd(uGUI::WINDOW*)
 .text._ZN4uGUI14WindowGetStyleEPNS_6WINDOWE
                0x0000000000006e78       0x34 /home/student/git/workspace_mct/YAHAL/libYAHAL_msp432.a(uGUI.cpp.o)
                0x0000000000006e78                uGUI::WindowGetStyle(uGUI::WINDOW*)
 .text._ZN4uGUI13WindowGetAreaEPNS_6WINDOWEPNS_4AREAE
                0x0000000000006eac       0xd8 /home/student/git/workspace_mct/YAHAL/libYAHAL_msp432.a(uGUI.cpp.o)
                0x0000000000006eac                uGUI::WindowGetArea(uGUI::WINDOW*, uGUI::AREA*)
 .text._ZN4uGUI19WindowGetInnerWidthEPNS_6WINDOWE
                0x0000000000006f84       0x66 /home/student/git/workspace_mct/YAHAL/libYAHAL_msp432.a(uGUI.cpp.o)
                0x0000000000006f84                uGUI::WindowGetInnerWidth(uGUI::WINDOW*)
 .text._ZN4uGUI19WindowGetOuterWidthEPNS_6WINDOWE
                0x0000000000006fea       0x52 /home/student/git/workspace_mct/YAHAL/libYAHAL_msp432.a(uGUI.cpp.o)
                0x0000000000006fea                uGUI::WindowGetOuterWidth(uGUI::WINDOW*)
 .text._ZN4uGUI20WindowGetInnerHeightEPNS_6WINDOWE
                0x000000000000703c       0x82 /home/student/git/workspace_mct/YAHAL/libYAHAL_msp432.a(uGUI.cpp.o)
                0x000000000000703c                uGUI::WindowGetInnerHeight(uGUI::WINDOW*)
 .text._ZN4uGUI20WindowGetOuterHeightEPNS_6WINDOWE
                0x00000000000070be       0x52 /home/student/git/workspace_mct/YAHAL/libYAHAL_msp432.a(uGUI.cpp.o)
                0x00000000000070be                uGUI::WindowGetOuterHeight(uGUI::WINDOW*)
 .text._ZN4uGUI16_WindowDrawTitleEPNS_6WINDOWE
                0x0000000000007110      0x164 /home/student/git/workspace_mct/YAHAL/libYAHAL_msp432.a(uGUI.cpp.o)
                0x0000000000007110                uGUI::_WindowDrawTitle(uGUI::WINDOW*)
 .text._ZN4uGUI13_WindowUpdateEPNS_6WINDOWE
                0x0000000000007274      0x184 /home/student/git/workspace_mct/YAHAL/libYAHAL_msp432.a(uGUI.cpp.o)
                0x0000000000007274                uGUI::_WindowUpdate(uGUI::WINDOW*)
 .text._ZN4uGUI12_WindowClearEPNS_6WINDOWE
                0x00000000000073f8       0xa0 /home/student/git/workspace_mct/YAHAL/libYAHAL_msp432.a(uGUI.cpp.o)
                0x00000000000073f8                uGUI::_WindowClear(uGUI::WINDOW*)
 .text._ZN4uGUI12ButtonCreateEPNS_6WINDOWEPNS_6BUTTONEhssss
                0x0000000000007498       0xe8 /home/student/git/workspace_mct/YAHAL/libYAHAL_msp432.a(uGUI.cpp.o)
                0x0000000000007498                uGUI::ButtonCreate(uGUI::WINDOW*, uGUI::BUTTON*, unsigned char, short, short, short, short)
 .text._ZN4uGUI12ButtonDeleteEPNS_6WINDOWEh
                0x0000000000007580       0x24 /home/student/git/workspace_mct/YAHAL/libYAHAL_msp432.a(uGUI.cpp.o)
                0x0000000000007580                uGUI::ButtonDelete(uGUI::WINDOW*, unsigned char)
 .text._ZN4uGUI10ButtonShowEPNS_6WINDOWEh
                0x00000000000075a4       0x52 /home/student/git/workspace_mct/YAHAL/libYAHAL_msp432.a(uGUI.cpp.o)
                0x00000000000075a4                uGUI::ButtonShow(uGUI::WINDOW*, unsigned char)
 .text._ZN4uGUI10ButtonHideEPNS_6WINDOWEh
                0x00000000000075f6       0x76 /home/student/git/workspace_mct/YAHAL/libYAHAL_msp432.a(uGUI.cpp.o)
                0x00000000000075f6                uGUI::ButtonHide(uGUI::WINDOW*, unsigned char)
 .text._ZN4uGUI18ButtonSetForeColorEPNS_6WINDOWEhm
                0x000000000000766c       0x56 /home/student/git/workspace_mct/YAHAL/libYAHAL_msp432.a(uGUI.cpp.o)
                0x000000000000766c                uGUI::ButtonSetForeColor(uGUI::WINDOW*, unsigned char, unsigned long)
 .text._ZN4uGUI18ButtonSetBackColorEPNS_6WINDOWEhm
                0x00000000000076c2       0x56 /home/student/git/workspace_mct/YAHAL/libYAHAL_msp432.a(uGUI.cpp.o)
                0x00000000000076c2                uGUI::ButtonSetBackColor(uGUI::WINDOW*, unsigned char, unsigned long)
 .text._ZN4uGUI27ButtonSetAlternateForeColorEPNS_6WINDOWEhm
                0x0000000000007718       0x56 /home/student/git/workspace_mct/YAHAL/libYAHAL_msp432.a(uGUI.cpp.o)
                0x0000000000007718                uGUI::ButtonSetAlternateForeColor(uGUI::WINDOW*, unsigned char, unsigned long)
 .text._ZN4uGUI27ButtonSetAlternateBackColorEPNS_6WINDOWEhm
                0x000000000000776e       0x56 /home/student/git/workspace_mct/YAHAL/libYAHAL_msp432.a(uGUI.cpp.o)
                0x000000000000776e                uGUI::ButtonSetAlternateBackColor(uGUI::WINDOW*, unsigned char, unsigned long)
 .text._ZN4uGUI13ButtonSetTextEPNS_6WINDOWEhPc
                0x00000000000077c4       0x56 /home/student/git/workspace_mct/YAHAL/libYAHAL_msp432.a(uGUI.cpp.o)
                0x00000000000077c4                uGUI::ButtonSetText(uGUI::WINDOW*, unsigned char, char*)
 .text._ZN4uGUI13ButtonSetFontEPNS_6WINDOWEhPKNS_4FONTE
                0x000000000000781a       0x56 /home/student/git/workspace_mct/YAHAL/libYAHAL_msp432.a(uGUI.cpp.o)
                0x000000000000781a                uGUI::ButtonSetFont(uGUI::WINDOW*, unsigned char, uGUI::FONT const*)
 .text._ZN4uGUI14ButtonSetStyleEPNS_6WINDOWEhh
                0x0000000000007870       0xdc /home/student/git/workspace_mct/YAHAL/libYAHAL_msp432.a(uGUI.cpp.o)
                0x0000000000007870                uGUI::ButtonSetStyle(uGUI::WINDOW*, unsigned char, unsigned char)
 .text._ZN4uGUI18ButtonGetForeColorEPNS_6WINDOWEh
                0x000000000000794c       0x44 /home/student/git/workspace_mct/YAHAL/libYAHAL_msp432.a(uGUI.cpp.o)
                0x000000000000794c                uGUI::ButtonGetForeColor(uGUI::WINDOW*, unsigned char)
 .text._ZN4uGUI18ButtonGetBackColorEPNS_6WINDOWEh
                0x0000000000007990       0x44 /home/student/git/workspace_mct/YAHAL/libYAHAL_msp432.a(uGUI.cpp.o)
                0x0000000000007990                uGUI::ButtonGetBackColor(uGUI::WINDOW*, unsigned char)
 .text._ZN4uGUI27ButtonGetAlternateForeColorEPNS_6WINDOWEh
                0x00000000000079d4       0x44 /home/student/git/workspace_mct/YAHAL/libYAHAL_msp432.a(uGUI.cpp.o)
                0x00000000000079d4                uGUI::ButtonGetAlternateForeColor(uGUI::WINDOW*, unsigned char)
 .text._ZN4uGUI27ButtonGetAlternateBackColorEPNS_6WINDOWEh
                0x0000000000007a18       0x44 /home/student/git/workspace_mct/YAHAL/libYAHAL_msp432.a(uGUI.cpp.o)
                0x0000000000007a18                uGUI::ButtonGetAlternateBackColor(uGUI::WINDOW*, unsigned char)
 .text._ZN4uGUI13ButtonGetTextEPNS_6WINDOWEh
                0x0000000000007a5c       0x44 /home/student/git/workspace_mct/YAHAL/libYAHAL_msp432.a(uGUI.cpp.o)
                0x0000000000007a5c                uGUI::ButtonGetText(uGUI::WINDOW*, unsigned char)
 .text._ZN4uGUI13ButtonGetFontEPNS_6WINDOWEh
                0x0000000000007aa0       0x44 /home/student/git/workspace_mct/YAHAL/libYAHAL_msp432.a(uGUI.cpp.o)
                0x0000000000007aa0                uGUI::ButtonGetFont(uGUI::WINDOW*, unsigned char)
 .text._ZN4uGUI14ButtonGetStyleEPNS_6WINDOWEh
                0x0000000000007ae4       0x44 /home/student/git/workspace_mct/YAHAL/libYAHAL_msp432.a(uGUI.cpp.o)
                0x0000000000007ae4                uGUI::ButtonGetStyle(uGUI::WINDOW*, unsigned char)
 .text._ZN4uGUI13_ButtonUpdateEPS_PNS_6WINDOWEPNS_6OBJECTE
                0x0000000000007b28      0x384 /home/student/git/workspace_mct/YAHAL/libYAHAL_msp432.a(uGUI.cpp.o)
                0x0000000000007b28                uGUI::_ButtonUpdate(uGUI*, uGUI::WINDOW*, uGUI::OBJECT*)
 .text._ZN4uGUI13TextboxCreateEPNS_6WINDOWEPNS_7TEXTBOXEhssss
                0x0000000000007eac       0xe0 /home/student/git/workspace_mct/YAHAL/libYAHAL_msp432.a(uGUI.cpp.o)
                0x0000000000007eac                uGUI::TextboxCreate(uGUI::WINDOW*, uGUI::TEXTBOX*, unsigned char, short, short, short, short)
 .text._ZN4uGUI13TextboxDeleteEPNS_6WINDOWEh
                0x0000000000007f8c       0x24 /home/student/git/workspace_mct/YAHAL/libYAHAL_msp432.a(uGUI.cpp.o)
                0x0000000000007f8c                uGUI::TextboxDelete(uGUI::WINDOW*, unsigned char)
 .text._ZN4uGUI11TextboxShowEPNS_6WINDOWEh
                0x0000000000007fb0       0x52 /home/student/git/workspace_mct/YAHAL/libYAHAL_msp432.a(uGUI.cpp.o)
                0x0000000000007fb0                uGUI::TextboxShow(uGUI::WINDOW*, unsigned char)
 .text._ZN4uGUI11TextboxHideEPNS_6WINDOWEh
                0x0000000000008002       0x52 /home/student/git/workspace_mct/YAHAL/libYAHAL_msp432.a(uGUI.cpp.o)
                0x0000000000008002                uGUI::TextboxHide(uGUI::WINDOW*, unsigned char)
 .text._ZN4uGUI19TextboxSetForeColorEPNS_6WINDOWEhm
                0x0000000000008054       0x56 /home/student/git/workspace_mct/YAHAL/libYAHAL_msp432.a(uGUI.cpp.o)
                0x0000000000008054                uGUI::TextboxSetForeColor(uGUI::WINDOW*, unsigned char, unsigned long)
 .text._ZN4uGUI19TextboxSetBackColorEPNS_6WINDOWEhm
                0x00000000000080aa       0x56 /home/student/git/workspace_mct/YAHAL/libYAHAL_msp432.a(uGUI.cpp.o)
                0x00000000000080aa                uGUI::TextboxSetBackColor(uGUI::WINDOW*, unsigned char, unsigned long)
 .text._ZN4uGUI14TextboxSetTextEPNS_6WINDOWEhPc
                0x0000000000008100       0x56 /home/student/git/workspace_mct/YAHAL/libYAHAL_msp432.a(uGUI.cpp.o)
                0x0000000000008100                uGUI::TextboxSetText(uGUI::WINDOW*, unsigned char, char*)
 .text._ZN4uGUI14TextboxSetFontEPNS_6WINDOWEhPKNS_4FONTE
                0x0000000000008156       0x56 /home/student/git/workspace_mct/YAHAL/libYAHAL_msp432.a(uGUI.cpp.o)
                0x0000000000008156                uGUI::TextboxSetFont(uGUI::WINDOW*, unsigned char, uGUI::FONT const*)
 .text._ZN4uGUI16TextboxSetHSpaceEPNS_6WINDOWEha
                0x00000000000081ac       0x5c /home/student/git/workspace_mct/YAHAL/libYAHAL_msp432.a(uGUI.cpp.o)
                0x00000000000081ac                uGUI::TextboxSetHSpace(uGUI::WINDOW*, unsigned char, signed char)
 .text._ZN4uGUI16TextboxSetVSpaceEPNS_6WINDOWEha
                0x0000000000008208       0x5c /home/student/git/workspace_mct/YAHAL/libYAHAL_msp432.a(uGUI.cpp.o)
                0x0000000000008208                uGUI::TextboxSetVSpace(uGUI::WINDOW*, unsigned char, signed char)
 .text._ZN4uGUI19TextboxSetAlignmentEPNS_6WINDOWEhh
                0x0000000000008264       0x5c /home/student/git/workspace_mct/YAHAL/libYAHAL_msp432.a(uGUI.cpp.o)
                0x0000000000008264                uGUI::TextboxSetAlignment(uGUI::WINDOW*, unsigned char, unsigned char)
 .text._ZN4uGUI19TextboxGetForeColorEPNS_6WINDOWEh
                0x00000000000082c0       0x44 /home/student/git/workspace_mct/YAHAL/libYAHAL_msp432.a(uGUI.cpp.o)
                0x00000000000082c0                uGUI::TextboxGetForeColor(uGUI::WINDOW*, unsigned char)
 .text._ZN4uGUI19TextboxGetBackColorEPNS_6WINDOWEh
                0x0000000000008304       0x44 /home/student/git/workspace_mct/YAHAL/libYAHAL_msp432.a(uGUI.cpp.o)
                0x0000000000008304                uGUI::TextboxGetBackColor(uGUI::WINDOW*, unsigned char)
 .text._ZN4uGUI14TextboxGetTextEPNS_6WINDOWEh
                0x0000000000008348       0x44 /home/student/git/workspace_mct/YAHAL/libYAHAL_msp432.a(uGUI.cpp.o)
                0x0000000000008348                uGUI::TextboxGetText(uGUI::WINDOW*, unsigned char)
 .text._ZN4uGUI14TextboxGetFontEPNS_6WINDOWEh
                0x000000000000838c       0x44 /home/student/git/workspace_mct/YAHAL/libYAHAL_msp432.a(uGUI.cpp.o)
                0x000000000000838c                uGUI::TextboxGetFont(uGUI::WINDOW*, unsigned char)
 .text._ZN4uGUI16TextboxGetHSpaceEPNS_6WINDOWEh
                0x00000000000083d0       0x46 /home/student/git/workspace_mct/YAHAL/libYAHAL_msp432.a(uGUI.cpp.o)
                0x00000000000083d0                uGUI::TextboxGetHSpace(uGUI::WINDOW*, unsigned char)
 .text._ZN4uGUI16TextboxGetVSpaceEPNS_6WINDOWEh
                0x0000000000008416       0x46 /home/student/git/workspace_mct/YAHAL/libYAHAL_msp432.a(uGUI.cpp.o)
                0x0000000000008416                uGUI::TextboxGetVSpace(uGUI::WINDOW*, unsigned char)
 .text._ZN4uGUI19TextboxGetAlignmentEPNS_6WINDOWEh
                0x000000000000845c       0x44 /home/student/git/workspace_mct/YAHAL/libYAHAL_msp432.a(uGUI.cpp.o)
                0x000000000000845c                uGUI::TextboxGetAlignment(uGUI::WINDOW*, unsigned char)
 .text._ZN4uGUI14_TextboxUpdateEPS_PNS_6WINDOWEPNS_6OBJECTE
                0x00000000000084a0      0x1a8 /home/student/git/workspace_mct/YAHAL/libYAHAL_msp432.a(uGUI.cpp.o)
                0x00000000000084a0                uGUI::_TextboxUpdate(uGUI*, uGUI::WINDOW*, uGUI::OBJECT*)
 .text._ZN4uGUI11ImageCreateEPNS_6WINDOWEPNS_5IMAGEEhssss
                0x0000000000008648       0xb8 /home/student/git/workspace_mct/YAHAL/libYAHAL_msp432.a(uGUI.cpp.o)
                0x0000000000008648                uGUI::ImageCreate(uGUI::WINDOW*, uGUI::IMAGE*, unsigned char, short, short, short, short)
 .text._ZN4uGUI11ImageDeleteEPNS_6WINDOWEh
                0x0000000000008700       0x24 /home/student/git/workspace_mct/YAHAL/libYAHAL_msp432.a(uGUI.cpp.o)
                0x0000000000008700                uGUI::ImageDelete(uGUI::WINDOW*, unsigned char)
 .text._ZN4uGUI9ImageShowEPNS_6WINDOWEh
                0x0000000000008724       0x52 /home/student/git/workspace_mct/YAHAL/libYAHAL_msp432.a(uGUI.cpp.o)
                0x0000000000008724                uGUI::ImageShow(uGUI::WINDOW*, unsigned char)
 .text._ZN4uGUI9ImageHideEPNS_6WINDOWEh
                0x0000000000008776       0x52 /home/student/git/workspace_mct/YAHAL/libYAHAL_msp432.a(uGUI.cpp.o)
                0x0000000000008776                uGUI::ImageHide(uGUI::WINDOW*, unsigned char)
 .text._ZN4uGUI11ImageSetBMPEPNS_6WINDOWEhPKNS_3BMPE
                0x00000000000087c8       0x5c /home/student/git/workspace_mct/YAHAL/libYAHAL_msp432.a(uGUI.cpp.o)
                0x00000000000087c8                uGUI::ImageSetBMP(uGUI::WINDOW*, unsigned char, uGUI::BMP const*)
 .text._ZN4uGUI12_ImageUpdateEPS_PNS_6WINDOWEPNS_6OBJECTE
                0x0000000000008824      0x15c /home/student/git/workspace_mct/YAHAL/libYAHAL_msp432.a(uGUI.cpp.o)
                0x0000000000008824                uGUI::_ImageUpdate(uGUI*, uGUI::WINDOW*, uGUI::OBJECT*)
 .text.__aeabi_atexit
                0x0000000000008980        0xa /opt/ti/ccsv7/tools/compiler/gcc-arm-none-eabi-6-2017-q1-update/bin/../lib/gcc/arm-none-eabi/6.3.1/../../../../arm-none-eabi/lib/thumb/v7e-m/fpv4-sp/hard/libc_nano.a(lib_a-aeabi_atexit.o)
                0x0000000000008980                __aeabi_atexit
 *fill*         0x000000000000898a        0x2 
 .text.__cxa_atexit
                0x000000000000898c       0x1c /opt/ti/ccsv7/tools/compiler/gcc-arm-none-eabi-6-2017-q1-update/bin/../lib/gcc/arm-none-eabi/6.3.1/../../../../arm-none-eabi/lib/thumb/v7e-m/fpv4-sp/hard/libc_nano.a(lib_a-cxa_atexit.o)
                0x000000000000898c                __cxa_atexit
 .text.exit     0x00000000000089a8       0x28 /opt/ti/ccsv7/tools/compiler/gcc-arm-none-eabi-6-2017-q1-update/bin/../lib/gcc/arm-none-eabi/6.3.1/../../../../arm-none-eabi/lib/thumb/v7e-m/fpv4-sp/hard/libc_nano.a(lib_a-exit.o)
                0x00000000000089a8                exit
 .text.__libc_init_array
                0x00000000000089d0       0x48 /opt/ti/ccsv7/tools/compiler/gcc-arm-none-eabi-6-2017-q1-update/bin/../lib/gcc/arm-none-eabi/6.3.1/../../../../arm-none-eabi/lib/thumb/v7e-m/fpv4-sp/hard/libc_nano.a(lib_a-init.o)
                0x00000000000089d0                __libc_init_array
 .text.memset   0x0000000000008a18       0x10 /opt/ti/ccsv7/tools/compiler/gcc-arm-none-eabi-6-2017-q1-update/bin/../lib/gcc/arm-none-eabi/6.3.1/../../../../arm-none-eabi/lib/thumb/v7e-m/fpv4-sp/hard/libc_nano.a(lib_a-memset.o)
                0x0000000000008a18                memset
 .text.srand    0x0000000000008a28       0x50 /opt/ti/ccsv7/tools/compiler/gcc-arm-none-eabi-6-2017-q1-update/bin/../lib/gcc/arm-none-eabi/6.3.1/../../../../arm-none-eabi/lib/thumb/v7e-m/fpv4-sp/hard/libc_nano.a(lib_a-rand.o)
                0x0000000000008a28                srand
 .text.rand     0x0000000000008a78       0x74 /opt/ti/ccsv7/tools/compiler/gcc-arm-none-eabi-6-2017-q1-update/bin/../lib/gcc/arm-none-eabi/6.3.1/../../../../arm-none-eabi/lib/thumb/v7e-m/fpv4-sp/hard/libc_nano.a(lib_a-rand.o)
                0x0000000000008a78                rand
 .text.malloc   0x0000000000008aec       0x10 /opt/ti/ccsv7/tools/compiler/gcc-arm-none-eabi-6-2017-q1-update/bin/../lib/gcc/arm-none-eabi/6.3.1/../../../../arm-none-eabi/lib/thumb/v7e-m/fpv4-sp/hard/libc_nano.a(lib_a-malloc.o)
                0x0000000000008aec                malloc
 .text.free     0x0000000000008afc       0x10 /opt/ti/ccsv7/tools/compiler/gcc-arm-none-eabi-6-2017-q1-update/bin/../lib/gcc/arm-none-eabi/6.3.1/../../../../arm-none-eabi/lib/thumb/v7e-m/fpv4-sp/hard/libc_nano.a(lib_a-malloc.o)
                0x0000000000008afc                free
 .text._free_r  0x0000000000008b0c       0x9c /opt/ti/ccsv7/tools/compiler/gcc-arm-none-eabi-6-2017-q1-update/bin/../lib/gcc/arm-none-eabi/6.3.1/../../../../arm-none-eabi/lib/thumb/v7e-m/fpv4-sp/hard/libc_nano.a(lib_a-nano-freer.o)
                0x0000000000008b0c                _free_r
 .text._malloc_r
                0x0000000000008ba8       0xbc /opt/ti/ccsv7/tools/compiler/gcc-arm-none-eabi-6-2017-q1-update/bin/../lib/gcc/arm-none-eabi/6.3.1/../../../../arm-none-eabi/lib/thumb/v7e-m/fpv4-sp/hard/libc_nano.a(lib_a-nano-mallocr.o)
                0x0000000000008ba8                _malloc_r
 .text._sbrk_r  0x0000000000008c64       0x20 /opt/ti/ccsv7/tools/compiler/gcc-arm-none-eabi-6-2017-q1-update/bin/../lib/gcc/arm-none-eabi/6.3.1/../../../../arm-none-eabi/lib/thumb/v7e-m/fpv4-sp/hard/libc_nano.a(lib_a-sbrkr.o)
                0x0000000000008c64                _sbrk_r
 .text.__malloc_lock
                0x0000000000008c84        0x2 /opt/ti/ccsv7/tools/compiler/gcc-arm-none-eabi-6-2017-q1-update/bin/../lib/gcc/arm-none-eabi/6.3.1/../../../../arm-none-eabi/lib/thumb/v7e-m/fpv4-sp/hard/libc_nano.a(lib_a-mlock.o)
                0x0000000000008c84                __malloc_lock
 .text.__malloc_unlock
                0x0000000000008c86        0x2 /opt/ti/ccsv7/tools/compiler/gcc-arm-none-eabi-6-2017-q1-update/bin/../lib/gcc/arm-none-eabi/6.3.1/../../../../arm-none-eabi/lib/thumb/v7e-m/fpv4-sp/hard/libc_nano.a(lib_a-mlock.o)
                0x0000000000008c86                __malloc_unlock
 .text.cleanup_glue
                0x0000000000008c88       0x1a /opt/ti/ccsv7/tools/compiler/gcc-arm-none-eabi-6-2017-q1-update/bin/../lib/gcc/arm-none-eabi/6.3.1/../../../../arm-none-eabi/lib/thumb/v7e-m/fpv4-sp/hard/libc_nano.a(lib_a-reent.o)
                0x0000000000008c88                cleanup_glue
 *fill*         0x0000000000008ca2        0x2 
 .text._reclaim_reent
                0x0000000000008ca4       0xb8 /opt/ti/ccsv7/tools/compiler/gcc-arm-none-eabi-6-2017-q1-update/bin/../lib/gcc/arm-none-eabi/6.3.1/../../../../arm-none-eabi/lib/thumb/v7e-m/fpv4-sp/hard/libc_nano.a(lib_a-reent.o)
                0x0000000000008ca4                _reclaim_reent
 .text._ZNK10__cxxabiv117__class_type_info11__do_upcastEPKS0_PPv
                0x0000000000008d5c       0x34 /opt/ti/ccsv7/tools/compiler/gcc-arm-none-eabi-6-2017-q1-update/bin/../lib/gcc/arm-none-eabi/6.3.1/../../../../arm-none-eabi/lib/thumb/v7e-m/fpv4-sp/hard/libsupc++_nano.a(class_type_info.o)
                0x0000000000008d5c                __cxxabiv1::__class_type_info::__do_upcast(__cxxabiv1::__class_type_info const*, void**) const
 .text._ZNK10__cxxabiv117__class_type_info20__do_find_public_srcEiPKvPKS0_S2_
                0x0000000000008d90        0xc /opt/ti/ccsv7/tools/compiler/gcc-arm-none-eabi-6-2017-q1-update/bin/../lib/gcc/arm-none-eabi/6.3.1/../../../../arm-none-eabi/lib/thumb/v7e-m/fpv4-sp/hard/libsupc++_nano.a(class_type_info.o)
                0x0000000000008d90                __cxxabiv1::__class_type_info::__do_find_public_src(int, void const*, __cxxabiv1::__class_type_info const*, void const*) const
 .text._ZN10__cxxabiv117__class_type_infoD2Ev
                0x0000000000008d9c       0x14 /opt/ti/ccsv7/tools/compiler/gcc-arm-none-eabi-6-2017-q1-update/bin/../lib/gcc/arm-none-eabi/6.3.1/../../../../arm-none-eabi/lib/thumb/v7e-m/fpv4-sp/hard/libsupc++_nano.a(class_type_info.o)
                0x0000000000008d9c                __cxxabiv1::__class_type_info::~__class_type_info()
                0x0000000000008d9c                __cxxabiv1::__class_type_info::~__class_type_info()
 .text._ZN10__cxxabiv117__class_type_infoD0Ev
                0x0000000000008db0       0x14 /opt/ti/ccsv7/tools/compiler/gcc-arm-none-eabi-6-2017-q1-update/bin/../lib/gcc/arm-none-eabi/6.3.1/../../../../arm-none-eabi/lib/thumb/v7e-m/fpv4-sp/hard/libsupc++_nano.a(class_type_info.o)
                0x0000000000008db0                __cxxabiv1::__class_type_info::~__class_type_info()
 .text._ZNK10__cxxabiv117__class_type_info11__do_upcastEPKS0_PKvRNS0_15__upcast_resultE
                0x0000000000008dc4       0x18 /opt/ti/ccsv7/tools/compiler/gcc-arm-none-eabi-6-2017-q1-update/bin/../lib/gcc/arm-none-eabi/6.3.1/../../../../arm-none-eabi/lib/thumb/v7e-m/fpv4-sp/hard/libsupc++_nano.a(class_type_info.o)
                0x0000000000008dc4                __cxxabiv1::__class_type_info::__do_upcast(__cxxabiv1::__class_type_info const*, void const*, __cxxabiv1::__class_type_info::__upcast_result&) const
 .text._ZNK10__cxxabiv117__class_type_info10__do_catchEPKSt9type_infoPPvj
                0x0000000000008ddc       0x2a /opt/ti/ccsv7/tools/compiler/gcc-arm-none-eabi-6-2017-q1-update/bin/../lib/gcc/arm-none-eabi/6.3.1/../../../../arm-none-eabi/lib/thumb/v7e-m/fpv4-sp/hard/libsupc++_nano.a(class_type_info.o)
                0x0000000000008ddc                __cxxabiv1::__class_type_info::__do_catch(std::type_info const*, void**, unsigned int) const
 .text._ZNK10__cxxabiv117__class_type_info12__do_dyncastEiNS0_10__sub_kindEPKS0_PKvS3_S5_RNS0_16__dyncast_resultE
                0x0000000000008e06       0x38 /opt/ti/ccsv7/tools/compiler/gcc-arm-none-eabi-6-2017-q1-update/bin/../lib/gcc/arm-none-eabi/6.3.1/../../../../arm-none-eabi/lib/thumb/v7e-m/fpv4-sp/hard/libsupc++_nano.a(class_type_info.o)
                0x0000000000008e06                __cxxabiv1::__class_type_info::__do_dyncast(int, __cxxabiv1::__class_type_info::__sub_kind, __cxxabiv1::__class_type_info const*, void const*, __cxxabiv1::__class_type_info const*, void const*, __cxxabiv1::__class_type_info::__dyncast_result&) const
 .text._ZdlPv   0x0000000000008e3e        0x4 /opt/ti/ccsv7/tools/compiler/gcc-arm-none-eabi-6-2017-q1-update/bin/../lib/gcc/arm-none-eabi/6.3.1/../../../../arm-none-eabi/lib/thumb/v7e-m/fpv4-sp/hard/libsupc++_nano.a(del_op.o)
                0x0000000000008e3e                operator delete(void*)
 .text._ZdlPvj  0x0000000000008e42        0x4 /opt/ti/ccsv7/tools/compiler/gcc-arm-none-eabi-6-2017-q1-update/bin/../lib/gcc/arm-none-eabi/6.3.1/../../../../arm-none-eabi/lib/thumb/v7e-m/fpv4-sp/hard/libsupc++_nano.a(del_ops.o)
                0x0000000000008e42                operator delete(void*, unsigned int)
 .text.__cxa_end_cleanup
                0x0000000000008e46        0xc /opt/ti/ccsv7/tools/compiler/gcc-arm-none-eabi-6-2017-q1-update/bin/../lib/gcc/arm-none-eabi/6.3.1/../../../../arm-none-eabi/lib/thumb/v7e-m/fpv4-sp/hard/libsupc++_nano.a(eh_arm.o)
                0x0000000000008e46                __cxa_end_cleanup
 .text._ZN10__cxxabiv1L24__is_gxx_exception_classEPc
                0x0000000000008e52       0x3a /opt/ti/ccsv7/tools/compiler/gcc-arm-none-eabi-6-2017-q1-update/bin/../lib/gcc/arm-none-eabi/6.3.1/../../../../arm-none-eabi/lib/thumb/v7e-m/fpv4-sp/hard/libsupc++_nano.a(eh_arm.o)
 .text.__cxa_type_match
                0x0000000000008e8c       0xbc /opt/ti/ccsv7/tools/compiler/gcc-arm-none-eabi-6-2017-q1-update/bin/../lib/gcc/arm-none-eabi/6.3.1/../../../../arm-none-eabi/lib/thumb/v7e-m/fpv4-sp/hard/libsupc++_nano.a(eh_arm.o)
                0x0000000000008e8c                __cxa_type_match
 .text.__cxa_begin_cleanup
                0x0000000000008f48       0x3a /opt/ti/ccsv7/tools/compiler/gcc-arm-none-eabi-6-2017-q1-update/bin/../lib/gcc/arm-none-eabi/6.3.1/../../../../arm-none-eabi/lib/thumb/v7e-m/fpv4-sp/hard/libsupc++_nano.a(eh_arm.o)
                0x0000000000008f48                __cxa_begin_cleanup
 .text.__gnu_end_cleanup
                0x0000000000008f82       0x32 /opt/ti/ccsv7/tools/compiler/gcc-arm-none-eabi-6-2017-q1-update/bin/../lib/gcc/arm-none-eabi/6.3.1/../../../../arm-none-eabi/lib/thumb/v7e-m/fpv4-sp/hard/libsupc++_nano.a(eh_arm.o)
                0x0000000000008f82                __gnu_end_cleanup
 .text._ZNSt9exceptionD2Ev
                0x0000000000008fb4        0x2 /opt/ti/ccsv7/tools/compiler/gcc-arm-none-eabi-6-2017-q1-update/bin/../lib/gcc/arm-none-eabi/6.3.1/../../../../arm-none-eabi/lib/thumb/v7e-m/fpv4-sp/hard/libsupc++_nano.a(eh_exception.o)
                0x0000000000008fb4                std::exception::~exception()
                0x0000000000008fb4                std::exception::~exception()
 .text._ZNSt13bad_exceptionD2Ev
                0x0000000000008fb6        0x2 /opt/ti/ccsv7/tools/compiler/gcc-arm-none-eabi-6-2017-q1-update/bin/../lib/gcc/arm-none-eabi/6.3.1/../../../../arm-none-eabi/lib/thumb/v7e-m/fpv4-sp/hard/libsupc++_nano.a(eh_exception.o)
                0x0000000000008fb6                std::bad_exception::~bad_exception()
                0x0000000000008fb6                std::bad_exception::~bad_exception()
 .text._ZGTtNKSt9exception4whatEv
                0x0000000000008fb8        0x8 /opt/ti/ccsv7/tools/compiler/gcc-arm-none-eabi-6-2017-q1-update/bin/../lib/gcc/arm-none-eabi/6.3.1/../../../../arm-none-eabi/lib/thumb/v7e-m/fpv4-sp/hard/libsupc++_nano.a(eh_exception.o)
                0x0000000000008fb8                transaction clone for std::exception::what() const
                0x0000000000008fb8                std::exception::what() const
 .text._ZGTtNKSt13bad_exception4whatEv
                0x0000000000008fc0        0x8 /opt/ti/ccsv7/tools/compiler/gcc-arm-none-eabi-6-2017-q1-update/bin/../lib/gcc/arm-none-eabi/6.3.1/../../../../arm-none-eabi/lib/thumb/v7e-m/fpv4-sp/hard/libsupc++_nano.a(eh_exception.o)
                0x0000000000008fc0                transaction clone for std::bad_exception::what() const
                0x0000000000008fc0                std::bad_exception::what() const
 .text._ZNSt9exceptionD0Ev
                0x0000000000008fc8        0xe /opt/ti/ccsv7/tools/compiler/gcc-arm-none-eabi-6-2017-q1-update/bin/../lib/gcc/arm-none-eabi/6.3.1/../../../../arm-none-eabi/lib/thumb/v7e-m/fpv4-sp/hard/libsupc++_nano.a(eh_exception.o)
                0x0000000000008fc8                std::exception::~exception()
 .text._ZNSt13bad_exceptionD0Ev
                0x0000000000008fd6        0xe /opt/ti/ccsv7/tools/compiler/gcc-arm-none-eabi-6-2017-q1-update/bin/../lib/gcc/arm-none-eabi/6.3.1/../../../../arm-none-eabi/lib/thumb/v7e-m/fpv4-sp/hard/libsupc++_nano.a(eh_exception.o)